Component: ARM Compiler 6.14.1 Tool: armlink [5db06d00]

==============================================================================

Section Cross References

    main.o(.text.main) refers to pit.o(.text.PIT_Init_Generator) for PIT_Init_Generator
    main.o(.text.main) refers to hc_sr04.o(.text.TPM1_Init_InputCapture) for TPM1_Init_InputCapture
    main.o(.text.main) refers to hc_sr04.o(.text.TRIG_GPIO_Init) for TRIG_GPIO_Init
    main.o(.text.main) refers to speaker.o(.text.TPM0_Init_PCM) for TPM0_Init_PCM
    main.o(.text.main) refers to nokia5110.o(.text.InitSPI) for InitSPI
    main.o(.text.main) refers to nokia5110.o(.text.lcd_setup) for lcd_setup
    main.o(.text.main) refers to nokia5110.o(.text.lcd_draw_bitmap) for lcd_draw_bitmap
    main.o(.text.main) refers to nokia5110.o(.text.lcd_copy) for lcd_copy
    main.o(.text.main) refers to delay.o(.text.delay_ms) for delay_ms
    main.o(.text.main) refers to nokia5110.o(.text.lcd_clear) for lcd_clear
    main.o(.text.main) refers to hc_sr04.o(.text.TRIG_inpulse) for TRIG_inpulse
    main.o(.text.main) refers to nokia5110.o(.text.lcd_update) for lcd_update
    main.o(.text.main) refers to hc_sr04.o(.text.TPM1_GetVal) for TPM1_GetVal
    main.o(.text.main) refers to speaker.o(.text.change_wave_period) for change_wave_period
    main.o(.text.main) refers to bitmap.o(.rodata.logo) for logo
    main.o(.ARM.exidx.text.main) refers to main.o(.text.main) for [Anonymous Symbol]
    pit.o(.text.PIT_Init_Generator) refers to pit.o(.text.__NVIC_SetPriority) for __NVIC_SetPriority
    pit.o(.text.PIT_Init_Generator) refers to pit.o(.text.__NVIC_ClearPendingIRQ) for __NVIC_ClearPendingIRQ
    pit.o(.text.PIT_Init_Generator) refers to pit.o(.text.__NVIC_EnableIRQ) for __NVIC_EnableIRQ
    pit.o(.text.PIT_Init_Generator) refers to pit.o(.bss.pitEnabled) for [Anonymous Symbol]
    pit.o(.ARM.exidx.text.PIT_Init_Generator) refers to pit.o(.text.PIT_Init_Generator) for [Anonymous Symbol]
    pit.o(.ARM.exidx.text.__NVIC_SetPriority) refers to pit.o(.text.__NVIC_SetPriority) for [Anonymous Symbol]
    pit.o(.ARM.exidx.text.__NVIC_ClearPendingIRQ) refers to pit.o(.text.__NVIC_ClearPendingIRQ) for [Anonymous Symbol]
    pit.o(.ARM.exidx.text.__NVIC_EnableIRQ) refers to pit.o(.text.__NVIC_EnableIRQ) for [Anonymous Symbol]
    pit.o(.text.PIT_SetTSV) refers to pit.o(.bss.pitEnabled) for [Anonymous Symbol]
    pit.o(.ARM.exidx.text.PIT_SetTSV) refers to pit.o(.text.PIT_SetTSV) for [Anonymous Symbol]
    pit.o(.ARM.exidx.text.PIT_IRQHandler) refers to pit.o(.text.PIT_IRQHandler) for [Anonymous Symbol]
    hc_sr04.o(.text.TPM1_Init_InputCapture) refers to hc_sr04.o(.text.__NVIC_SetPriority) for __NVIC_SetPriority
    hc_sr04.o(.text.TPM1_Init_InputCapture) refers to hc_sr04.o(.text.__NVIC_ClearPendingIRQ) for __NVIC_ClearPendingIRQ
    hc_sr04.o(.text.TPM1_Init_InputCapture) refers to hc_sr04.o(.text.__NVIC_EnableIRQ) for __NVIC_EnableIRQ
    hc_sr04.o(.ARM.exidx.text.TPM1_Init_InputCapture) refers to hc_sr04.o(.text.TPM1_Init_InputCapture) for [Anonymous Symbol]
    hc_sr04.o(.ARM.exidx.text.__NVIC_SetPriority) refers to hc_sr04.o(.text.__NVIC_SetPriority) for [Anonymous Symbol]
    hc_sr04.o(.ARM.exidx.text.__NVIC_ClearPendingIRQ) refers to hc_sr04.o(.text.__NVIC_ClearPendingIRQ) for [Anonymous Symbol]
    hc_sr04.o(.ARM.exidx.text.__NVIC_EnableIRQ) refers to hc_sr04.o(.text.__NVIC_EnableIRQ) for [Anonymous Symbol]
    hc_sr04.o(.text.TPM1_GetVal) refers to aeabi_sdivfast.o(.text_divfast) for __aeabi_uidiv
    hc_sr04.o(.text.TPM1_GetVal) refers to hc_sr04.o(.bss.tpm0Diff) for [Anonymous Symbol]
    hc_sr04.o(.ARM.exidx.text.TPM1_GetVal) refers to hc_sr04.o(.text.TPM1_GetVal) for [Anonymous Symbol]
    hc_sr04.o(.text.TPM1_IRQHandler) refers to hc_sr04.o(.bss.tpm0New) for [Anonymous Symbol]
    hc_sr04.o(.text.TPM1_IRQHandler) refers to hc_sr04.o(.bss.tpm0Diff) for [Anonymous Symbol]
    hc_sr04.o(.ARM.exidx.text.TPM1_IRQHandler) refers to hc_sr04.o(.text.TPM1_IRQHandler) for [Anonymous Symbol]
    hc_sr04.o(.ARM.exidx.text.TRIG_GPIO_Init) refers to hc_sr04.o(.text.TRIG_GPIO_Init) for [Anonymous Symbol]
    hc_sr04.o(.text.TRIG_inpulse) refers to delay_us.o(.text.delay_us) for delay_us
    hc_sr04.o(.ARM.exidx.text.TRIG_inpulse) refers to hc_sr04.o(.text.TRIG_inpulse) for [Anonymous Symbol]
    nokia5110.o(.ARM.exidx.text.InitSPI) refers to nokia5110.o(.text.InitSPI) for [Anonymous Symbol]
    nokia5110.o(.text.lcd_reset) refers to delay.o(.text.delay_ms) for delay_ms
    nokia5110.o(.ARM.exidx.text.lcd_reset) refers to nokia5110.o(.text.lcd_reset) for [Anonymous Symbol]
    nokia5110.o(.ARM.exidx.text.spi_send) refers to nokia5110.o(.text.spi_send) for [Anonymous Symbol]
    nokia5110.o(.text.lcd_cmd) refers to nokia5110.o(.text.spi_send) for spi_send
    nokia5110.o(.ARM.exidx.text.lcd_cmd) refers to nokia5110.o(.text.lcd_cmd) for [Anonymous Symbol]
    nokia5110.o(.text.lcd_data) refers to nokia5110.o(.text.spi_send) for spi_send
    nokia5110.o(.ARM.exidx.text.lcd_data) refers to nokia5110.o(.text.lcd_data) for [Anonymous Symbol]
    nokia5110.o(.text.lcd_setup) refers to nokia5110.o(.text.lcd_reset) for lcd_reset
    nokia5110.o(.text.lcd_setup) refers to nokia5110.o(.text.lcd_cmd) for lcd_cmd
    nokia5110.o(.ARM.exidx.text.lcd_setup) refers to nokia5110.o(.text.lcd_setup) for [Anonymous Symbol]
    nokia5110.o(.text.lcd_clear) refers to rt_memclr.o(.text) for __aeabi_memclr4
    nokia5110.o(.text.lcd_clear) refers to nokia5110.o(.bss.lcd_buffer) for [Anonymous Symbol]
    nokia5110.o(.ARM.exidx.text.lcd_clear) refers to nokia5110.o(.text.lcd_clear) for [Anonymous Symbol]
    nokia5110.o(.text.lcd_draw_bitmap) refers to rt_memcpy.o(.text) for __aeabi_memcpy
    nokia5110.o(.text.lcd_draw_bitmap) refers to nokia5110.o(.bss.lcd_buffer) for [Anonymous Symbol]
    nokia5110.o(.ARM.exidx.text.lcd_draw_bitmap) refers to nokia5110.o(.text.lcd_draw_bitmap) for [Anonymous Symbol]
    nokia5110.o(.text.lcd_draw_text) refers to nokia5110.o(.bss.lcd_buffer) for [Anonymous Symbol]
    nokia5110.o(.text.lcd_draw_text) refers to font.o(.rodata.font_ASCII) for font_ASCII
    nokia5110.o(.ARM.exidx.text.lcd_draw_text) refers to nokia5110.o(.text.lcd_draw_text) for [Anonymous Symbol]
    nokia5110.o(.text.lcd_copy) refers to nokia5110.o(.text.spi_send) for spi_send
    nokia5110.o(.text.lcd_copy) refers to nokia5110.o(.bss.lcd_buffer) for [Anonymous Symbol]
    nokia5110.o(.ARM.exidx.text.lcd_copy) refers to nokia5110.o(.text.lcd_copy) for [Anonymous Symbol]
    nokia5110.o(.text.itoa) refers to aeabi_sdivfast.o(.text_divfast) for __aeabi_idiv
    nokia5110.o(.ARM.exidx.text.itoa) refers to nokia5110.o(.text.itoa) for [Anonymous Symbol]
    nokia5110.o(.text.lcd_update) refers to hc_sr04.o(.text.TPM1_GetVal) for TPM1_GetVal
    nokia5110.o(.text.lcd_update) refers to nokia5110.o(.text.itoa) for itoa
    nokia5110.o(.text.lcd_update) refers to nokia5110.o(.text.lcd_clear) for lcd_clear
    nokia5110.o(.text.lcd_update) refers to nokia5110.o(.text.lcd_draw_text) for lcd_draw_text
    nokia5110.o(.text.lcd_update) refers to nokia5110.o(.text.lcd_copy) for lcd_copy
    nokia5110.o(.text.lcd_update) refers to nokia5110.o(.bss.str) for [Anonymous Symbol]
    nokia5110.o(.ARM.exidx.text.lcd_update) refers to nokia5110.o(.text.lcd_update) for [Anonymous Symbol]
    speaker.o(.text.TPM0_Init_PCM) refers to speaker.o(.text.__NVIC_SetPriority) for __NVIC_SetPriority
    speaker.o(.text.TPM0_Init_PCM) refers to speaker.o(.text.__NVIC_ClearPendingIRQ) for __NVIC_ClearPendingIRQ
    speaker.o(.text.TPM0_Init_PCM) refers to speaker.o(.text.__NVIC_EnableIRQ) for __NVIC_EnableIRQ
    speaker.o(.ARM.exidx.text.TPM0_Init_PCM) refers to speaker.o(.text.TPM0_Init_PCM) for [Anonymous Symbol]
    speaker.o(.ARM.exidx.text.__NVIC_SetPriority) refers to speaker.o(.text.__NVIC_SetPriority) for [Anonymous Symbol]
    speaker.o(.ARM.exidx.text.__NVIC_ClearPendingIRQ) refers to speaker.o(.text.__NVIC_ClearPendingIRQ) for [Anonymous Symbol]
    speaker.o(.ARM.exidx.text.__NVIC_EnableIRQ) refers to speaker.o(.text.__NVIC_EnableIRQ) for [Anonymous Symbol]
    speaker.o(.text.TPM0_PCM_Play) refers to speaker.o(.bss.sampleCNT) for [Anonymous Symbol]
    speaker.o(.ARM.exidx.text.TPM0_PCM_Play) refers to speaker.o(.text.TPM0_PCM_Play) for [Anonymous Symbol]
    speaker.o(.text.change_wave_period) refers to speaker.o(.bss.wave_period) for [Anonymous Symbol]
    speaker.o(.ARM.exidx.text.change_wave_period) refers to speaker.o(.text.change_wave_period) for [Anonymous Symbol]
    speaker.o(.text.TPM0_IRQHandler) refers to speaker.o(.bss.upSampleCNT) for [Anonymous Symbol]
    speaker.o(.text.TPM0_IRQHandler) refers to speaker.o(.bss.sampleCNT) for [Anonymous Symbol]
    speaker.o(.text.TPM0_IRQHandler) refers to speaker.o(.rodata.music) for [Anonymous Symbol]
    speaker.o(.text.TPM0_IRQHandler) refers to speaker.o(.bss.wait_counter) for [Anonymous Symbol]
    speaker.o(.text.TPM0_IRQHandler) refers to speaker.o(.bss.wave_period) for [Anonymous Symbol]
    speaker.o(.ARM.exidx.text.TPM0_IRQHandler) refers to speaker.o(.text.TPM0_IRQHandler) for [Anonymous Symbol]
    delay.o(.ARM.exidx.text.delay_ms) refers to delay.o(.text.delay_ms) for [Anonymous Symbol]
    delay_us.o(.ARM.exidx.text.delay_us) refers to delay_us.o(.text.delay_us) for [Anonymous Symbol]
    startup_mkl05z4.o(STACK) refers (Special) to heapauxi.o(.text) for __use_two_region_memory
    startup_mkl05z4.o(HEAP) refers (Special) to heapauxi.o(.text) for __use_two_region_memory
    startup_mkl05z4.o(RESET) refers (Special) to heapauxi.o(.text) for __use_two_region_memory
    startup_mkl05z4.o(RESET) refers to startup_mkl05z4.o(STACK) for __initial_sp
    startup_mkl05z4.o(RESET) refers to startup_mkl05z4.o(.text) for Reset_Handler
    startup_mkl05z4.o(RESET) refers to speaker.o(.text.TPM0_IRQHandler) for TPM0_IRQHandler
    startup_mkl05z4.o(RESET) refers to hc_sr04.o(.text.TPM1_IRQHandler) for TPM1_IRQHandler
    startup_mkl05z4.o(RESET) refers to pit.o(.text.PIT_IRQHandler) for PIT_IRQHandler
    startup_mkl05z4.o(.ARM.__at_0x400) refers (Special) to heapauxi.o(.text) for __use_two_region_memory
    startup_mkl05z4.o(.text) refers (Special) to heapauxi.o(.text) for __use_two_region_memory
    startup_mkl05z4.o(.text) refers to system_mkl05z4.o(.text.SystemInit) for SystemInit
    startup_mkl05z4.o(.text) refers to __main.o(!!!main) for __main
    startup_mkl05z4.o(.text) refers to startup_mkl05z4.o(HEAP) for Heap_Mem
    startup_mkl05z4.o(.text) refers to startup_mkl05z4.o(STACK) for Stack_Mem
    system_mkl05z4.o(.ARM.exidx.text.SystemInit) refers to system_mkl05z4.o(.text.SystemInit) for [Anonymous Symbol]
    system_mkl05z4.o(.text.SystemCoreClockUpdate) refers to aeabi_sdivfast.o(.text_divfast) for __aeabi_uidiv
    system_mkl05z4.o(.text.SystemCoreClockUpdate) refers to system_mkl05z4.o(.data.SystemCoreClock) for SystemCoreClock
    system_mkl05z4.o(.ARM.exidx.text.SystemCoreClockUpdate) refers to system_mkl05z4.o(.text.SystemCoreClockUpdate) for [Anonymous Symbol]
    rt_memcpy.o(.text) refers to rt_memcpy.o(.emb_text) for __aeabi_memcpy4
    __main.o(!!!main) refers to __rtentry.o(.ARM.Collect$$rtentry$$00000000) for __rt_entry
    __rtentry.o(.ARM.Collect$$rtentry$$00000000) refers (Special) to __rtentry2.o(.ARM.Collect$$rtentry$$0000000A) for __rt_entry_li
    __rtentry.o(.ARM.Collect$$rtentry$$00000000) refers (Special) to __rtentry2.o(.ARM.Collect$$rtentry$$0000000D) for __rt_entry_main
    __rtentry.o(.ARM.Collect$$rtentry$$00000000) refers (Special) to __rtentry2.o(.ARM.Collect$$rtentry$$0000000C) for __rt_entry_postli_1
    __rtentry.o(.ARM.Collect$$rtentry$$00000000) refers (Special) to __rtentry2.o(.ARM.Collect$$rtentry$$00000009) for __rt_entry_postsh_1
    __rtentry.o(.ARM.Collect$$rtentry$$00000000) refers (Special) to __rtentry2.o(.ARM.Collect$$rtentry$$00000002) for __rt_entry_presh_1
    __rtentry.o(.ARM.Collect$$rtentry$$00000000) refers (Special) to __rtentry4.o(.ARM.Collect$$rtentry$$00000004) for __rt_entry_sh
    aeabi_idiv0_sigfpe.o(.text) refers to rt_div0.o(.text) for __rt_div0
    __rtentry2.o(.ARM.Collect$$rtentry$$00000008) refers to boardinit2.o(.text) for _platform_post_stackheap_init
    __rtentry2.o(.ARM.Collect$$rtentry$$0000000A) refers to libinit.o(.ARM.Collect$$libinit$$00000000) for __rt_lib_init
    __rtentry2.o(.ARM.Collect$$rtentry$$0000000B) refers to boardinit3.o(.text) for _platform_post_lib_init
    __rtentry2.o(.ARM.Collect$$rtentry$$0000000D) refers to main.o(.text.main) for main
    __rtentry2.o(.ARM.Collect$$rtentry$$0000000D) refers to exit.o(.text) for exit
    __rtentry2.o(.ARM.exidx) refers to __rtentry2.o(.ARM.Collect$$rtentry$$00000001) for .ARM.Collect$$rtentry$$00000001
    __rtentry2.o(.ARM.exidx) refers to __rtentry2.o(.ARM.Collect$$rtentry$$00000008) for .ARM.Collect$$rtentry$$00000008
    __rtentry2.o(.ARM.exidx) refers to __rtentry2.o(.ARM.Collect$$rtentry$$0000000A) for .ARM.Collect$$rtentry$$0000000A
    __rtentry2.o(.ARM.exidx) refers to __rtentry2.o(.ARM.Collect$$rtentry$$0000000B) for .ARM.Collect$$rtentry$$0000000B
    __rtentry2.o(.ARM.exidx) refers to __rtentry2.o(.ARM.Collect$$rtentry$$0000000D) for .ARM.Collect$$rtentry$$0000000D
    __rtentry4.o(.ARM.Collect$$rtentry$$00000004) refers to sys_stackheap_outer.o(.text) for __user_setup_stackheap
    __rtentry4.o(.ARM.exidx) refers to __rtentry4.o(.ARM.Collect$$rtentry$$00000004) for .ARM.Collect$$rtentry$$00000004
    rt_div0.o(.text) refers to defsig_fpe_outer.o(.text) for __rt_SIGFPE
    sys_stackheap_outer.o(.text) refers to libspace.o(.text) for __user_perproc_libspace
    sys_stackheap_outer.o(.text) refers to startup_mkl05z4.o(.text) for __user_initial_stackheap
    sys_stackheap_outer.o(__vectab_stack_and_reset_area) refers to tempstk.o(.text) for __temporary_stack_top
    sys_stackheap_outer.o(__vectab_stack_and_reset_area) refers to __main.o(!!!main) for __main
    exit.o(.text) refers to rtexit.o(.ARM.Collect$$rtexit$$00000000) for __rt_exit
    defsig_fpe_outer.o(.text) refers to defsig_fpe_inner.o(.text) for __rt_SIGFPE_inner
    defsig_fpe_outer.o(.text) refers to defsig_exit.o(.text) for __sig_exit
    defsig_fpe_formal.o(.text) refers to rt_raise.o(.text) for __rt_raise
    libinit.o(.ARM.Collect$$libinit$$00000000) refers (Special) to libinit2.o(.ARM.Collect$$libinit$$0000002E) for __rt_lib_init_alloca_1
    libinit.o(.ARM.Collect$$libinit$$00000000) refers (Special) to libinit2.o(.ARM.Collect$$libinit$$0000002C) for __rt_lib_init_argv_1
    libinit.o(.ARM.Collect$$libinit$$00000000) refers (Special) to libinit2.o(.ARM.Collect$$libinit$$0000001B) for __rt_lib_init_atexit_1
    libinit.o(.ARM.Collect$$libinit$$00000000) refers (Special) to libinit2.o(.ARM.Collect$$libinit$$00000021) for __rt_lib_init_clock_1
    libinit.o(.ARM.Collect$$libinit$$00000000) refers (Special) to libinit2.o(.ARM.Collect$$libinit$$00000032) for __rt_lib_init_cpp_1
    libinit.o(.ARM.Collect$$libinit$$00000000) refers (Special) to libinit2.o(.ARM.Collect$$libinit$$00000030) for __rt_lib_init_exceptions_1
    libinit.o(.ARM.Collect$$libinit$$00000000) refers (Special) to libinit2.o(.ARM.Collect$$libinit$$00000002) for __rt_lib_init_fp_1
    libinit.o(.ARM.Collect$$libinit$$00000000) refers (Special) to libinit2.o(.ARM.Collect$$libinit$$0000001F) for __rt_lib_init_fp_trap_1
    libinit.o(.ARM.Collect$$libinit$$00000000) refers (Special) to libinit2.o(.ARM.Collect$$libinit$$00000023) for __rt_lib_init_getenv_1
    libinit.o(.ARM.Collect$$libinit$$00000000) refers (Special) to libinit2.o(.ARM.Collect$$libinit$$0000000A) for __rt_lib_init_heap_1
    libinit.o(.ARM.Collect$$libinit$$00000000) refers (Special) to libinit2.o(.ARM.Collect$$libinit$$00000011) for __rt_lib_init_lc_collate_1
    libinit.o(.ARM.Collect$$libinit$$00000000) refers (Special) to libinit2.o(.ARM.Collect$$libinit$$00000013) for __rt_lib_init_lc_ctype_1
    libinit.o(.ARM.Collect$$libinit$$00000000) refers (Special) to libinit2.o(.ARM.Collect$$libinit$$00000015) for __rt_lib_init_lc_monetary_1
    libinit.o(.ARM.Collect$$libinit$$00000000) refers (Special) to libinit2.o(.ARM.Collect$$libinit$$00000017) for __rt_lib_init_lc_numeric_1
    libinit.o(.ARM.Collect$$libinit$$00000000) refers (Special) to libinit2.o(.ARM.Collect$$libinit$$00000019) for __rt_lib_init_lc_time_1
    libinit.o(.ARM.Collect$$libinit$$00000000) refers (Special) to libinit2.o(.ARM.Collect$$libinit$$00000004) for __rt_lib_init_preinit_1
    libinit.o(.ARM.Collect$$libinit$$00000000) refers (Special) to libinit2.o(.ARM.Collect$$libinit$$0000000E) for __rt_lib_init_rand_1
    libinit.o(.ARM.Collect$$libinit$$00000000) refers (Special) to libinit2.o(.ARM.Collect$$libinit$$00000033) for __rt_lib_init_return
    libinit.o(.ARM.Collect$$libinit$$00000000) refers (Special) to libinit2.o(.ARM.Collect$$libinit$$0000001D) for __rt_lib_init_signal_1
    libinit.o(.ARM.Collect$$libinit$$00000000) refers (Special) to libinit2.o(.ARM.Collect$$libinit$$00000025) for __rt_lib_init_stdio_1
    libinit.o(.ARM.Collect$$libinit$$00000000) refers (Special) to libinit2.o(.ARM.Collect$$libinit$$0000000C) for __rt_lib_init_user_alloc_1
    libspace.o(.text) refers to libspace.o(.bss) for __libspace_start
    rtexit.o(.ARM.Collect$$rtexit$$00000000) refers (Special) to rtexit2.o(.ARM.Collect$$rtexit$$00000004) for __rt_exit_exit
    rtexit.o(.ARM.Collect$$rtexit$$00000000) refers (Special) to rtexit2.o(.ARM.Collect$$rtexit$$00000003) for __rt_exit_ls
    rtexit.o(.ARM.Collect$$rtexit$$00000000) refers (Special) to rtexit2.o(.ARM.Collect$$rtexit$$00000002) for __rt_exit_prels_1
    rtexit.o(.ARM.exidx) refers (Special) to rtexit2.o(.ARM.Collect$$rtexit$$00000004) for __rt_exit_exit
    rtexit.o(.ARM.exidx) refers (Special) to rtexit2.o(.ARM.Collect$$rtexit$$00000003) for __rt_exit_ls
    rtexit.o(.ARM.exidx) refers (Special) to rtexit2.o(.ARM.Collect$$rtexit$$00000002) for __rt_exit_prels_1
    rtexit.o(.ARM.exidx) refers to rtexit.o(.ARM.Collect$$rtexit$$00000000) for .ARM.Collect$$rtexit$$00000000
    rt_raise.o(.text) refers to __raise.o(.text) for __raise
    rt_raise.o(.text) refers to sys_exit.o(.text) for _sys_exit
    defsig_exit.o(.text) refers to sys_exit.o(.text) for _sys_exit
    defsig_fpe_inner.o(.text) refers to defsig_general.o(.text) for __default_signal_display
    libinit2.o(.ARM.Collect$$libinit$$00000010) refers to libinit2.o(.ARM.Collect$$libinit$$0000000F) for .ARM.Collect$$libinit$$0000000F
    libinit2.o(.ARM.Collect$$libinit$$00000012) refers to libinit2.o(.ARM.Collect$$libinit$$0000000F) for .ARM.Collect$$libinit$$0000000F
    libinit2.o(.ARM.Collect$$libinit$$00000014) refers to libinit2.o(.ARM.Collect$$libinit$$0000000F) for .ARM.Collect$$libinit$$0000000F
    libinit2.o(.ARM.Collect$$libinit$$00000016) refers to libinit2.o(.ARM.Collect$$libinit$$0000000F) for .ARM.Collect$$libinit$$0000000F
    libinit2.o(.ARM.Collect$$libinit$$00000018) refers to libinit2.o(.ARM.Collect$$libinit$$0000000F) for .ARM.Collect$$libinit$$0000000F
    libinit2.o(.ARM.Collect$$libinit$$00000026) refers to argv_veneer.o(.text) for __ARM_argv_veneer
    libinit2.o(.ARM.Collect$$libinit$$00000027) refers to argv_veneer.o(.text) for __ARM_argv_veneer
    sys_exit.o(.text) refers (Special) to use_no_semi.o(.text) for __I$use$semihosting
    sys_exit.o(.text) refers (Special) to indicate_semi.o(.text) for __semihosting_library_function
    sys_exit_hlt.o(.text) refers (Special) to use_no_semi.o(.text) for __I$use$semihosting
    sys_exit_hlt.o(.text) refers (Special) to indicate_semi.o(.text) for __semihosting_library_function
    rtexit2.o(.ARM.Collect$$rtexit$$00000003) refers to libshutdown.o(.ARM.Collect$$libshutdown$$00000000) for __rt_lib_shutdown
    rtexit2.o(.ARM.Collect$$rtexit$$00000004) refers to sys_exit.o(.text) for _sys_exit
    rtexit2.o(.ARM.exidx) refers to rtexit2.o(.ARM.Collect$$rtexit$$00000001) for .ARM.Collect$$rtexit$$00000001
    rtexit2.o(.ARM.exidx) refers to rtexit2.o(.ARM.Collect$$rtexit$$00000003) for .ARM.Collect$$rtexit$$00000003
    rtexit2.o(.ARM.exidx) refers to rtexit2.o(.ARM.Collect$$rtexit$$00000004) for .ARM.Collect$$rtexit$$00000004
    __raise.o(.text) refers to defsig.o(CL$$defsig) for __default_signal_handler
    defsig_general.o(.text) refers to sys_wrch.o(.text) for _ttywrch
    sys_wrch.o(.text) refers (Special) to use_no_semi.o(.text) for __I$use$semihosting
    sys_wrch.o(.text) refers (Special) to indicate_semi.o(.text) for __semihosting_library_function
    sys_wrch_hlt.o(.text) refers (Special) to use_no_semi.o(.text) for __I$use$semihosting
    sys_wrch_hlt.o(.text) refers (Special) to indicate_semi.o(.text) for __semihosting_library_function
    defsig.o(CL$$defsig) refers to defsig_fpe_inner.o(.text) for __rt_SIGFPE_inner
    defsig.o(CL$$defsig) refers to defsig_rtmem_inner.o(.text) for __rt_SIGRTMEM_inner
    _get_argv_nomalloc.o(.text) refers (Special) to hrguard.o(.text) for __heap_region$guard
    _get_argv_nomalloc.o(.text) refers to defsig_rtmem_outer.o(.text) for __rt_SIGRTMEM
    _get_argv_nomalloc.o(.text) refers to sys_command.o(.text) for _sys_command_string
    libshutdown.o(.ARM.Collect$$libshutdown$$00000000) refers (Special) to libshutdown2.o(.ARM.Collect$$libshutdown$$00000002) for __rt_lib_shutdown_cpp_1
    libshutdown.o(.ARM.Collect$$libshutdown$$00000000) refers (Special) to libshutdown2.o(.ARM.Collect$$libshutdown$$00000007) for __rt_lib_shutdown_fp_trap_1
    libshutdown.o(.ARM.Collect$$libshutdown$$00000000) refers (Special) to libshutdown2.o(.ARM.Collect$$libshutdown$$0000000F) for __rt_lib_shutdown_heap_1
    libshutdown.o(.ARM.Collect$$libshutdown$$00000000) refers (Special) to libshutdown2.o(.ARM.Collect$$libshutdown$$00000010) for __rt_lib_shutdown_return
    libshutdown.o(.ARM.Collect$$libshutdown$$00000000) refers (Special) to libshutdown2.o(.ARM.Collect$$libshutdown$$0000000A) for __rt_lib_shutdown_signal_1
    libshutdown.o(.ARM.Collect$$libshutdown$$00000000) refers (Special) to libshutdown2.o(.ARM.Collect$$libshutdown$$00000004) for __rt_lib_shutdown_stdio_1
    libshutdown.o(.ARM.Collect$$libshutdown$$00000000) refers (Special) to libshutdown2.o(.ARM.Collect$$libshutdown$$0000000C) for __rt_lib_shutdown_user_alloc_1
    sys_command.o(.text) refers (Special) to use_no_semi.o(.text) for __I$use$semihosting
    sys_command.o(.text) refers (Special) to indicate_semi.o(.text) for __semihosting_library_function
    sys_command_hlt.o(.text) refers (Special) to use_no_semi.o(.text) for __I$use$semihosting
    sys_command_hlt.o(.text) refers (Special) to indicate_semi.o(.text) for __semihosting_library_function
    defsig_abrt_inner.o(.text) refers to defsig_general.o(.text) for __default_signal_display
    defsig_rtred_inner.o(.text) refers to defsig_general.o(.text) for __default_signal_display
    defsig_rtmem_inner.o(.text) refers to defsig_general.o(.text) for __default_signal_display
    defsig_rtmem_outer.o(.text) refers to defsig_rtmem_inner.o(.text) for __rt_SIGRTMEM_inner
    defsig_rtmem_outer.o(.text) refers to defsig_exit.o(.text) for __sig_exit
    defsig_rtmem_formal.o(.text) refers to rt_raise.o(.text) for __rt_raise
    defsig_stak_inner.o(.text) refers to defsig_general.o(.text) for __default_signal_display
    defsig_pvfn_inner.o(.text) refers to defsig_general.o(.text) for __default_signal_display
    defsig_cppl_inner.o(.text) refers to defsig_general.o(.text) for __default_signal_display
    defsig_segv_inner.o(.text) refers to defsig_general.o(.text) for __default_signal_display
    defsig_other.o(.text) refers to defsig_general.o(.text) for __default_signal_display


==============================================================================

Removing Unused input sections from the image.

    Removing main.o(.text), (0 bytes).
    Removing main.o(.ARM.exidx.text.main), (8 bytes).
    Removing main.o(.ARM.use_no_argv), (4 bytes).
    Removing pit.o(.text), (0 bytes).
    Removing pit.o(.ARM.exidx.text.PIT_Init_Generator), (8 bytes).
    Removing pit.o(.ARM.exidx.text.__NVIC_SetPriority), (8 bytes).
    Removing pit.o(.ARM.exidx.text.__NVIC_ClearPendingIRQ), (8 bytes).
    Removing pit.o(.ARM.exidx.text.__NVIC_EnableIRQ), (8 bytes).
    Removing pit.o(.text.PIT_SetTSV), (32 bytes).
    Removing pit.o(.ARM.exidx.text.PIT_SetTSV), (8 bytes).
    Removing pit.o(.ARM.exidx.text.PIT_IRQHandler), (8 bytes).
    Removing hc_sr04.o(.text), (0 bytes).
    Removing hc_sr04.o(.ARM.exidx.text.TPM1_Init_InputCapture), (8 bytes).
    Removing hc_sr04.o(.ARM.exidx.text.__NVIC_SetPriority), (8 bytes).
    Removing hc_sr04.o(.ARM.exidx.text.__NVIC_ClearPendingIRQ), (8 bytes).
    Removing hc_sr04.o(.ARM.exidx.text.__NVIC_EnableIRQ), (8 bytes).
    Removing hc_sr04.o(.ARM.exidx.text.TPM1_GetVal), (8 bytes).
    Removing hc_sr04.o(.ARM.exidx.text.TPM1_IRQHandler), (8 bytes).
    Removing hc_sr04.o(.ARM.exidx.text.TRIG_GPIO_Init), (8 bytes).
    Removing hc_sr04.o(.ARM.exidx.text.TRIG_inpulse), (8 bytes).
    Removing nokia5110.o(.text), (0 bytes).
    Removing nokia5110.o(.ARM.exidx.text.InitSPI), (8 bytes).
    Removing nokia5110.o(.ARM.exidx.text.lcd_reset), (8 bytes).
    Removing nokia5110.o(.ARM.exidx.text.spi_send), (8 bytes).
    Removing nokia5110.o(.ARM.exidx.text.lcd_cmd), (8 bytes).
    Removing nokia5110.o(.text.lcd_data), (56 bytes).
    Removing nokia5110.o(.ARM.exidx.text.lcd_data), (8 bytes).
    Removing nokia5110.o(.ARM.exidx.text.lcd_setup), (8 bytes).
    Removing nokia5110.o(.ARM.exidx.text.lcd_clear), (8 bytes).
    Removing nokia5110.o(.ARM.exidx.text.lcd_draw_bitmap), (8 bytes).
    Removing nokia5110.o(.ARM.exidx.text.lcd_draw_text), (8 bytes).
    Removing nokia5110.o(.ARM.exidx.text.lcd_copy), (8 bytes).
    Removing nokia5110.o(.ARM.exidx.text.itoa), (8 bytes).
    Removing nokia5110.o(.ARM.exidx.text.lcd_update), (8 bytes).
    Removing speaker.o(.text), (0 bytes).
    Removing speaker.o(.ARM.exidx.text.TPM0_Init_PCM), (8 bytes).
    Removing speaker.o(.ARM.exidx.text.__NVIC_SetPriority), (8 bytes).
    Removing speaker.o(.ARM.exidx.text.__NVIC_ClearPendingIRQ), (8 bytes).
    Removing speaker.o(.ARM.exidx.text.__NVIC_EnableIRQ), (8 bytes).
    Removing speaker.o(.text.TPM0_PCM_Play), (12 bytes).
    Removing speaker.o(.ARM.exidx.text.TPM0_PCM_Play), (8 bytes).
    Removing speaker.o(.ARM.exidx.text.change_wave_period), (8 bytes).
    Removing speaker.o(.ARM.exidx.text.TPM0_IRQHandler), (8 bytes).
    Removing delay.o(.text), (0 bytes).
    Removing delay.o(.ARM.exidx.text.delay_ms), (8 bytes).
    Removing bitmap.o(.text), (0 bytes).
    Removing font.o(.text), (0 bytes).
    Removing delay_us.o(.text), (0 bytes).
    Removing delay_us.o(.ARM.exidx.text.delay_us), (8 bytes).
    Removing system_mkl05z4.o(.text), (0 bytes).
    Removing system_mkl05z4.o(.ARM.exidx.text.SystemInit), (8 bytes).
    Removing system_mkl05z4.o(.text.SystemCoreClockUpdate), (184 bytes).
    Removing system_mkl05z4.o(.ARM.exidx.text.SystemCoreClockUpdate), (8 bytes).
    Removing system_mkl05z4.o(.data.SystemCoreClock), (4 bytes).

54 unused section(s) (total 596 bytes) removed from the image.

==============================================================================

Image Symbol Table

    Local Symbols

    Symbol Name                              Value     Ov Type        Size  Object(Section)

    ../clib/angel/boardlib.s                 0x00000000   Number         0  boardinit1.o ABSOLUTE
    ../clib/angel/boardlib.s                 0x00000000   Number         0  boardinit2.o ABSOLUTE
    ../clib/angel/boardlib.s                 0x00000000   Number         0  boardinit3.o ABSOLUTE
    ../clib/angel/boardlib.s                 0x00000000   Number         0  boardshut.o ABSOLUTE
    ../clib/angel/handlers.s                 0x00000000   Number         0  __scatter_zi.o ABSOLUTE
    ../clib/angel/kernel.s                   0x00000000   Number         0  __rtentry.o ABSOLUTE
    ../clib/angel/kernel.s                   0x00000000   Number         0  __rtentry2.o ABSOLUTE
    ../clib/angel/kernel.s                   0x00000000   Number         0  __rtentry4.o ABSOLUTE
    ../clib/angel/kernel.s                   0x00000000   Number         0  rtexit.o ABSOLUTE
    ../clib/angel/kernel.s                   0x00000000   Number         0  rtexit2.o ABSOLUTE
    ../clib/angel/rt.s                       0x00000000   Number         0  aeabi_idiv0.o ABSOLUTE
    ../clib/angel/rt.s                       0x00000000   Number         0  aeabi_idiv0_sigfpe.o ABSOLUTE
    ../clib/angel/rt.s                       0x00000000   Number         0  rt_div0.o ABSOLUTE
    ../clib/angel/rt.s                       0x00000000   Number         0  rt_raise.o ABSOLUTE
    ../clib/angel/scatterp.s                 0x00000000   Number         0  __scatter.o ABSOLUTE
    ../clib/angel/startup.s                  0x00000000   Number         0  __main.o ABSOLUTE
    ../clib/angel/sys.s                      0x00000000   Number         0  sys_stackheap_outer.o ABSOLUTE
    ../clib/angel/sys.s                      0x00000000   Number         0  libspace.o ABSOLUTE
    ../clib/angel/sys.s                      0x00000000   Number         0  tempstk.o ABSOLUTE
    ../clib/angel/sys.s                      0x00000000   Number         0  use_no_semi.o ABSOLUTE
    ../clib/angel/sys.s                      0x00000000   Number         0  indicate_semi.o ABSOLUTE
    ../clib/angel/sysapp.c                   0x00000000   Number         0  sys_exit.o ABSOLUTE
    ../clib/angel/sysapp.c                   0x00000000   Number         0  sys_exit_hlt.o ABSOLUTE
    ../clib/angel/sysapp.c                   0x00000000   Number         0  sys_wrch.o ABSOLUTE
    ../clib/angel/sysapp.c                   0x00000000   Number         0  sys_wrch_hlt.o ABSOLUTE
    ../clib/angel/sysapp.c                   0x00000000   Number         0  sys_command.o ABSOLUTE
    ../clib/angel/sysapp.c                   0x00000000   Number         0  sys_command_hlt.o ABSOLUTE
    ../clib/armsys.c                         0x00000000   Number         0  argv_veneer.o ABSOLUTE
    ../clib/armsys.c                         0x00000000   Number         0  _get_argv_nomalloc.o ABSOLUTE
    ../clib/armsys.c                         0x00000000   Number         0  no_argv.o ABSOLUTE
    ../clib/division.s                       0x00000000   Number         0  aeabi_sdivfast.o ABSOLUTE
    ../clib/division.s                       0x00000000   Number         0  aeabi_sdivfast_div0.o ABSOLUTE
    ../clib/heapalloc.c                      0x00000000   Number         0  hrguard.o ABSOLUTE
    ../clib/heapaux.c                        0x00000000   Number         0  heapauxi.o ABSOLUTE
    ../clib/libinit.s                        0x00000000   Number         0  libinit.o ABSOLUTE
    ../clib/libinit.s                        0x00000000   Number         0  libinit2.o ABSOLUTE
    ../clib/libinit.s                        0x00000000   Number         0  libshutdown.o ABSOLUTE
    ../clib/libinit.s                        0x00000000   Number         0  libshutdown2.o ABSOLUTE
    ../clib/memcpset.c                       0x00000000   Number         0  rt_memcpy.o ABSOLUTE
    ../clib/memcpset.c                       0x00000000   Number         0  rt_memcpy.o ABSOLUTE
    ../clib/memcpset.c                       0x00000000   Number         0  rt_memclr.o ABSOLUTE
    ../clib/signal.c                         0x00000000   Number         0  defsig_fpe_outer.o ABSOLUTE
    ../clib/signal.c                         0x00000000   Number         0  defsig_fpe_formal.o ABSOLUTE
    ../clib/signal.c                         0x00000000   Number         0  defsig_exit.o ABSOLUTE
    ../clib/signal.c                         0x00000000   Number         0  defsig_fpe_inner.o ABSOLUTE
    ../clib/signal.c                         0x00000000   Number         0  __raise.o ABSOLUTE
    ../clib/signal.c                         0x00000000   Number         0  defsig_general.o ABSOLUTE
    ../clib/signal.c                         0x00000000   Number         0  defsig_abrt_inner.o ABSOLUTE
    ../clib/signal.c                         0x00000000   Number         0  defsig_rtred_inner.o ABSOLUTE
    ../clib/signal.c                         0x00000000   Number         0  defsig_rtmem_inner.o ABSOLUTE
    ../clib/signal.c                         0x00000000   Number         0  defsig_rtmem_outer.o ABSOLUTE
    ../clib/signal.c                         0x00000000   Number         0  defsig_rtmem_formal.o ABSOLUTE
    ../clib/signal.c                         0x00000000   Number         0  defsig_stak_inner.o ABSOLUTE
    ../clib/signal.c                         0x00000000   Number         0  defsig_pvfn_inner.o ABSOLUTE
    ../clib/signal.c                         0x00000000   Number         0  defsig_cppl_inner.o ABSOLUTE
    ../clib/signal.c                         0x00000000   Number         0  defsig_segv_inner.o ABSOLUTE
    ../clib/signal.c                         0x00000000   Number         0  defsig_other.o ABSOLUTE
    ../clib/signal.s                         0x00000000   Number         0  defsig.o ABSOLUTE
    ../clib/stdlib.c                         0x00000000   Number         0  exit.o ABSOLUTE
    ../fplib/cfplib/fpinit.c                 0x00000000   Number         0  fpinit.o ABSOLUTE
    HC_SR04.c                                0x00000000   Number         0  hc_sr04.o ABSOLUTE
    Nokia5110.c                              0x00000000   Number         0  nokia5110.o ABSOLUTE
    RTE/Device/MKL05Z32xxx4/startup_MKL05Z4.s 0x00000000   Number         0  startup_mkl05z4.o ABSOLUTE
    bitmap.c                                 0x00000000   Number         0  bitmap.o ABSOLUTE
    dc.s                                     0x00000000   Number         0  dc.o ABSOLUTE
    delay.c                                  0x00000000   Number         0  delay.o ABSOLUTE
    delay_us.c                               0x00000000   Number         0  delay_us.o ABSOLUTE
    font.c                                   0x00000000   Number         0  font.o ABSOLUTE
    main.c                                   0x00000000   Number         0  main.o ABSOLUTE
    pit.c                                    0x00000000   Number         0  pit.o ABSOLUTE
    speaker.c                                0x00000000   Number         0  speaker.o ABSOLUTE
    system_MKL05Z4.c                         0x00000000   Number         0  system_mkl05z4.o ABSOLUTE
    RESET                                    0x00000000   Section      192  startup_mkl05z4.o(RESET)
    !!!main                                  0x000000c0   Section        8  __main.o(!!!main)
    !!!scatter                               0x000000c8   Section       60  __scatter.o(!!!scatter)
    !!handler_zi                             0x00000104   Section       28  __scatter_zi.o(!!handler_zi)
    .ARM.Collect$$libinit$$00000000          0x00000120   Section        2  libinit.o(.ARM.Collect$$libinit$$00000000)
    .ARM.Collect$$libinit$$00000002          0x00000122   Section        0  libinit2.o(.ARM.Collect$$libinit$$00000002)
    .ARM.Collect$$libinit$$00000004          0x00000122   Section        0  libinit2.o(.ARM.Collect$$libinit$$00000004)
    .ARM.Collect$$libinit$$0000000A          0x00000122   Section        0  libinit2.o(.ARM.Collect$$libinit$$0000000A)
    .ARM.Collect$$libinit$$0000000C          0x00000122   Section        0  libinit2.o(.ARM.Collect$$libinit$$0000000C)
    .ARM.Collect$$libinit$$0000000E          0x00000122   Section        0  libinit2.o(.ARM.Collect$$libinit$$0000000E)
    .ARM.Collect$$libinit$$00000011          0x00000122   Section        0  libinit2.o(.ARM.Collect$$libinit$$00000011)
    .ARM.Collect$$libinit$$00000013          0x00000122   Section        0  libinit2.o(.ARM.Collect$$libinit$$00000013)
    .ARM.Collect$$libinit$$00000015          0x00000122   Section        0  libinit2.o(.ARM.Collect$$libinit$$00000015)
    .ARM.Collect$$libinit$$00000017          0x00000122   Section        0  libinit2.o(.ARM.Collect$$libinit$$00000017)
    .ARM.Collect$$libinit$$00000019          0x00000122   Section        0  libinit2.o(.ARM.Collect$$libinit$$00000019)
    .ARM.Collect$$libinit$$0000001B          0x00000122   Section        0  libinit2.o(.ARM.Collect$$libinit$$0000001B)
    .ARM.Collect$$libinit$$0000001D          0x00000122   Section        0  libinit2.o(.ARM.Collect$$libinit$$0000001D)
    .ARM.Collect$$libinit$$0000001F          0x00000122   Section        0  libinit2.o(.ARM.Collect$$libinit$$0000001F)
    .ARM.Collect$$libinit$$00000021          0x00000122   Section        0  libinit2.o(.ARM.Collect$$libinit$$00000021)
    .ARM.Collect$$libinit$$00000023          0x00000122   Section        0  libinit2.o(.ARM.Collect$$libinit$$00000023)
    .ARM.Collect$$libinit$$00000025          0x00000122   Section        0  libinit2.o(.ARM.Collect$$libinit$$00000025)
    .ARM.Collect$$libinit$$0000002C          0x00000122   Section        0  libinit2.o(.ARM.Collect$$libinit$$0000002C)
    .ARM.Collect$$libinit$$0000002E          0x00000122   Section        0  libinit2.o(.ARM.Collect$$libinit$$0000002E)
    .ARM.Collect$$libinit$$00000030          0x00000122   Section        0  libinit2.o(.ARM.Collect$$libinit$$00000030)
    .ARM.Collect$$libinit$$00000032          0x00000122   Section        0  libinit2.o(.ARM.Collect$$libinit$$00000032)
    .ARM.Collect$$libinit$$00000033          0x00000122   Section        2  libinit2.o(.ARM.Collect$$libinit$$00000033)
    .ARM.Collect$$libshutdown$$00000000      0x00000124   Section        2  libshutdown.o(.ARM.Collect$$libshutdown$$00000000)
    .ARM.Collect$$libshutdown$$00000002      0x00000126   Section        0  libshutdown2.o(.ARM.Collect$$libshutdown$$00000002)
    .ARM.Collect$$libshutdown$$00000004      0x00000126   Section        0  libshutdown2.o(.ARM.Collect$$libshutdown$$00000004)
    .ARM.Collect$$libshutdown$$00000007      0x00000126   Section        0  libshutdown2.o(.ARM.Collect$$libshutdown$$00000007)
    .ARM.Collect$$libshutdown$$0000000A      0x00000126   Section        0  libshutdown2.o(.ARM.Collect$$libshutdown$$0000000A)
    .ARM.Collect$$libshutdown$$0000000C      0x00000126   Section        0  libshutdown2.o(.ARM.Collect$$libshutdown$$0000000C)
    .ARM.Collect$$libshutdown$$0000000F      0x00000126   Section        0  libshutdown2.o(.ARM.Collect$$libshutdown$$0000000F)
    .ARM.Collect$$libshutdown$$00000010      0x00000126   Section        2  libshutdown2.o(.ARM.Collect$$libshutdown$$00000010)
    .ARM.Collect$$rtentry$$00000000          0x00000128   Section        0  __rtentry.o(.ARM.Collect$$rtentry$$00000000)
    .ARM.Collect$$rtentry$$00000002          0x00000128   Section        0  __rtentry2.o(.ARM.Collect$$rtentry$$00000002)
    .ARM.Collect$$rtentry$$00000004          0x00000128   Section        6  __rtentry4.o(.ARM.Collect$$rtentry$$00000004)
    .ARM.Collect$$rtentry$$00000009          0x0000012e   Section        0  __rtentry2.o(.ARM.Collect$$rtentry$$00000009)
    .ARM.Collect$$rtentry$$0000000A          0x0000012e   Section        4  __rtentry2.o(.ARM.Collect$$rtentry$$0000000A)
    .ARM.Collect$$rtentry$$0000000C          0x00000132   Section        0  __rtentry2.o(.ARM.Collect$$rtentry$$0000000C)
    .ARM.Collect$$rtentry$$0000000D          0x00000132   Section        8  __rtentry2.o(.ARM.Collect$$rtentry$$0000000D)
    .ARM.Collect$$rtexit$$00000000           0x0000013a   Section        2  rtexit.o(.ARM.Collect$$rtexit$$00000000)
    .ARM.Collect$$rtexit$$00000002           0x0000013c   Section        0  rtexit2.o(.ARM.Collect$$rtexit$$00000002)
    .ARM.Collect$$rtexit$$00000003           0x0000013c   Section        4  rtexit2.o(.ARM.Collect$$rtexit$$00000003)
    .ARM.Collect$$rtexit$$00000004           0x00000140   Section        6  rtexit2.o(.ARM.Collect$$rtexit$$00000004)
    .emb_text                                0x00000148   Section       56  rt_memcpy.o(.emb_text)
    .text                                    0x00000180   Section       52  startup_mkl05z4.o(.text)
    .text                                    0x000001b4   Section        0  rt_memcpy.o(.text)
    .text                                    0x00000236   Section        0  rt_memclr.o(.text)
    .text                                    0x00000276   Section        0  heapauxi.o(.text)
    .text                                    0x0000027c   Section       62  sys_stackheap_outer.o(.text)
    .text                                    0x000002ba   Section        0  exit.o(.text)
    .text                                    0x000002cc   Section        8  libspace.o(.text)
    .text                                    0x000002d4   Section        0  sys_exit.o(.text)
    .text                                    0x000002e0   Section        2  use_no_semi.o(.text)
    .text                                    0x000002e2   Section        0  indicate_semi.o(.text)
    [Anonymous Symbol]                       0x000002e4   Section        0  nokia5110.o(.text.InitSPI)
    __arm_cp.0_1                             0x0000035c   Number         4  nokia5110.o(.text.InitSPI)
    __arm_cp.0_2                             0x00000360   Number         4  nokia5110.o(.text.InitSPI)
    __arm_cp.0_3                             0x00000364   Number         4  nokia5110.o(.text.InitSPI)
    [Anonymous Symbol]                       0x00000368   Section        0  pit.o(.text.PIT_IRQHandler)
    __arm_cp.5_0                             0x0000037c   Number         4  pit.o(.text.PIT_IRQHandler)
    [Anonymous Symbol]                       0x00000380   Section        0  pit.o(.text.PIT_Init_Generator)
    __arm_cp.0_0                             0x000003c8   Number         4  pit.o(.text.PIT_Init_Generator)
    __arm_cp.0_1                             0x000003cc   Number         4  pit.o(.text.PIT_Init_Generator)
    __arm_cp.0_2                             0x000003d0   Number         4  pit.o(.text.PIT_Init_Generator)
    __arm_cp.0_3                             0x000003d4   Number         4  pit.o(.text.PIT_Init_Generator)
    __arm_cp.0_4                             0x000003d8   Number         4  pit.o(.text.PIT_Init_Generator)
    [Anonymous Symbol]                       0x000003dc   Section        0  hc_sr04.o(.text.TPM1_GetVal)
    __NVIC_ClearPendingIRQ                   0x000003ed   Thumb Code    12  pit.o(.text.__NVIC_ClearPendingIRQ)
    [Anonymous Symbol]                       0x000003ec   Section        0  pit.o(.text.__NVIC_ClearPendingIRQ)
    .ARM.__at_0x400                          0x00000400   Section       16  startup_mkl05z4.o(.ARM.__at_0x400)
    [Anonymous Symbol]                       0x00000410   Section        0  system_mkl05z4.o(.text.SystemInit)
    __arm_cp.0_0                             0x0000044c   Number         4  system_mkl05z4.o(.text.SystemInit)
    __arm_cp.0_1                             0x00000450   Number         4  system_mkl05z4.o(.text.SystemInit)
    __arm_cp.0_2                             0x00000454   Number         4  system_mkl05z4.o(.text.SystemInit)
    __arm_cp.0_3                             0x00000458   Number         4  system_mkl05z4.o(.text.SystemInit)
    [Anonymous Symbol]                       0x0000045c   Section        0  speaker.o(.text.TPM0_IRQHandler)
    __arm_cp.6_0                             0x000004c0   Number         4  speaker.o(.text.TPM0_IRQHandler)
    __arm_cp.6_1                             0x000004c4   Number         4  speaker.o(.text.TPM0_IRQHandler)
    __arm_cp.6_2                             0x000004c8   Number         4  speaker.o(.text.TPM0_IRQHandler)
    __arm_cp.6_3                             0x000004cc   Number         4  speaker.o(.text.TPM0_IRQHandler)
    __arm_cp.6_4                             0x000004d0   Number         4  speaker.o(.text.TPM0_IRQHandler)
    __arm_cp.6_5                             0x000004d4   Number         4  speaker.o(.text.TPM0_IRQHandler)
    [Anonymous Symbol]                       0x000004d8   Section        0  speaker.o(.text.TPM0_Init_PCM)
    __arm_cp.0_1                             0x0000054c   Number         4  speaker.o(.text.TPM0_Init_PCM)
    __arm_cp.0_2                             0x00000550   Number         4  speaker.o(.text.TPM0_Init_PCM)
    [Anonymous Symbol]                       0x00000554   Section        0  hc_sr04.o(.text.TPM1_IRQHandler)
    __arm_cp.5_0                             0x00000570   Number         4  hc_sr04.o(.text.TPM1_IRQHandler)
    __arm_cp.5_1                             0x00000574   Number         4  hc_sr04.o(.text.TPM1_IRQHandler)
    __arm_cp.5_2                             0x00000578   Number         4  hc_sr04.o(.text.TPM1_IRQHandler)
    [Anonymous Symbol]                       0x0000057c   Section        0  hc_sr04.o(.text.TPM1_Init_InputCapture)
    __arm_cp.0_0                             0x000005d0   Number         4  hc_sr04.o(.text.TPM1_Init_InputCapture)
    __arm_cp.0_1                             0x000005d4   Number         4  hc_sr04.o(.text.TPM1_Init_InputCapture)
    __arm_cp.0_2                             0x000005d8   Number         4  hc_sr04.o(.text.TPM1_Init_InputCapture)
    [Anonymous Symbol]                       0x000005dc   Section        0  hc_sr04.o(.text.TRIG_GPIO_Init)
    __arm_cp.6_0                             0x00000600   Number         4  hc_sr04.o(.text.TRIG_GPIO_Init)
    __arm_cp.6_1                             0x00000604   Number         4  hc_sr04.o(.text.TRIG_GPIO_Init)
    __arm_cp.6_2                             0x00000608   Number         4  hc_sr04.o(.text.TRIG_GPIO_Init)
    [Anonymous Symbol]                       0x0000060c   Section        0  hc_sr04.o(.text.TRIG_inpulse)
    __arm_cp.7_0                             0x00000630   Number         4  hc_sr04.o(.text.TRIG_inpulse)
    __NVIC_ClearPendingIRQ                   0x00000635   Thumb Code    12  hc_sr04.o(.text.__NVIC_ClearPendingIRQ)
    [Anonymous Symbol]                       0x00000634   Section        0  hc_sr04.o(.text.__NVIC_ClearPendingIRQ)
    __NVIC_ClearPendingIRQ                   0x00000641   Thumb Code    16  speaker.o(.text.__NVIC_ClearPendingIRQ)
    [Anonymous Symbol]                       0x00000640   Section        0  speaker.o(.text.__NVIC_ClearPendingIRQ)
    __arm_cp.2_0                             0x0000064c   Number         4  speaker.o(.text.__NVIC_ClearPendingIRQ)
    __NVIC_EnableIRQ                         0x00000651   Thumb Code    12  pit.o(.text.__NVIC_EnableIRQ)
    [Anonymous Symbol]                       0x00000650   Section        0  pit.o(.text.__NVIC_EnableIRQ)
    __NVIC_EnableIRQ                         0x0000065d   Thumb Code    12  hc_sr04.o(.text.__NVIC_EnableIRQ)
    [Anonymous Symbol]                       0x0000065c   Section        0  hc_sr04.o(.text.__NVIC_EnableIRQ)
    __NVIC_EnableIRQ                         0x00000669   Thumb Code    16  speaker.o(.text.__NVIC_EnableIRQ)
    [Anonymous Symbol]                       0x00000668   Section        0  speaker.o(.text.__NVIC_EnableIRQ)
    __arm_cp.3_0                             0x00000674   Number         4  speaker.o(.text.__NVIC_EnableIRQ)
    __NVIC_SetPriority                       0x00000679   Thumb Code    24  pit.o(.text.__NVIC_SetPriority)
    [Anonymous Symbol]                       0x00000678   Section        0  pit.o(.text.__NVIC_SetPriority)
    __arm_cp.1_0                             0x0000068c   Number         4  pit.o(.text.__NVIC_SetPriority)
    __NVIC_SetPriority                       0x00000691   Thumb Code    20  hc_sr04.o(.text.__NVIC_SetPriority)
    [Anonymous Symbol]                       0x00000690   Section        0  hc_sr04.o(.text.__NVIC_SetPriority)
    __NVIC_SetPriority                       0x000006a5   Thumb Code    24  speaker.o(.text.__NVIC_SetPriority)
    [Anonymous Symbol]                       0x000006a4   Section        0  speaker.o(.text.__NVIC_SetPriority)
    __arm_cp.1_0                             0x000006b8   Number         4  speaker.o(.text.__NVIC_SetPriority)
    [Anonymous Symbol]                       0x000006bc   Section        0  speaker.o(.text.change_wave_period)
    __arm_cp.5_0                             0x000006c8   Number         4  speaker.o(.text.change_wave_period)
    [Anonymous Symbol]                       0x000006cc   Section        0  delay.o(.text.delay_ms)
    __arm_cp.0_0                             0x000006fc   Number         4  delay.o(.text.delay_ms)
    [Anonymous Symbol]                       0x00000700   Section        0  delay_us.o(.text.delay_us)
    [Anonymous Symbol]                       0x0000072e   Section        0  nokia5110.o(.text.itoa)
    [Anonymous Symbol]                       0x000007a4   Section        0  nokia5110.o(.text.lcd_clear)
    [Anonymous Symbol]                       0x000007b4   Section        0  nokia5110.o(.text.lcd_cmd)
    __arm_cp.3_0                             0x000007d8   Number         4  nokia5110.o(.text.lcd_cmd)
    [Anonymous Symbol]                       0x000007dc   Section        0  nokia5110.o(.text.lcd_copy)
    [Anonymous Symbol]                       0x00000810   Section        0  nokia5110.o(.text.lcd_draw_bitmap)
    [Anonymous Symbol]                       0x00000820   Section        0  nokia5110.o(.text.lcd_draw_text)
    __arm_cp.8_0                             0x00000874   Number         4  nokia5110.o(.text.lcd_draw_text)
    __arm_cp.8_1                             0x00000878   Number         4  nokia5110.o(.text.lcd_draw_text)
    [Anonymous Symbol]                       0x0000087c   Section        0  nokia5110.o(.text.lcd_reset)
    __arm_cp.1_0                             0x00000898   Number         4  nokia5110.o(.text.lcd_reset)
    [Anonymous Symbol]                       0x0000089c   Section        0  nokia5110.o(.text.lcd_setup)
    [Anonymous Symbol]                       0x000008c4   Section        0  nokia5110.o(.text.lcd_update)
    __arm_cp.11_0                            0x000008e8   Number         4  nokia5110.o(.text.lcd_update)
    [Anonymous Symbol]                       0x000008ec   Section        0  main.o(.text.main)
    __arm_cp.0_0                             0x00000938   Number         4  main.o(.text.main)
    [Anonymous Symbol]                       0x0000093c   Section        0  nokia5110.o(.text.spi_send)
    __arm_cp.2_0                             0x00000954   Number         4  nokia5110.o(.text.spi_send)
    .text_divfast                            0x00000958   Section      502  aeabi_sdivfast.o(.text_divfast)
    music                                    0x00000f28   Data        6004  speaker.o(.rodata.music)
    [Anonymous Symbol]                       0x00000f28   Section        0  speaker.o(.rodata.music)
    .bss                                     0x1ffffc00   Section       96  libspace.o(.bss)
    lcd_buffer                               0x1ffffc60   Data         504  nokia5110.o(.bss.lcd_buffer)
    [Anonymous Symbol]                       0x1ffffc60   Section        0  nokia5110.o(.bss.lcd_buffer)
    pitEnabled                               0x1ffffe58   Data           1  pit.o(.bss.pitEnabled)
    [Anonymous Symbol]                       0x1ffffe58   Section        0  pit.o(.bss.pitEnabled)
    sampleCNT                                0x1ffffe5a   Data           2  speaker.o(.bss.sampleCNT)
    [Anonymous Symbol]                       0x1ffffe5a   Section        0  speaker.o(.bss.sampleCNT)
    str                                      0x1ffffe5c   Data          12  nokia5110.o(.bss.str)
    [Anonymous Symbol]                       0x1ffffe5c   Section        0  nokia5110.o(.bss.str)
    tpm0Diff                                 0x1ffffe68   Data           2  hc_sr04.o(.bss.tpm0Diff)
    [Anonymous Symbol]                       0x1ffffe68   Section        0  hc_sr04.o(.bss.tpm0Diff)
    tpm0New                                  0x1ffffe6a   Data           2  hc_sr04.o(.bss.tpm0New)
    [Anonymous Symbol]                       0x1ffffe6a   Section        0  hc_sr04.o(.bss.tpm0New)
    upSampleCNT                              0x1ffffe6c   Data           2  speaker.o(.bss.upSampleCNT)
    [Anonymous Symbol]                       0x1ffffe6c   Section        0  speaker.o(.bss.upSampleCNT)
    wait_counter                             0x1ffffe70   Data           4  speaker.o(.bss.wait_counter)
    [Anonymous Symbol]                       0x1ffffe70   Section        0  speaker.o(.bss.wait_counter)
    wave_period                              0x1ffffe74   Data           4  speaker.o(.bss.wave_period)
    [Anonymous Symbol]                       0x1ffffe74   Section        0  speaker.o(.bss.wave_period)
    Heap_Mem                                 0x1ffffe78   Data           0  startup_mkl05z4.o(HEAP)
    Stack_Mem                                0x1ffffe78   Data         256  startup_mkl05z4.o(STACK)
    HEAP                                     0x1ffffe78   Section        0  startup_mkl05z4.o(HEAP)
    STACK                                    0x1ffffe78   Section      256  startup_mkl05z4.o(STACK)
    __initial_sp                             0x1fffff78   Data           0  startup_mkl05z4.o(STACK)

    Global Symbols

    Symbol Name                              Value     Ov Type        Size  Object(Section)

    BuildAttributes$$THM_ISAv3M$S$PE$A:L22$X:L11$S22$IEEE1$IW$~IW$USESV6$~STKCKD$USESV7$~SHL$OTIME$ROPI$EBA8$UX$STANDARDLIB$REQ8$PRES8$EABIv2 0x00000000   Number         0  anon$$obj.o ABSOLUTE
    __Vectors                                0x00000000   Data           4  startup_mkl05z4.o(RESET)
    __ARM_exceptions_init                     - Undefined Weak Reference
    __alloca_initialize                       - Undefined Weak Reference
    __arm_preinit_                            - Undefined Weak Reference
    __cpp_initialize__aeabi_                  - Undefined Weak Reference
    __cxa_finalize                            - Undefined Weak Reference
    __rt_locale                               - Undefined Weak Reference
    __sigvec_lookup                           - Undefined Weak Reference
    _atexit_init                              - Undefined Weak Reference
    _call_atexit_fns                          - Undefined Weak Reference
    _clock_init                               - Undefined Weak Reference
    _fp_trap_init                             - Undefined Weak Reference
    _fp_trap_shutdown                         - Undefined Weak Reference
    _get_lc_collate                           - Undefined Weak Reference
    _get_lc_ctype                             - Undefined Weak Reference
    _get_lc_monetary                          - Undefined Weak Reference
    _get_lc_numeric                           - Undefined Weak Reference
    _get_lc_time                              - Undefined Weak Reference
    _getenv_init                              - Undefined Weak Reference
    _handle_redirection                       - Undefined Weak Reference
    _init_alloc                               - Undefined Weak Reference
    _init_user_alloc                          - Undefined Weak Reference
    _initio                                   - Undefined Weak Reference
    _rand_init                                - Undefined Weak Reference
    _signal_finish                            - Undefined Weak Reference
    _signal_init                              - Undefined Weak Reference
    _terminate_alloc                          - Undefined Weak Reference
    _terminate_user_alloc                     - Undefined Weak Reference
    _terminateio                              - Undefined Weak Reference
    __Vectors_End                            0x000000c0   Data           0  startup_mkl05z4.o(RESET)
    __Vectors_Size                           0x000000c0   Number         0  startup_mkl05z4.o ABSOLUTE
    __main                                   0x000000c1   Thumb Code     8  __main.o(!!!main)
    __scatterload                            0x000000c9   Thumb Code     0  __scatter.o(!!!scatter)
    __scatterload_rt2                        0x000000c9   Thumb Code    52  __scatter.o(!!!scatter)
    __scatterload_rt2_thumb_only             0x000000c9   Thumb Code     0  __scatter.o(!!!scatter)
    __scatterload_null                       0x000000d9   Thumb Code     0  __scatter.o(!!!scatter)
    __scatterload_zeroinit                   0x00000105   Thumb Code    28  __scatter_zi.o(!!handler_zi)
    __rt_lib_init                            0x00000121   Thumb Code     0  libinit.o(.ARM.Collect$$libinit$$00000000)
    __rt_lib_init_alloca_1                   0x00000123   Thumb Code     0  libinit2.o(.ARM.Collect$$libinit$$0000002E)
    __rt_lib_init_argv_1                     0x00000123   Thumb Code     0  libinit2.o(.ARM.Collect$$libinit$$0000002C)
    __rt_lib_init_atexit_1                   0x00000123   Thumb Code     0  libinit2.o(.ARM.Collect$$libinit$$0000001B)
    __rt_lib_init_clock_1                    0x00000123   Thumb Code     0  libinit2.o(.ARM.Collect$$libinit$$00000021)
    __rt_lib_init_cpp_1                      0x00000123   Thumb Code     0  libinit2.o(.ARM.Collect$$libinit$$00000032)
    __rt_lib_init_exceptions_1               0x00000123   Thumb Code     0  libinit2.o(.ARM.Collect$$libinit$$00000030)
    __rt_lib_init_fp_1                       0x00000123   Thumb Code     0  libinit2.o(.ARM.Collect$$libinit$$00000002)
    __rt_lib_init_fp_trap_1                  0x00000123   Thumb Code     0  libinit2.o(.ARM.Collect$$libinit$$0000001F)
    __rt_lib_init_getenv_1                   0x00000123   Thumb Code     0  libinit2.o(.ARM.Collect$$libinit$$00000023)
    __rt_lib_init_heap_1                     0x00000123   Thumb Code     0  libinit2.o(.ARM.Collect$$libinit$$0000000A)
    __rt_lib_init_lc_collate_1               0x00000123   Thumb Code     0  libinit2.o(.ARM.Collect$$libinit$$00000011)
    __rt_lib_init_lc_ctype_1                 0x00000123   Thumb Code     0  libinit2.o(.ARM.Collect$$libinit$$00000013)
    __rt_lib_init_lc_monetary_1              0x00000123   Thumb Code     0  libinit2.o(.ARM.Collect$$libinit$$00000015)
    __rt_lib_init_lc_numeric_1               0x00000123   Thumb Code     0  libinit2.o(.ARM.Collect$$libinit$$00000017)
    __rt_lib_init_lc_time_1                  0x00000123   Thumb Code     0  libinit2.o(.ARM.Collect$$libinit$$00000019)
    __rt_lib_init_preinit_1                  0x00000123   Thumb Code     0  libinit2.o(.ARM.Collect$$libinit$$00000004)
    __rt_lib_init_rand_1                     0x00000123   Thumb Code     0  libinit2.o(.ARM.Collect$$libinit$$0000000E)
    __rt_lib_init_return                     0x00000123   Thumb Code     0  libinit2.o(.ARM.Collect$$libinit$$00000033)
    __rt_lib_init_signal_1                   0x00000123   Thumb Code     0  libinit2.o(.ARM.Collect$$libinit$$0000001D)
    __rt_lib_init_stdio_1                    0x00000123   Thumb Code     0  libinit2.o(.ARM.Collect$$libinit$$00000025)
    __rt_lib_init_user_alloc_1               0x00000123   Thumb Code     0  libinit2.o(.ARM.Collect$$libinit$$0000000C)
    __rt_lib_shutdown                        0x00000125   Thumb Code     0  libshutdown.o(.ARM.Collect$$libshutdown$$00000000)
    __rt_lib_shutdown_cpp_1                  0x00000127   Thumb Code     0  libshutdown2.o(.ARM.Collect$$libshutdown$$00000002)
    __rt_lib_shutdown_fp_trap_1              0x00000127   Thumb Code     0  libshutdown2.o(.ARM.Collect$$libshutdown$$00000007)
    __rt_lib_shutdown_heap_1                 0x00000127   Thumb Code     0  libshutdown2.o(.ARM.Collect$$libshutdown$$0000000F)
    __rt_lib_shutdown_return                 0x00000127   Thumb Code     0  libshutdown2.o(.ARM.Collect$$libshutdown$$00000010)
    __rt_lib_shutdown_signal_1               0x00000127   Thumb Code     0  libshutdown2.o(.ARM.Collect$$libshutdown$$0000000A)
    __rt_lib_shutdown_stdio_1                0x00000127   Thumb Code     0  libshutdown2.o(.ARM.Collect$$libshutdown$$00000004)
    __rt_lib_shutdown_user_alloc_1           0x00000127   Thumb Code     0  libshutdown2.o(.ARM.Collect$$libshutdown$$0000000C)
    __rt_entry                               0x00000129   Thumb Code     0  __rtentry.o(.ARM.Collect$$rtentry$$00000000)
    __rt_entry_presh_1                       0x00000129   Thumb Code     0  __rtentry2.o(.ARM.Collect$$rtentry$$00000002)
    __rt_entry_sh                            0x00000129   Thumb Code     0  __rtentry4.o(.ARM.Collect$$rtentry$$00000004)
    __rt_entry_li                            0x0000012f   Thumb Code     0  __rtentry2.o(.ARM.Collect$$rtentry$$0000000A)
    __rt_entry_postsh_1                      0x0000012f   Thumb Code     0  __rtentry2.o(.ARM.Collect$$rtentry$$00000009)
    __rt_entry_main                          0x00000133   Thumb Code     0  __rtentry2.o(.ARM.Collect$$rtentry$$0000000D)
    __rt_entry_postli_1                      0x00000133   Thumb Code     0  __rtentry2.o(.ARM.Collect$$rtentry$$0000000C)
    __rt_exit                                0x0000013b   Thumb Code     0  rtexit.o(.ARM.Collect$$rtexit$$00000000)
    __rt_exit_ls                             0x0000013d   Thumb Code     0  rtexit2.o(.ARM.Collect$$rtexit$$00000003)
    __rt_exit_prels_1                        0x0000013d   Thumb Code     0  rtexit2.o(.ARM.Collect$$rtexit$$00000002)
    __rt_exit_exit                           0x00000141   Thumb Code     0  rtexit2.o(.ARM.Collect$$rtexit$$00000004)
    __aeabi_memcpy4                          0x00000149   Thumb Code    56  rt_memcpy.o(.emb_text)
    __aeabi_memcpy8                          0x00000149   Thumb Code     0  rt_memcpy.o(.emb_text)
    Reset_Handler                            0x00000181   Thumb Code     8  startup_mkl05z4.o(.text)
    NMI_Handler                              0x00000189   Thumb Code     2  startup_mkl05z4.o(.text)
    HardFault_Handler                        0x0000018b   Thumb Code     2  startup_mkl05z4.o(.text)
    SVC_Handler                              0x0000018d   Thumb Code     2  startup_mkl05z4.o(.text)
    PendSV_Handler                           0x0000018f   Thumb Code     2  startup_mkl05z4.o(.text)
    SysTick_Handler                          0x00000191   Thumb Code     2  startup_mkl05z4.o(.text)
    ADC0_IRQHandler                          0x00000193   Thumb Code     0  startup_mkl05z4.o(.text)
    CMP0_IRQHandler                          0x00000193   Thumb Code     0  startup_mkl05z4.o(.text)
    DAC0_IRQHandler                          0x00000193   Thumb Code     0  startup_mkl05z4.o(.text)
    DMA0_IRQHandler                          0x00000193   Thumb Code     0  startup_mkl05z4.o(.text)
    DMA1_IRQHandler                          0x00000193   Thumb Code     0  startup_mkl05z4.o(.text)
    DMA2_IRQHandler                          0x00000193   Thumb Code     0  startup_mkl05z4.o(.text)
    DMA3_IRQHandler                          0x00000193   Thumb Code     0  startup_mkl05z4.o(.text)
    DefaultISR                               0x00000193   Thumb Code     0  startup_mkl05z4.o(.text)
    FTFA_IRQHandler                          0x00000193   Thumb Code     0  startup_mkl05z4.o(.text)
    I2C0_IRQHandler                          0x00000193   Thumb Code     0  startup_mkl05z4.o(.text)
    LLW_IRQHandler                           0x00000193   Thumb Code     0  startup_mkl05z4.o(.text)
    LPTimer_IRQHandler                       0x00000193   Thumb Code     0  startup_mkl05z4.o(.text)
    LVD_LVW_IRQHandler                       0x00000193   Thumb Code     0  startup_mkl05z4.o(.text)
    MCG_IRQHandler                           0x00000193   Thumb Code     0  startup_mkl05z4.o(.text)
    PORTA_IRQHandler                         0x00000193   Thumb Code     0  startup_mkl05z4.o(.text)
    PORTB_IRQHandler                         0x00000193   Thumb Code     0  startup_mkl05z4.o(.text)
    RTC_IRQHandler                           0x00000193   Thumb Code     0  startup_mkl05z4.o(.text)
    RTC_Seconds_IRQHandler                   0x00000193   Thumb Code     0  startup_mkl05z4.o(.text)
    Reserved20_IRQHandler                    0x00000193   Thumb Code     0  startup_mkl05z4.o(.text)
    Reserved25_IRQHandler                    0x00000193   Thumb Code     0  startup_mkl05z4.o(.text)
    Reserved27_IRQHandler                    0x00000193   Thumb Code     0  startup_mkl05z4.o(.text)
    Reserved29_IRQHandler                    0x00000193   Thumb Code     0  startup_mkl05z4.o(.text)
    Reserved30_IRQHandler                    0x00000193   Thumb Code     0  startup_mkl05z4.o(.text)
    Reserved35_IRQHandler                    0x00000193   Thumb Code     0  startup_mkl05z4.o(.text)
    Reserved39_IRQHandler                    0x00000193   Thumb Code     0  startup_mkl05z4.o(.text)
    Reserved40_IRQHandler                    0x00000193   Thumb Code     0  startup_mkl05z4.o(.text)
    Reserved45_IRQHandler                    0x00000193   Thumb Code     0  startup_mkl05z4.o(.text)
    SPI0_IRQHandler                          0x00000193   Thumb Code     0  startup_mkl05z4.o(.text)
    TSI0_IRQHandler                          0x00000193   Thumb Code     0  startup_mkl05z4.o(.text)
    UART0_IRQHandler                         0x00000193   Thumb Code     0  startup_mkl05z4.o(.text)
    __user_initial_stackheap                 0x00000195   Thumb Code     0  startup_mkl05z4.o(.text)
    __aeabi_memcpy                           0x000001b5   Thumb Code   130  rt_memcpy.o(.text)
    __rt_memcpy                              0x000001b5   Thumb Code     0  rt_memcpy.o(.text)
    _memset_w                                0x00000237   Thumb Code    26  rt_memclr.o(.text)
    _memset                                  0x00000251   Thumb Code    30  rt_memclr.o(.text)
    __aeabi_memclr                           0x0000026f   Thumb Code     4  rt_memclr.o(.text)
    __rt_memclr                              0x0000026f   Thumb Code     0  rt_memclr.o(.text)
    __aeabi_memclr4                          0x00000273   Thumb Code     0  rt_memclr.o(.text)
    __aeabi_memclr8                          0x00000273   Thumb Code     0  rt_memclr.o(.text)
    __rt_memclr_w                            0x00000273   Thumb Code     4  rt_memclr.o(.text)
    __use_two_region_memory                  0x00000277   Thumb Code     2  heapauxi.o(.text)
    __rt_heap_escrow$2region                 0x00000279   Thumb Code     2  heapauxi.o(.text)
    __rt_heap_expand$2region                 0x0000027b   Thumb Code     2  heapauxi.o(.text)
    __user_setup_stackheap                   0x0000027d   Thumb Code    62  sys_stackheap_outer.o(.text)
    exit                                     0x000002bb   Thumb Code    16  exit.o(.text)
    __user_libspace                          0x000002cd   Thumb Code     8  libspace.o(.text)
    __user_perproc_libspace                  0x000002cd   Thumb Code     0  libspace.o(.text)
    __user_perthread_libspace                0x000002cd   Thumb Code     0  libspace.o(.text)
    _sys_exit                                0x000002d5   Thumb Code     8  sys_exit.o(.text)
    __I$use$semihosting                      0x000002e1   Thumb Code     0  use_no_semi.o(.text)
    __use_no_semihosting_swi                 0x000002e1   Thumb Code     2  use_no_semi.o(.text)
    __semihosting_library_function           0x000002e3   Thumb Code     0  indicate_semi.o(.text)
    InitSPI                                  0x000002e5   Thumb Code   132  nokia5110.o(.text.InitSPI)
    PIT_IRQHandler                           0x00000369   Thumb Code    24  pit.o(.text.PIT_IRQHandler)
    PIT_Init_Generator                       0x00000381   Thumb Code    92  pit.o(.text.PIT_Init_Generator)
    TPM1_GetVal                              0x000003dd   Thumb Code    16  hc_sr04.o(.text.TPM1_GetVal)
    SystemInit                               0x00000411   Thumb Code    76  system_mkl05z4.o(.text.SystemInit)
    TPM0_IRQHandler                          0x0000045d   Thumb Code   124  speaker.o(.text.TPM0_IRQHandler)
    TPM0_Init_PCM                            0x000004d9   Thumb Code   124  speaker.o(.text.TPM0_Init_PCM)
    TPM1_IRQHandler                          0x00000555   Thumb Code    40  hc_sr04.o(.text.TPM1_IRQHandler)
    TPM1_Init_InputCapture                   0x0000057d   Thumb Code    96  hc_sr04.o(.text.TPM1_Init_InputCapture)
    TRIG_GPIO_Init                           0x000005dd   Thumb Code    48  hc_sr04.o(.text.TRIG_GPIO_Init)
    TRIG_inpulse                             0x0000060d   Thumb Code    40  hc_sr04.o(.text.TRIG_inpulse)
    change_wave_period                       0x000006bd   Thumb Code    16  speaker.o(.text.change_wave_period)
    delay_ms                                 0x000006cd   Thumb Code    52  delay.o(.text.delay_ms)
    delay_us                                 0x00000701   Thumb Code    46  delay_us.o(.text.delay_us)
    itoa                                     0x0000072f   Thumb Code   118  nokia5110.o(.text.itoa)
    lcd_clear                                0x000007a5   Thumb Code    16  nokia5110.o(.text.lcd_clear)
    lcd_cmd                                  0x000007b5   Thumb Code    40  nokia5110.o(.text.lcd_cmd)
    lcd_copy                                 0x000007dd   Thumb Code    52  nokia5110.o(.text.lcd_copy)
    lcd_draw_bitmap                          0x00000811   Thumb Code    16  nokia5110.o(.text.lcd_draw_bitmap)
    lcd_draw_text                            0x00000821   Thumb Code    92  nokia5110.o(.text.lcd_draw_text)
    lcd_reset                                0x0000087d   Thumb Code    32  nokia5110.o(.text.lcd_reset)
    lcd_setup                                0x0000089d   Thumb Code    38  nokia5110.o(.text.lcd_setup)
    lcd_update                               0x000008c5   Thumb Code    40  nokia5110.o(.text.lcd_update)
    main                                     0x000008ed   Thumb Code    80  main.o(.text.main)
    spi_send                                 0x0000093d   Thumb Code    28  nokia5110.o(.text.spi_send)
    __aeabi_uidiv                            0x00000959   Thumb Code    68  aeabi_sdivfast.o(.text_divfast)
    __aeabi_idiv                             0x0000099d   Thumb Code   434  aeabi_sdivfast.o(.text_divfast)
    font_ASCII                               0x00000b4e   Data         480  font.o(.rodata.font_ASCII)
    logo                                     0x00000d2e   Data         504  bitmap.o(.rodata.logo)
    Region$$Table$$Base                      0x0000269c   Number         0  anon$$obj.o(Region$$Table)
    Region$$Table$$Limit                     0x000026ac   Number         0  anon$$obj.o(Region$$Table)
    __libspace_start                         0x1ffffc00   Data          96  libspace.o(.bss)
    __temporary_stack_top$libspace           0x1ffffc60   Data           0  libspace.o(.bss)



==============================================================================

Memory Map of the image

  Image Entry point : 0x000000c1

  Load Region LR_IROM1 (Base: 0x00000000, Size: 0x000026ac, Max: 0x00008000, ABSOLUTE)

    Execution Region ER_IROM1 (Exec base: 0x00000000, Load base: 0x00000000, Size: 0x000026ac, Max: 0x00008000, ABSOLUTE)

    Exec Addr    Load Addr    Size         Type   Attr      Idx    E Section Name        Object

    0x00000000   0x00000000   0x000000c0   Data   RO          148    RESET               startup_mkl05z4.o
    0x000000c0   0x000000c0   0x00000008   Code   RO          189  * !!!main             c_p.l(__main.o)
    0x000000c8   0x000000c8   0x0000003c   Code   RO          364    !!!scatter          c_p.l(__scatter.o)
    0x00000104   0x00000104   0x0000001c   Code   RO          366    !!handler_zi        c_p.l(__scatter_zi.o)
    0x00000120   0x00000120   0x00000002   Code   RO          227    .ARM.Collect$$libinit$$00000000  c_p.l(libinit.o)
    0x00000122   0x00000122   0x00000000   Code   RO          241    .ARM.Collect$$libinit$$00000002  c_p.l(libinit2.o)
    0x00000122   0x00000122   0x00000000   Code   RO          243    .ARM.Collect$$libinit$$00000004  c_p.l(libinit2.o)
    0x00000122   0x00000122   0x00000000   Code   RO          246    .ARM.Collect$$libinit$$0000000A  c_p.l(libinit2.o)
    0x00000122   0x00000122   0x00000000   Code   RO          248    .ARM.Collect$$libinit$$0000000C  c_p.l(libinit2.o)
    0x00000122   0x00000122   0x00000000   Code   RO          250    .ARM.Collect$$libinit$$0000000E  c_p.l(libinit2.o)
    0x00000122   0x00000122   0x00000000   Code   RO          253    .ARM.Collect$$libinit$$00000011  c_p.l(libinit2.o)
    0x00000122   0x00000122   0x00000000   Code   RO          255    .ARM.Collect$$libinit$$00000013  c_p.l(libinit2.o)
    0x00000122   0x00000122   0x00000000   Code   RO          257    .ARM.Collect$$libinit$$00000015  c_p.l(libinit2.o)
    0x00000122   0x00000122   0x00000000   Code   RO          259    .ARM.Collect$$libinit$$00000017  c_p.l(libinit2.o)
    0x00000122   0x00000122   0x00000000   Code   RO          261    .ARM.Collect$$libinit$$00000019  c_p.l(libinit2.o)
    0x00000122   0x00000122   0x00000000   Code   RO          263    .ARM.Collect$$libinit$$0000001B  c_p.l(libinit2.o)
    0x00000122   0x00000122   0x00000000   Code   RO          265    .ARM.Collect$$libinit$$0000001D  c_p.l(libinit2.o)
    0x00000122   0x00000122   0x00000000   Code   RO          267    .ARM.Collect$$libinit$$0000001F  c_p.l(libinit2.o)
    0x00000122   0x00000122   0x00000000   Code   RO          269    .ARM.Collect$$libinit$$00000021  c_p.l(libinit2.o)
    0x00000122   0x00000122   0x00000000   Code   RO          271    .ARM.Collect$$libinit$$00000023  c_p.l(libinit2.o)
    0x00000122   0x00000122   0x00000000   Code   RO          273    .ARM.Collect$$libinit$$00000025  c_p.l(libinit2.o)
    0x00000122   0x00000122   0x00000000   Code   RO          277    .ARM.Collect$$libinit$$0000002C  c_p.l(libinit2.o)
    0x00000122   0x00000122   0x00000000   Code   RO          279    .ARM.Collect$$libinit$$0000002E  c_p.l(libinit2.o)
    0x00000122   0x00000122   0x00000000   Code   RO          281    .ARM.Collect$$libinit$$00000030  c_p.l(libinit2.o)
    0x00000122   0x00000122   0x00000000   Code   RO          283    .ARM.Collect$$libinit$$00000032  c_p.l(libinit2.o)
    0x00000122   0x00000122   0x00000002   Code   RO          284    .ARM.Collect$$libinit$$00000033  c_p.l(libinit2.o)
    0x00000124   0x00000124   0x00000002   Code   RO          319    .ARM.Collect$$libshutdown$$00000000  c_p.l(libshutdown.o)
    0x00000126   0x00000126   0x00000000   Code   RO          347    .ARM.Collect$$libshutdown$$00000002  c_p.l(libshutdown2.o)
    0x00000126   0x00000126   0x00000000   Code   RO          349    .ARM.Collect$$libshutdown$$00000004  c_p.l(libshutdown2.o)
    0x00000126   0x00000126   0x00000000   Code   RO          352    .ARM.Collect$$libshutdown$$00000007  c_p.l(libshutdown2.o)
    0x00000126   0x00000126   0x00000000   Code   RO          355    .ARM.Collect$$libshutdown$$0000000A  c_p.l(libshutdown2.o)
    0x00000126   0x00000126   0x00000000   Code   RO          357    .ARM.Collect$$libshutdown$$0000000C  c_p.l(libshutdown2.o)
    0x00000126   0x00000126   0x00000000   Code   RO          360    .ARM.Collect$$libshutdown$$0000000F  c_p.l(libshutdown2.o)
    0x00000126   0x00000126   0x00000002   Code   RO          361    .ARM.Collect$$libshutdown$$00000010  c_p.l(libshutdown2.o)
    0x00000128   0x00000128   0x00000000   Code   RO          191    .ARM.Collect$$rtentry$$00000000  c_p.l(__rtentry.o)
    0x00000128   0x00000128   0x00000000   Code   RO          197    .ARM.Collect$$rtentry$$00000002  c_p.l(__rtentry2.o)
    0x00000128   0x00000128   0x00000006   Code   RO          209    .ARM.Collect$$rtentry$$00000004  c_p.l(__rtentry4.o)
    0x0000012e   0x0000012e   0x00000000   Code   RO          199    .ARM.Collect$$rtentry$$00000009  c_p.l(__rtentry2.o)
    0x0000012e   0x0000012e   0x00000004   Code   RO          200    .ARM.Collect$$rtentry$$0000000A  c_p.l(__rtentry2.o)
    0x00000132   0x00000132   0x00000000   Code   RO          202    .ARM.Collect$$rtentry$$0000000C  c_p.l(__rtentry2.o)
    0x00000132   0x00000132   0x00000008   Code   RO          203    .ARM.Collect$$rtentry$$0000000D  c_p.l(__rtentry2.o)
    0x0000013a   0x0000013a   0x00000002   Code   RO          232    .ARM.Collect$$rtexit$$00000000  c_p.l(rtexit.o)
    0x0000013c   0x0000013c   0x00000000   Code   RO          290    .ARM.Collect$$rtexit$$00000002  c_p.l(rtexit2.o)
    0x0000013c   0x0000013c   0x00000004   Code   RO          291    .ARM.Collect$$rtexit$$00000003  c_p.l(rtexit2.o)
    0x00000140   0x00000140   0x00000006   Code   RO          292    .ARM.Collect$$rtexit$$00000004  c_p.l(rtexit2.o)
    0x00000146   0x00000146   0x00000002   PAD
    0x00000148   0x00000148   0x00000038   Code   RO          173    .emb_text           c_p.l(rt_memcpy.o)
    0x00000180   0x00000180   0x00000034   Code   RO          150    .text               startup_mkl05z4.o
    0x000001b4   0x000001b4   0x00000082   Code   RO          174    .text               c_p.l(rt_memcpy.o)
    0x00000236   0x00000236   0x00000040   Code   RO          177    .text               c_p.l(rt_memclr.o)
    0x00000276   0x00000276   0x00000006   Code   RO          187    .text               c_p.l(heapauxi.o)
    0x0000027c   0x0000027c   0x0000003e   Code   RO          213    .text               c_p.l(sys_stackheap_outer.o)
    0x000002ba   0x000002ba   0x00000010   Code   RO          216    .text               c_p.l(exit.o)
    0x000002ca   0x000002ca   0x00000002   PAD
    0x000002cc   0x000002cc   0x00000008   Code   RO          228    .text               c_p.l(libspace.o)
    0x000002d4   0x000002d4   0x0000000c   Code   RO          285    .text               c_p.l(sys_exit.o)
    0x000002e0   0x000002e0   0x00000002   Code   RO          308    .text               c_p.l(use_no_semi.o)
    0x000002e2   0x000002e2   0x00000000   Code   RO          310    .text               c_p.l(indicate_semi.o)
    0x000002e2   0x000002e2   0x00000002   PAD
    0x000002e4   0x000002e4   0x00000084   Code   RO           57    .text.InitSPI       nokia5110.o
    0x00000368   0x00000368   0x00000018   Code   RO           21    .text.PIT_IRQHandler  pit.o
    0x00000380   0x00000380   0x0000005c   Code   RO           11    .text.PIT_Init_Generator  pit.o
    0x000003dc   0x000003dc   0x00000010   Code   RO           40    .text.TPM1_GetVal   hc_sr04.o
    0x000003ec   0x000003ec   0x0000000c   Code   RO           15    .text.__NVIC_ClearPendingIRQ  pit.o
    0x000003f8   0x000003f8   0x00000008   PAD
    0x00000400   0x00000400   0x00000010   Code   RO          149    .ARM.__at_0x400     startup_mkl05z4.o
    0x00000410   0x00000410   0x0000004c   Code   RO          159    .text.SystemInit    system_mkl05z4.o
    0x0000045c   0x0000045c   0x0000007c   Code   RO          103    .text.TPM0_IRQHandler  speaker.o
    0x000004d8   0x000004d8   0x0000007c   Code   RO           91    .text.TPM0_Init_PCM  speaker.o
    0x00000554   0x00000554   0x00000028   Code   RO           42    .text.TPM1_IRQHandler  hc_sr04.o
    0x0000057c   0x0000057c   0x00000060   Code   RO           32    .text.TPM1_Init_InputCapture  hc_sr04.o
    0x000005dc   0x000005dc   0x00000030   Code   RO           44    .text.TRIG_GPIO_Init  hc_sr04.o
    0x0000060c   0x0000060c   0x00000028   Code   RO           46    .text.TRIG_inpulse  hc_sr04.o
    0x00000634   0x00000634   0x0000000c   Code   RO           36    .text.__NVIC_ClearPendingIRQ  hc_sr04.o
    0x00000640   0x00000640   0x00000010   Code   RO           95    .text.__NVIC_ClearPendingIRQ  speaker.o
    0x00000650   0x00000650   0x0000000c   Code   RO           17    .text.__NVIC_EnableIRQ  pit.o
    0x0000065c   0x0000065c   0x0000000c   Code   RO           38    .text.__NVIC_EnableIRQ  hc_sr04.o
    0x00000668   0x00000668   0x00000010   Code   RO           97    .text.__NVIC_EnableIRQ  speaker.o
    0x00000678   0x00000678   0x00000018   Code   RO           13    .text.__NVIC_SetPriority  pit.o
    0x00000690   0x00000690   0x00000014   Code   RO           34    .text.__NVIC_SetPriority  hc_sr04.o
    0x000006a4   0x000006a4   0x00000018   Code   RO           93    .text.__NVIC_SetPriority  speaker.o
    0x000006bc   0x000006bc   0x00000010   Code   RO          101    .text.change_wave_period  speaker.o
    0x000006cc   0x000006cc   0x00000034   Code   RO          118    .text.delay_ms      delay.o
    0x00000700   0x00000700   0x0000002e   Code   RO          139    .text.delay_us      delay_us.o
    0x0000072e   0x0000072e   0x00000076   Code   RO           77    .text.itoa          nokia5110.o
    0x000007a4   0x000007a4   0x00000010   Code   RO           69    .text.lcd_clear     nokia5110.o
    0x000007b4   0x000007b4   0x00000028   Code   RO           63    .text.lcd_cmd       nokia5110.o
    0x000007dc   0x000007dc   0x00000034   Code   RO           75    .text.lcd_copy      nokia5110.o
    0x00000810   0x00000810   0x00000010   Code   RO           71    .text.lcd_draw_bitmap  nokia5110.o
    0x00000820   0x00000820   0x0000005c   Code   RO           73    .text.lcd_draw_text  nokia5110.o
    0x0000087c   0x0000087c   0x00000020   Code   RO           59    .text.lcd_reset     nokia5110.o
    0x0000089c   0x0000089c   0x00000026   Code   RO           67    .text.lcd_setup     nokia5110.o
    0x000008c2   0x000008c2   0x00000002   PAD
    0x000008c4   0x000008c4   0x00000028   Code   RO           79    .text.lcd_update    nokia5110.o
    0x000008ec   0x000008ec   0x00000050   Code   RO            2    .text.main          main.o
    0x0000093c   0x0000093c   0x0000001c   Code   RO           61    .text.spi_send      nokia5110.o
    0x00000958   0x00000958   0x000001f6   Code   RO          180    .text_divfast       c_p.l(aeabi_sdivfast.o)
    0x00000b4e   0x00000b4e   0x000001e0   Data   RO          133    .rodata.font_ASCII  font.o
    0x00000d2e   0x00000d2e   0x000001f8   Data   RO          127    .rodata.logo        bitmap.o
    0x00000f26   0x00000f26   0x00000002   PAD
    0x00000f28   0x00000f28   0x00001774   Data   RO          109    .rodata.music       speaker.o
    0x0000269c   0x0000269c   0x00000010   Data   RO          363    Region$$Table       anon$$obj.o


    Execution Region RW_IRAM1 (Exec base: 0x1ffffc00, Load base: 0x000026ac, Size: 0x00000378, Max: 0x00001000, ABSOLUTE)

    Exec Addr    Load Addr    Size         Type   Attr      Idx    E Section Name        Object

    0x1ffffc00        -       0x00000060   Zero   RW          229    .bss                c_p.l(libspace.o)
    0x1ffffc60        -       0x000001f8   Zero   RW           81    .bss.lcd_buffer     nokia5110.o
    0x1ffffe58        -       0x00000001   Zero   RW           23    .bss.pitEnabled     pit.o
    0x1ffffe59   0x000026ac   0x00000001   PAD
    0x1ffffe5a        -       0x00000002   Zero   RW          105    .bss.sampleCNT      speaker.o
    0x1ffffe5c        -       0x0000000c   Zero   RW           82    .bss.str            nokia5110.o
    0x1ffffe68        -       0x00000002   Zero   RW           48    .bss.tpm0Diff       hc_sr04.o
    0x1ffffe6a        -       0x00000002   Zero   RW           49    .bss.tpm0New        hc_sr04.o
    0x1ffffe6c        -       0x00000002   Zero   RW          107    .bss.upSampleCNT    speaker.o
    0x1ffffe6e   0x000026ac   0x00000002   PAD
    0x1ffffe70        -       0x00000004   Zero   RW          108    .bss.wait_counter   speaker.o
    0x1ffffe74        -       0x00000004   Zero   RW          106    .bss.wave_period    speaker.o
    0x1ffffe78        -       0x00000000   Zero   RW          147    HEAP                startup_mkl05z4.o
    0x1ffffe78        -       0x00000100   Zero   RW          146    STACK               startup_mkl05z4.o


==============================================================================

Image component sizes


      Code (inc. data)   RO Data    RW Data    ZI Data      Debug   Object Name

         0          0        504          0          0        368   bitmap.o
        52          4          0          0          0        501   delay.o
        46          0          0          0          0        481   delay_us.o
         0          0        480          0          0        459   font.o
       284         40          0          0          4       4362   hc_sr04.o
        80          4          0          0          0        382   main.o
       604         36          0          0        516       4568   nokia5110.o
       164         28          0          0          1       3839   pit.o
       320         48       6004          0         12       4391   speaker.o
        68         38        192          0        256        812   startup_mkl05z4.o
        76         16          0          0          0       2309   system_mkl05z4.o

    ----------------------------------------------------------------------
      1704        214       7198          0        792      22472   Object Totals
         0          0         16          0          0          0   (incl. Generated)
        10          0          2          0          3          0   (incl. Padding)

    ----------------------------------------------------------------------

      Code (inc. data)   RO Data    RW Data    ZI Data      Debug   Library Member Name

         8          0          0          0          0         68   __main.o
         0          0          0          0          0          0   __rtentry.o
        12          0          0          0          0          0   __rtentry2.o
         6          0          0          0          0          0   __rtentry4.o
        60          8          0          0          0          0   __scatter.o
        28          0          0          0          0          0   __scatter_zi.o
       502          0          0          0          0         92   aeabi_sdivfast.o
        16          0          0          0          0         68   exit.o
         6          0          0          0          0        136   heapauxi.o
         0          0          0          0          0          0   indicate_semi.o
         2          0          0          0          0          0   libinit.o
         2          0          0          0          0          0   libinit2.o
         2          0          0          0          0          0   libshutdown.o
         2          0          0          0          0          0   libshutdown2.o
         8          4          0          0         96         68   libspace.o
        64          0          0          0          0        108   rt_memclr.o
       186          0          0          0          0        144   rt_memcpy.o
         2          0          0          0          0          0   rtexit.o
        10          0          0          0          0          0   rtexit2.o
        12          4          0          0          0         60   sys_exit.o
        62          0          0          0          0         80   sys_stackheap_outer.o
         2          0          0          0          0         68   use_no_semi.o

    ----------------------------------------------------------------------
       998         16          0          0         96        892   Library Totals
         6          0          0          0          0          0   (incl. Padding)

    ----------------------------------------------------------------------

      Code (inc. data)   RO Data    RW Data    ZI Data      Debug   Library Name

       992         16          0          0         96        892   c_p.l

    ----------------------------------------------------------------------
       998         16          0          0         96        892   Library Totals

    ----------------------------------------------------------------------

==============================================================================


      Code (inc. data)   RO Data    RW Data    ZI Data      Debug   

      2702        230       7198          0        888      22900   Grand Totals
      2702        230       7198          0        888      22900   ELF Image Totals
      2702        230       7198          0          0          0   ROM Totals

==============================================================================

    Total RO  Size (Code + RO Data)                 9900 (   9.67kB)
    Total RW  Size (RW Data + ZI Data)               888 (   0.87kB)
    Total ROM Size (Code + RO Data + RW Data)       9900 (   9.67kB)

==============================================================================

