Component: ARM Compiler 6.14.1 Tool: armlink [5db06d00]

==============================================================================

Section Cross References

    i2c.o(.ARM.exidx.text.I2C_Init) refers to i2c.o(.text.I2C_Init) for [Anonymous Symbol]
    i2c.o(.text.I2C_Write) refers to i2c.o(.text.i2c_enable) for i2c_enable
    i2c.o(.text.I2C_Write) refers to i2c.o(.text.i2c_tran) for i2c_tran
    i2c.o(.text.I2C_Write) refers to i2c.o(.text.i2c_m_start) for i2c_m_start
    i2c.o(.text.I2C_Write) refers to i2c.o(.text.i2c_send) for i2c_send
    i2c.o(.text.I2C_Write) refers to i2c.o(.text.i2c_wait) for i2c_wait
    i2c.o(.text.I2C_Write) refers to i2c.o(.text.i2c_m_stop) for i2c_m_stop
    i2c.o(.text.I2C_Write) refers to i2c.o(.text.i2c_disable) for i2c_disable
    i2c.o(.text.I2C_Write) refers to i2c.o(.bss.error) for [Anonymous Symbol]
    i2c.o(.ARM.exidx.text.I2C_Write) refers to i2c.o(.text.I2C_Write) for [Anonymous Symbol]
    i2c.o(.ARM.exidx.text.i2c_enable) refers to i2c.o(.text.i2c_enable) for [Anonymous Symbol]
    i2c.o(.ARM.exidx.text.i2c_tran) refers to i2c.o(.text.i2c_tran) for [Anonymous Symbol]
    i2c.o(.ARM.exidx.text.i2c_m_start) refers to i2c.o(.text.i2c_m_start) for [Anonymous Symbol]
    i2c.o(.ARM.exidx.text.i2c_send) refers to i2c.o(.text.i2c_send) for [Anonymous Symbol]
    i2c.o(.text.i2c_wait) refers to i2c.o(.bss.error) for [Anonymous Symbol]
    i2c.o(.ARM.exidx.text.i2c_wait) refers to i2c.o(.text.i2c_wait) for [Anonymous Symbol]
    i2c.o(.ARM.exidx.text.i2c_m_stop) refers to i2c.o(.text.i2c_m_stop) for [Anonymous Symbol]
    i2c.o(.ARM.exidx.text.i2c_disable) refers to i2c.o(.text.i2c_disable) for [Anonymous Symbol]
    i2c.o(.ARM.exidx.text.i2c_m_rstart) refers to i2c.o(.text.i2c_m_rstart) for [Anonymous Symbol]
    lcd1602.o(.text.LCD1602_Init) refers to i2c.o(.text.I2C_Init) for I2C_Init
    lcd1602.o(.text.LCD1602_Init) refers to lcd1602.o(.text.PCF8574_Write) for PCF8574_Write
    lcd1602.o(.text.LCD1602_Init) refers to lcd1602.o(.text.LCD1602_Write8) for LCD1602_Write8
    lcd1602.o(.ARM.exidx.text.LCD1602_Init) refers to lcd1602.o(.text.LCD1602_Init) for [Anonymous Symbol]
    lcd1602.o(.text.PCF8574_Write) refers to i2c.o(.text.I2C_Write) for I2C_Write
    lcd1602.o(.text.PCF8574_Write) refers to lcd1602.o(.data.lcd_backlight) for [Anonymous Symbol]
    lcd1602.o(.ARM.exidx.text.PCF8574_Write) refers to lcd1602.o(.text.PCF8574_Write) for [Anonymous Symbol]
    lcd1602.o(.text.LCD1602_Write8) refers to lcd1602.o(.text.LCD1602_Write4) for LCD1602_Write4
    lcd1602.o(.ARM.exidx.text.LCD1602_Write8) refers to lcd1602.o(.text.LCD1602_Write8) for [Anonymous Symbol]
    lcd1602.o(.text.LCD1602_SetCursor) refers to lcd1602.o(.text.LCD1602_Write8) for LCD1602_Write8
    lcd1602.o(.ARM.exidx.text.LCD1602_SetCursor) refers to lcd1602.o(.text.LCD1602_SetCursor) for [Anonymous Symbol]
    lcd1602.o(.text.LCD1602_ClearAll) refers to lcd1602.o(.text.LCD1602_Write8) for LCD1602_Write8
    lcd1602.o(.ARM.exidx.text.LCD1602_ClearAll) refers to lcd1602.o(.text.LCD1602_ClearAll) for [Anonymous Symbol]
    lcd1602.o(.text.LCD1602_Print) refers to lcd1602.o(.text.LCD1602_Write8) for LCD1602_Write8
    lcd1602.o(.ARM.exidx.text.LCD1602_Print) refers to lcd1602.o(.text.LCD1602_Print) for [Anonymous Symbol]
    lcd1602.o(.text.LCD1602_PrintNum) refers to lcd1602.o(.text.itoa) for itoa
    lcd1602.o(.text.LCD1602_PrintNum) refers to lcd1602.o(.text.LCD1602_Print) for LCD1602_Print
    lcd1602.o(.ARM.exidx.text.LCD1602_PrintNum) refers to lcd1602.o(.text.LCD1602_PrintNum) for [Anonymous Symbol]
    lcd1602.o(.text.itoa) refers to aeabi_sdivfast.o(.text_divfast) for __aeabi_idiv
    lcd1602.o(.ARM.exidx.text.itoa) refers to lcd1602.o(.text.itoa) for [Anonymous Symbol]
    lcd1602.o(.text.LCD1602_Backlight) refers to lcd1602.o(.text.PCF8574_Write) for PCF8574_Write
    lcd1602.o(.text.LCD1602_Backlight) refers to lcd1602.o(.data.lcd_backlight) for [Anonymous Symbol]
    lcd1602.o(.ARM.exidx.text.LCD1602_Backlight) refers to lcd1602.o(.text.LCD1602_Backlight) for [Anonymous Symbol]
    lcd1602.o(.text.LCD1602_Write4) refers to lcd1602.o(.text.PCF8574_Write) for PCF8574_Write
    lcd1602.o(.ARM.exidx.text.LCD1602_Write4) refers to lcd1602.o(.text.LCD1602_Write4) for [Anonymous Symbol]
    main.o(.text.main) refers to lcd1602.o(.text.LCD1602_Init) for LCD1602_Init
    main.o(.text.main) refers to main.o(.text.lcd_static) for lcd_static
    main.o(.text.main) refers to pit.o(.text.PIT_Init_Generator) for PIT_Init_Generator
    main.o(.text.main) refers to hc_sr04.o(.text.TPM0_Init_InputCapture) for TPM0_Init_InputCapture
    main.o(.text.main) refers to hc_sr04.o(.text.TRIG_GPIO_Init) for TRIG_GPIO_Init
    main.o(.text.main) refers to hc_sr04.o(.text.TRIG_inpulse) for TRIG_inpulse
    main.o(.text.main) refers to main.o(.text.lcd_update) for lcd_update
    main.o(.text.main) refers to hc_sr04.o(.text.delay_ms) for delay_ms
    main.o(.ARM.exidx.text.main) refers to main.o(.text.main) for [Anonymous Symbol]
    main.o(.text.lcd_static) refers to lcd1602.o(.text.LCD1602_ClearAll) for LCD1602_ClearAll
    main.o(.text.lcd_static) refers to lcd1602.o(.text.LCD1602_SetCursor) for LCD1602_SetCursor
    main.o(.text.lcd_static) refers to lcd1602.o(.text.LCD1602_Print) for LCD1602_Print
    main.o(.text.lcd_static) refers to main.o(.text.lcd_update) for lcd_update
    main.o(.ARM.exidx.text.lcd_static) refers to main.o(.text.lcd_static) for [Anonymous Symbol]
    main.o(.text.lcd_update) refers to lcd1602.o(.text.LCD1602_SetCursor) for LCD1602_SetCursor
    main.o(.text.lcd_update) refers to hc_sr04.o(.text.TPM0_GetVal) for TPM0_GetVal
    main.o(.text.lcd_update) refers to aeabi_sdivfast.o(.text_divfast) for __aeabi_idiv
    main.o(.text.lcd_update) refers to lcd1602.o(.text.LCD1602_PrintNum) for LCD1602_PrintNum
    main.o(.ARM.exidx.text.lcd_update) refers to main.o(.text.lcd_update) for [Anonymous Symbol]
    pit.o(.text.PIT_Init_Generator) refers to pit.o(.text.__NVIC_SetPriority) for __NVIC_SetPriority
    pit.o(.text.PIT_Init_Generator) refers to pit.o(.text.__NVIC_ClearPendingIRQ) for __NVIC_ClearPendingIRQ
    pit.o(.text.PIT_Init_Generator) refers to pit.o(.text.__NVIC_EnableIRQ) for __NVIC_EnableIRQ
    pit.o(.text.PIT_Init_Generator) refers to pit.o(.bss.pitEnabled) for [Anonymous Symbol]
    pit.o(.ARM.exidx.text.PIT_Init_Generator) refers to pit.o(.text.PIT_Init_Generator) for [Anonymous Symbol]
    pit.o(.ARM.exidx.text.__NVIC_SetPriority) refers to pit.o(.text.__NVIC_SetPriority) for [Anonymous Symbol]
    pit.o(.ARM.exidx.text.__NVIC_ClearPendingIRQ) refers to pit.o(.text.__NVIC_ClearPendingIRQ) for [Anonymous Symbol]
    pit.o(.ARM.exidx.text.__NVIC_EnableIRQ) refers to pit.o(.text.__NVIC_EnableIRQ) for [Anonymous Symbol]
    pit.o(.text.PIT_SetTSV) refers to pit.o(.bss.pitEnabled) for [Anonymous Symbol]
    pit.o(.ARM.exidx.text.PIT_SetTSV) refers to pit.o(.text.PIT_SetTSV) for [Anonymous Symbol]
    pit.o(.ARM.exidx.text.PIT_IRQHandler) refers to pit.o(.text.PIT_IRQHandler) for [Anonymous Symbol]
    hc_sr04.o(.text.TPM0_Init_InputCapture) refers to hc_sr04.o(.text.__NVIC_SetPriority) for __NVIC_SetPriority
    hc_sr04.o(.text.TPM0_Init_InputCapture) refers to hc_sr04.o(.text.__NVIC_ClearPendingIRQ) for __NVIC_ClearPendingIRQ
    hc_sr04.o(.text.TPM0_Init_InputCapture) refers to hc_sr04.o(.text.__NVIC_EnableIRQ) for __NVIC_EnableIRQ
    hc_sr04.o(.ARM.exidx.text.TPM0_Init_InputCapture) refers to hc_sr04.o(.text.TPM0_Init_InputCapture) for [Anonymous Symbol]
    hc_sr04.o(.ARM.exidx.text.__NVIC_SetPriority) refers to hc_sr04.o(.text.__NVIC_SetPriority) for [Anonymous Symbol]
    hc_sr04.o(.ARM.exidx.text.__NVIC_ClearPendingIRQ) refers to hc_sr04.o(.text.__NVIC_ClearPendingIRQ) for [Anonymous Symbol]
    hc_sr04.o(.ARM.exidx.text.__NVIC_EnableIRQ) refers to hc_sr04.o(.text.__NVIC_EnableIRQ) for [Anonymous Symbol]
    hc_sr04.o(.text.TPM0_GetVal) refers to hc_sr04.o(.bss.tpm0Diff) for [Anonymous Symbol]
    hc_sr04.o(.ARM.exidx.text.TPM0_GetVal) refers to hc_sr04.o(.text.TPM0_GetVal) for [Anonymous Symbol]
    hc_sr04.o(.text.TPM0_IRQHandler) refers to hc_sr04.o(.bss.tpm0New) for [Anonymous Symbol]
    hc_sr04.o(.text.TPM0_IRQHandler) refers to hc_sr04.o(.bss.tpm0Diff) for [Anonymous Symbol]
    hc_sr04.o(.ARM.exidx.text.TPM0_IRQHandler) refers to hc_sr04.o(.text.TPM0_IRQHandler) for [Anonymous Symbol]
    hc_sr04.o(.ARM.exidx.text.TRIG_GPIO_Init) refers to hc_sr04.o(.text.TRIG_GPIO_Init) for [Anonymous Symbol]
    hc_sr04.o(.text.TRIG_inpulse) refers to hc_sr04.o(.text.delay_ms) for delay_ms
    hc_sr04.o(.ARM.exidx.text.TRIG_inpulse) refers to hc_sr04.o(.text.TRIG_inpulse) for [Anonymous Symbol]
    hc_sr04.o(.ARM.exidx.text.delay_ms) refers to hc_sr04.o(.text.delay_ms) for [Anonymous Symbol]
    startup_mkl05z4.o(STACK) refers (Special) to heapauxi.o(.text) for __use_two_region_memory
    startup_mkl05z4.o(HEAP) refers (Special) to heapauxi.o(.text) for __use_two_region_memory
    startup_mkl05z4.o(RESET) refers (Special) to heapauxi.o(.text) for __use_two_region_memory
    startup_mkl05z4.o(RESET) refers to startup_mkl05z4.o(STACK) for __initial_sp
    startup_mkl05z4.o(RESET) refers to startup_mkl05z4.o(.text) for Reset_Handler
    startup_mkl05z4.o(RESET) refers to hc_sr04.o(.text.TPM0_IRQHandler) for TPM0_IRQHandler
    startup_mkl05z4.o(RESET) refers to pit.o(.text.PIT_IRQHandler) for PIT_IRQHandler
    startup_mkl05z4.o(.ARM.__at_0x400) refers (Special) to heapauxi.o(.text) for __use_two_region_memory
    startup_mkl05z4.o(.text) refers (Special) to heapauxi.o(.text) for __use_two_region_memory
    startup_mkl05z4.o(.text) refers to system_mkl05z4.o(.text.SystemInit) for SystemInit
    startup_mkl05z4.o(.text) refers to __main.o(!!!main) for __main
    startup_mkl05z4.o(.text) refers to startup_mkl05z4.o(HEAP) for Heap_Mem
    startup_mkl05z4.o(.text) refers to startup_mkl05z4.o(STACK) for Stack_Mem
    system_mkl05z4.o(.ARM.exidx.text.SystemInit) refers to system_mkl05z4.o(.text.SystemInit) for [Anonymous Symbol]
    system_mkl05z4.o(.text.SystemCoreClockUpdate) refers to aeabi_sdivfast.o(.text_divfast) for __aeabi_uidiv
    system_mkl05z4.o(.text.SystemCoreClockUpdate) refers to system_mkl05z4.o(.data.SystemCoreClock) for SystemCoreClock
    system_mkl05z4.o(.ARM.exidx.text.SystemCoreClockUpdate) refers to system_mkl05z4.o(.text.SystemCoreClockUpdate) for [Anonymous Symbol]
    __main.o(!!!main) refers to __rtentry.o(.ARM.Collect$$rtentry$$00000000) for __rt_entry
    __rtentry.o(.ARM.Collect$$rtentry$$00000000) refers (Special) to __rtentry2.o(.ARM.Collect$$rtentry$$0000000A) for __rt_entry_li
    __rtentry.o(.ARM.Collect$$rtentry$$00000000) refers (Special) to __rtentry2.o(.ARM.Collect$$rtentry$$0000000D) for __rt_entry_main
    __rtentry.o(.ARM.Collect$$rtentry$$00000000) refers (Special) to __rtentry2.o(.ARM.Collect$$rtentry$$0000000C) for __rt_entry_postli_1
    __rtentry.o(.ARM.Collect$$rtentry$$00000000) refers (Special) to __rtentry2.o(.ARM.Collect$$rtentry$$00000009) for __rt_entry_postsh_1
    __rtentry.o(.ARM.Collect$$rtentry$$00000000) refers (Special) to __rtentry2.o(.ARM.Collect$$rtentry$$00000002) for __rt_entry_presh_1
    __rtentry.o(.ARM.Collect$$rtentry$$00000000) refers (Special) to __rtentry4.o(.ARM.Collect$$rtentry$$00000004) for __rt_entry_sh
    aeabi_idiv0_sigfpe.o(.text) refers to rt_div0.o(.text) for __rt_div0
    __rtentry2.o(.ARM.Collect$$rtentry$$00000008) refers to boardinit2.o(.text) for _platform_post_stackheap_init
    __rtentry2.o(.ARM.Collect$$rtentry$$0000000A) refers to libinit.o(.ARM.Collect$$libinit$$00000000) for __rt_lib_init
    __rtentry2.o(.ARM.Collect$$rtentry$$0000000B) refers to boardinit3.o(.text) for _platform_post_lib_init
    __rtentry2.o(.ARM.Collect$$rtentry$$0000000D) refers to main.o(.text.main) for main
    __rtentry2.o(.ARM.Collect$$rtentry$$0000000D) refers to exit.o(.text) for exit
    __rtentry2.o(.ARM.exidx) refers to __rtentry2.o(.ARM.Collect$$rtentry$$00000001) for .ARM.Collect$$rtentry$$00000001
    __rtentry2.o(.ARM.exidx) refers to __rtentry2.o(.ARM.Collect$$rtentry$$00000008) for .ARM.Collect$$rtentry$$00000008
    __rtentry2.o(.ARM.exidx) refers to __rtentry2.o(.ARM.Collect$$rtentry$$0000000A) for .ARM.Collect$$rtentry$$0000000A
    __rtentry2.o(.ARM.exidx) refers to __rtentry2.o(.ARM.Collect$$rtentry$$0000000B) for .ARM.Collect$$rtentry$$0000000B
    __rtentry2.o(.ARM.exidx) refers to __rtentry2.o(.ARM.Collect$$rtentry$$0000000D) for .ARM.Collect$$rtentry$$0000000D
    __rtentry4.o(.ARM.Collect$$rtentry$$00000004) refers to sys_stackheap_outer.o(.text) for __user_setup_stackheap
    __rtentry4.o(.ARM.exidx) refers to __rtentry4.o(.ARM.Collect$$rtentry$$00000004) for .ARM.Collect$$rtentry$$00000004
    rt_div0.o(.text) refers to defsig_fpe_outer.o(.text) for __rt_SIGFPE
    sys_stackheap_outer.o(.text) refers to libspace.o(.text) for __user_perproc_libspace
    sys_stackheap_outer.o(.text) refers to startup_mkl05z4.o(.text) for __user_initial_stackheap
    sys_stackheap_outer.o(__vectab_stack_and_reset_area) refers to tempstk.o(.text) for __temporary_stack_top
    sys_stackheap_outer.o(__vectab_stack_and_reset_area) refers to __main.o(!!!main) for __main
    exit.o(.text) refers to rtexit.o(.ARM.Collect$$rtexit$$00000000) for __rt_exit
    defsig_fpe_outer.o(.text) refers to defsig_fpe_inner.o(.text) for __rt_SIGFPE_inner
    defsig_fpe_outer.o(.text) refers to defsig_exit.o(.text) for __sig_exit
    defsig_fpe_formal.o(.text) refers to rt_raise.o(.text) for __rt_raise
    libinit.o(.ARM.Collect$$libinit$$00000000) refers (Special) to libinit2.o(.ARM.Collect$$libinit$$0000002E) for __rt_lib_init_alloca_1
    libinit.o(.ARM.Collect$$libinit$$00000000) refers (Special) to libinit2.o(.ARM.Collect$$libinit$$0000002C) for __rt_lib_init_argv_1
    libinit.o(.ARM.Collect$$libinit$$00000000) refers (Special) to libinit2.o(.ARM.Collect$$libinit$$0000001B) for __rt_lib_init_atexit_1
    libinit.o(.ARM.Collect$$libinit$$00000000) refers (Special) to libinit2.o(.ARM.Collect$$libinit$$00000021) for __rt_lib_init_clock_1
    libinit.o(.ARM.Collect$$libinit$$00000000) refers (Special) to libinit2.o(.ARM.Collect$$libinit$$00000032) for __rt_lib_init_cpp_1
    libinit.o(.ARM.Collect$$libinit$$00000000) refers (Special) to libinit2.o(.ARM.Collect$$libinit$$00000030) for __rt_lib_init_exceptions_1
    libinit.o(.ARM.Collect$$libinit$$00000000) refers (Special) to libinit2.o(.ARM.Collect$$libinit$$00000002) for __rt_lib_init_fp_1
    libinit.o(.ARM.Collect$$libinit$$00000000) refers (Special) to libinit2.o(.ARM.Collect$$libinit$$0000001F) for __rt_lib_init_fp_trap_1
    libinit.o(.ARM.Collect$$libinit$$00000000) refers (Special) to libinit2.o(.ARM.Collect$$libinit$$00000023) for __rt_lib_init_getenv_1
    libinit.o(.ARM.Collect$$libinit$$00000000) refers (Special) to libinit2.o(.ARM.Collect$$libinit$$0000000A) for __rt_lib_init_heap_1
    libinit.o(.ARM.Collect$$libinit$$00000000) refers (Special) to libinit2.o(.ARM.Collect$$libinit$$00000011) for __rt_lib_init_lc_collate_1
    libinit.o(.ARM.Collect$$libinit$$00000000) refers (Special) to libinit2.o(.ARM.Collect$$libinit$$00000013) for __rt_lib_init_lc_ctype_1
    libinit.o(.ARM.Collect$$libinit$$00000000) refers (Special) to libinit2.o(.ARM.Collect$$libinit$$00000015) for __rt_lib_init_lc_monetary_1
    libinit.o(.ARM.Collect$$libinit$$00000000) refers (Special) to libinit2.o(.ARM.Collect$$libinit$$00000017) for __rt_lib_init_lc_numeric_1
    libinit.o(.ARM.Collect$$libinit$$00000000) refers (Special) to libinit2.o(.ARM.Collect$$libinit$$00000019) for __rt_lib_init_lc_time_1
    libinit.o(.ARM.Collect$$libinit$$00000000) refers (Special) to libinit2.o(.ARM.Collect$$libinit$$00000004) for __rt_lib_init_preinit_1
    libinit.o(.ARM.Collect$$libinit$$00000000) refers (Special) to libinit2.o(.ARM.Collect$$libinit$$0000000E) for __rt_lib_init_rand_1
    libinit.o(.ARM.Collect$$libinit$$00000000) refers (Special) to libinit2.o(.ARM.Collect$$libinit$$00000033) for __rt_lib_init_return
    libinit.o(.ARM.Collect$$libinit$$00000000) refers (Special) to libinit2.o(.ARM.Collect$$libinit$$0000001D) for __rt_lib_init_signal_1
    libinit.o(.ARM.Collect$$libinit$$00000000) refers (Special) to libinit2.o(.ARM.Collect$$libinit$$00000025) for __rt_lib_init_stdio_1
    libinit.o(.ARM.Collect$$libinit$$00000000) refers (Special) to libinit2.o(.ARM.Collect$$libinit$$0000000C) for __rt_lib_init_user_alloc_1
    libspace.o(.text) refers to libspace.o(.bss) for __libspace_start
    rtexit.o(.ARM.Collect$$rtexit$$00000000) refers (Special) to rtexit2.o(.ARM.Collect$$rtexit$$00000004) for __rt_exit_exit
    rtexit.o(.ARM.Collect$$rtexit$$00000000) refers (Special) to rtexit2.o(.ARM.Collect$$rtexit$$00000003) for __rt_exit_ls
    rtexit.o(.ARM.Collect$$rtexit$$00000000) refers (Special) to rtexit2.o(.ARM.Collect$$rtexit$$00000002) for __rt_exit_prels_1
    rtexit.o(.ARM.exidx) refers (Special) to rtexit2.o(.ARM.Collect$$rtexit$$00000004) for __rt_exit_exit
    rtexit.o(.ARM.exidx) refers (Special) to rtexit2.o(.ARM.Collect$$rtexit$$00000003) for __rt_exit_ls
    rtexit.o(.ARM.exidx) refers (Special) to rtexit2.o(.ARM.Collect$$rtexit$$00000002) for __rt_exit_prels_1
    rtexit.o(.ARM.exidx) refers to rtexit.o(.ARM.Collect$$rtexit$$00000000) for .ARM.Collect$$rtexit$$00000000
    rt_raise.o(.text) refers to __raise.o(.text) for __raise
    rt_raise.o(.text) refers to sys_exit.o(.text) for _sys_exit
    defsig_exit.o(.text) refers to sys_exit.o(.text) for _sys_exit
    defsig_fpe_inner.o(.text) refers to defsig_general.o(.text) for __default_signal_display
    libinit2.o(.ARM.Collect$$libinit$$00000010) refers to libinit2.o(.ARM.Collect$$libinit$$0000000F) for .ARM.Collect$$libinit$$0000000F
    libinit2.o(.ARM.Collect$$libinit$$00000012) refers to libinit2.o(.ARM.Collect$$libinit$$0000000F) for .ARM.Collect$$libinit$$0000000F
    libinit2.o(.ARM.Collect$$libinit$$00000014) refers to libinit2.o(.ARM.Collect$$libinit$$0000000F) for .ARM.Collect$$libinit$$0000000F
    libinit2.o(.ARM.Collect$$libinit$$00000016) refers to libinit2.o(.ARM.Collect$$libinit$$0000000F) for .ARM.Collect$$libinit$$0000000F
    libinit2.o(.ARM.Collect$$libinit$$00000018) refers to libinit2.o(.ARM.Collect$$libinit$$0000000F) for .ARM.Collect$$libinit$$0000000F
    libinit2.o(.ARM.Collect$$libinit$$00000026) refers to argv_veneer.o(.text) for __ARM_argv_veneer
    libinit2.o(.ARM.Collect$$libinit$$00000027) refers to argv_veneer.o(.text) for __ARM_argv_veneer
    sys_exit.o(.text) refers (Special) to use_no_semi.o(.text) for __I$use$semihosting
    sys_exit.o(.text) refers (Special) to indicate_semi.o(.text) for __semihosting_library_function
    sys_exit_hlt.o(.text) refers (Special) to use_no_semi.o(.text) for __I$use$semihosting
    sys_exit_hlt.o(.text) refers (Special) to indicate_semi.o(.text) for __semihosting_library_function
    rtexit2.o(.ARM.Collect$$rtexit$$00000003) refers to libshutdown.o(.ARM.Collect$$libshutdown$$00000000) for __rt_lib_shutdown
    rtexit2.o(.ARM.Collect$$rtexit$$00000004) refers to sys_exit.o(.text) for _sys_exit
    rtexit2.o(.ARM.exidx) refers to rtexit2.o(.ARM.Collect$$rtexit$$00000001) for .ARM.Collect$$rtexit$$00000001
    rtexit2.o(.ARM.exidx) refers to rtexit2.o(.ARM.Collect$$rtexit$$00000003) for .ARM.Collect$$rtexit$$00000003
    rtexit2.o(.ARM.exidx) refers to rtexit2.o(.ARM.Collect$$rtexit$$00000004) for .ARM.Collect$$rtexit$$00000004
    __raise.o(.text) refers to defsig.o(CL$$defsig) for __default_signal_handler
    defsig_general.o(.text) refers to sys_wrch.o(.text) for _ttywrch
    sys_wrch.o(.text) refers (Special) to use_no_semi.o(.text) for __I$use$semihosting
    sys_wrch.o(.text) refers (Special) to indicate_semi.o(.text) for __semihosting_library_function
    sys_wrch_hlt.o(.text) refers (Special) to use_no_semi.o(.text) for __I$use$semihosting
    sys_wrch_hlt.o(.text) refers (Special) to indicate_semi.o(.text) for __semihosting_library_function
    defsig.o(CL$$defsig) refers to defsig_fpe_inner.o(.text) for __rt_SIGFPE_inner
    defsig.o(CL$$defsig) refers to defsig_rtmem_inner.o(.text) for __rt_SIGRTMEM_inner
    _get_argv_nomalloc.o(.text) refers (Special) to hrguard.o(.text) for __heap_region$guard
    _get_argv_nomalloc.o(.text) refers to defsig_rtmem_outer.o(.text) for __rt_SIGRTMEM
    _get_argv_nomalloc.o(.text) refers to sys_command.o(.text) for _sys_command_string
    libshutdown.o(.ARM.Collect$$libshutdown$$00000000) refers (Special) to libshutdown2.o(.ARM.Collect$$libshutdown$$00000002) for __rt_lib_shutdown_cpp_1
    libshutdown.o(.ARM.Collect$$libshutdown$$00000000) refers (Special) to libshutdown2.o(.ARM.Collect$$libshutdown$$00000007) for __rt_lib_shutdown_fp_trap_1
    libshutdown.o(.ARM.Collect$$libshutdown$$00000000) refers (Special) to libshutdown2.o(.ARM.Collect$$libshutdown$$0000000F) for __rt_lib_shutdown_heap_1
    libshutdown.o(.ARM.Collect$$libshutdown$$00000000) refers (Special) to libshutdown2.o(.ARM.Collect$$libshutdown$$00000010) for __rt_lib_shutdown_return
    libshutdown.o(.ARM.Collect$$libshutdown$$00000000) refers (Special) to libshutdown2.o(.ARM.Collect$$libshutdown$$0000000A) for __rt_lib_shutdown_signal_1
    libshutdown.o(.ARM.Collect$$libshutdown$$00000000) refers (Special) to libshutdown2.o(.ARM.Collect$$libshutdown$$00000004) for __rt_lib_shutdown_stdio_1
    libshutdown.o(.ARM.Collect$$libshutdown$$00000000) refers (Special) to libshutdown2.o(.ARM.Collect$$libshutdown$$0000000C) for __rt_lib_shutdown_user_alloc_1
    sys_command.o(.text) refers (Special) to use_no_semi.o(.text) for __I$use$semihosting
    sys_command.o(.text) refers (Special) to indicate_semi.o(.text) for __semihosting_library_function
    sys_command_hlt.o(.text) refers (Special) to use_no_semi.o(.text) for __I$use$semihosting
    sys_command_hlt.o(.text) refers (Special) to indicate_semi.o(.text) for __semihosting_library_function
    defsig_abrt_inner.o(.text) refers to defsig_general.o(.text) for __default_signal_display
    defsig_rtred_inner.o(.text) refers to defsig_general.o(.text) for __default_signal_display
    defsig_rtmem_inner.o(.text) refers to defsig_general.o(.text) for __default_signal_display
    defsig_rtmem_outer.o(.text) refers to defsig_rtmem_inner.o(.text) for __rt_SIGRTMEM_inner
    defsig_rtmem_outer.o(.text) refers to defsig_exit.o(.text) for __sig_exit
    defsig_rtmem_formal.o(.text) refers to rt_raise.o(.text) for __rt_raise
    defsig_stak_inner.o(.text) refers to defsig_general.o(.text) for __default_signal_display
    defsig_pvfn_inner.o(.text) refers to defsig_general.o(.text) for __default_signal_display
    defsig_cppl_inner.o(.text) refers to defsig_general.o(.text) for __default_signal_display
    defsig_segv_inner.o(.text) refers to defsig_general.o(.text) for __default_signal_display
    defsig_other.o(.text) refers to defsig_general.o(.text) for __default_signal_display


==============================================================================

Removing Unused input sections from the image.

    Removing i2c.o(.text), (0 bytes).
    Removing i2c.o(.ARM.exidx.text.I2C_Init), (8 bytes).
    Removing i2c.o(.ARM.exidx.text.I2C_Write), (8 bytes).
    Removing i2c.o(.ARM.exidx.text.i2c_enable), (8 bytes).
    Removing i2c.o(.ARM.exidx.text.i2c_tran), (8 bytes).
    Removing i2c.o(.ARM.exidx.text.i2c_m_start), (8 bytes).
    Removing i2c.o(.ARM.exidx.text.i2c_send), (8 bytes).
    Removing i2c.o(.ARM.exidx.text.i2c_wait), (8 bytes).
    Removing i2c.o(.ARM.exidx.text.i2c_m_stop), (8 bytes).
    Removing i2c.o(.ARM.exidx.text.i2c_disable), (8 bytes).
    Removing i2c.o(.text.i2c_m_rstart), (16 bytes).
    Removing i2c.o(.ARM.exidx.text.i2c_m_rstart), (8 bytes).
    Removing lcd1602.o(.text), (0 bytes).
    Removing lcd1602.o(.ARM.exidx.text.LCD1602_Init), (8 bytes).
    Removing lcd1602.o(.ARM.exidx.text.PCF8574_Write), (8 bytes).
    Removing lcd1602.o(.ARM.exidx.text.LCD1602_Write8), (8 bytes).
    Removing lcd1602.o(.ARM.exidx.text.LCD1602_SetCursor), (8 bytes).
    Removing lcd1602.o(.ARM.exidx.text.LCD1602_ClearAll), (8 bytes).
    Removing lcd1602.o(.ARM.exidx.text.LCD1602_Print), (8 bytes).
    Removing lcd1602.o(.ARM.exidx.text.LCD1602_PrintNum), (8 bytes).
    Removing lcd1602.o(.ARM.exidx.text.itoa), (8 bytes).
    Removing lcd1602.o(.text.LCD1602_Backlight), (20 bytes).
    Removing lcd1602.o(.ARM.exidx.text.LCD1602_Backlight), (8 bytes).
    Removing lcd1602.o(.ARM.exidx.text.LCD1602_Write4), (8 bytes).
    Removing main.o(.text), (0 bytes).
    Removing main.o(.ARM.exidx.text.main), (8 bytes).
    Removing main.o(.ARM.exidx.text.lcd_static), (8 bytes).
    Removing main.o(.ARM.exidx.text.lcd_update), (8 bytes).
    Removing main.o(.ARM.use_no_argv), (4 bytes).
    Removing pit.o(.text), (0 bytes).
    Removing pit.o(.ARM.exidx.text.PIT_Init_Generator), (8 bytes).
    Removing pit.o(.ARM.exidx.text.__NVIC_SetPriority), (8 bytes).
    Removing pit.o(.ARM.exidx.text.__NVIC_ClearPendingIRQ), (8 bytes).
    Removing pit.o(.ARM.exidx.text.__NVIC_EnableIRQ), (8 bytes).
    Removing pit.o(.text.PIT_SetTSV), (32 bytes).
    Removing pit.o(.ARM.exidx.text.PIT_SetTSV), (8 bytes).
    Removing pit.o(.ARM.exidx.text.PIT_IRQHandler), (8 bytes).
    Removing hc_sr04.o(.text), (0 bytes).
    Removing hc_sr04.o(.ARM.exidx.text.TPM0_Init_InputCapture), (8 bytes).
    Removing hc_sr04.o(.ARM.exidx.text.__NVIC_SetPriority), (8 bytes).
    Removing hc_sr04.o(.ARM.exidx.text.__NVIC_ClearPendingIRQ), (8 bytes).
    Removing hc_sr04.o(.ARM.exidx.text.__NVIC_EnableIRQ), (8 bytes).
    Removing hc_sr04.o(.ARM.exidx.text.TPM0_GetVal), (8 bytes).
    Removing hc_sr04.o(.ARM.exidx.text.TPM0_IRQHandler), (8 bytes).
    Removing hc_sr04.o(.ARM.exidx.text.TRIG_GPIO_Init), (8 bytes).
    Removing hc_sr04.o(.ARM.exidx.text.TRIG_inpulse), (8 bytes).
    Removing hc_sr04.o(.ARM.exidx.text.delay_ms), (8 bytes).
    Removing system_mkl05z4.o(.text), (0 bytes).
    Removing system_mkl05z4.o(.ARM.exidx.text.SystemInit), (8 bytes).
    Removing system_mkl05z4.o(.text.SystemCoreClockUpdate), (184 bytes).
    Removing system_mkl05z4.o(.ARM.exidx.text.SystemCoreClockUpdate), (8 bytes).
    Removing system_mkl05z4.o(.data.SystemCoreClock), (4 bytes).

52 unused section(s) (total 580 bytes) removed from the image.

==============================================================================

Image Symbol Table

    Local Symbols

    Symbol Name                              Value     Ov Type        Size  Object(Section)

    ../clib/angel/boardlib.s                 0x00000000   Number         0  boardinit1.o ABSOLUTE
    ../clib/angel/boardlib.s                 0x00000000   Number         0  boardinit2.o ABSOLUTE
    ../clib/angel/boardlib.s                 0x00000000   Number         0  boardinit3.o ABSOLUTE
    ../clib/angel/boardlib.s                 0x00000000   Number         0  boardshut.o ABSOLUTE
    ../clib/angel/handlers.s                 0x00000000   Number         0  __scatter_copy.o ABSOLUTE
    ../clib/angel/handlers.s                 0x00000000   Number         0  __scatter_zi.o ABSOLUTE
    ../clib/angel/kernel.s                   0x00000000   Number         0  __rtentry.o ABSOLUTE
    ../clib/angel/kernel.s                   0x00000000   Number         0  __rtentry2.o ABSOLUTE
    ../clib/angel/kernel.s                   0x00000000   Number         0  __rtentry4.o ABSOLUTE
    ../clib/angel/kernel.s                   0x00000000   Number         0  rtexit.o ABSOLUTE
    ../clib/angel/kernel.s                   0x00000000   Number         0  rtexit2.o ABSOLUTE
    ../clib/angel/rt.s                       0x00000000   Number         0  aeabi_idiv0.o ABSOLUTE
    ../clib/angel/rt.s                       0x00000000   Number         0  aeabi_idiv0_sigfpe.o ABSOLUTE
    ../clib/angel/rt.s                       0x00000000   Number         0  rt_div0.o ABSOLUTE
    ../clib/angel/rt.s                       0x00000000   Number         0  rt_raise.o ABSOLUTE
    ../clib/angel/scatterp.s                 0x00000000   Number         0  __scatter.o ABSOLUTE
    ../clib/angel/startup.s                  0x00000000   Number         0  __main.o ABSOLUTE
    ../clib/angel/sys.s                      0x00000000   Number         0  sys_stackheap_outer.o ABSOLUTE
    ../clib/angel/sys.s                      0x00000000   Number         0  libspace.o ABSOLUTE
    ../clib/angel/sys.s                      0x00000000   Number         0  tempstk.o ABSOLUTE
    ../clib/angel/sys.s                      0x00000000   Number         0  use_no_semi.o ABSOLUTE
    ../clib/angel/sys.s                      0x00000000   Number         0  indicate_semi.o ABSOLUTE
    ../clib/angel/sysapp.c                   0x00000000   Number         0  sys_exit.o ABSOLUTE
    ../clib/angel/sysapp.c                   0x00000000   Number         0  sys_exit_hlt.o ABSOLUTE
    ../clib/angel/sysapp.c                   0x00000000   Number         0  sys_wrch.o ABSOLUTE
    ../clib/angel/sysapp.c                   0x00000000   Number         0  sys_wrch_hlt.o ABSOLUTE
    ../clib/angel/sysapp.c                   0x00000000   Number         0  sys_command.o ABSOLUTE
    ../clib/angel/sysapp.c                   0x00000000   Number         0  sys_command_hlt.o ABSOLUTE
    ../clib/armsys.c                         0x00000000   Number         0  argv_veneer.o ABSOLUTE
    ../clib/armsys.c                         0x00000000   Number         0  _get_argv_nomalloc.o ABSOLUTE
    ../clib/armsys.c                         0x00000000   Number         0  no_argv.o ABSOLUTE
    ../clib/division.s                       0x00000000   Number         0  aeabi_sdivfast.o ABSOLUTE
    ../clib/division.s                       0x00000000   Number         0  aeabi_sdivfast_div0.o ABSOLUTE
    ../clib/heapalloc.c                      0x00000000   Number         0  hrguard.o ABSOLUTE
    ../clib/heapaux.c                        0x00000000   Number         0  heapauxi.o ABSOLUTE
    ../clib/libinit.s                        0x00000000   Number         0  libinit.o ABSOLUTE
    ../clib/libinit.s                        0x00000000   Number         0  libinit2.o ABSOLUTE
    ../clib/libinit.s                        0x00000000   Number         0  libshutdown.o ABSOLUTE
    ../clib/libinit.s                        0x00000000   Number         0  libshutdown2.o ABSOLUTE
    ../clib/signal.c                         0x00000000   Number         0  defsig_fpe_outer.o ABSOLUTE
    ../clib/signal.c                         0x00000000   Number         0  defsig_fpe_formal.o ABSOLUTE
    ../clib/signal.c                         0x00000000   Number         0  defsig_exit.o ABSOLUTE
    ../clib/signal.c                         0x00000000   Number         0  defsig_fpe_inner.o ABSOLUTE
    ../clib/signal.c                         0x00000000   Number         0  __raise.o ABSOLUTE
    ../clib/signal.c                         0x00000000   Number         0  defsig_general.o ABSOLUTE
    ../clib/signal.c                         0x00000000   Number         0  defsig_abrt_inner.o ABSOLUTE
    ../clib/signal.c                         0x00000000   Number         0  defsig_rtred_inner.o ABSOLUTE
    ../clib/signal.c                         0x00000000   Number         0  defsig_rtmem_inner.o ABSOLUTE
    ../clib/signal.c                         0x00000000   Number         0  defsig_rtmem_outer.o ABSOLUTE
    ../clib/signal.c                         0x00000000   Number         0  defsig_rtmem_formal.o ABSOLUTE
    ../clib/signal.c                         0x00000000   Number         0  defsig_stak_inner.o ABSOLUTE
    ../clib/signal.c                         0x00000000   Number         0  defsig_pvfn_inner.o ABSOLUTE
    ../clib/signal.c                         0x00000000   Number         0  defsig_cppl_inner.o ABSOLUTE
    ../clib/signal.c                         0x00000000   Number         0  defsig_segv_inner.o ABSOLUTE
    ../clib/signal.c                         0x00000000   Number         0  defsig_other.o ABSOLUTE
    ../clib/signal.s                         0x00000000   Number         0  defsig.o ABSOLUTE
    ../clib/stdlib.c                         0x00000000   Number         0  exit.o ABSOLUTE
    ../fplib/cfplib/fpinit.c                 0x00000000   Number         0  fpinit.o ABSOLUTE
    HC_SR04.c                                0x00000000   Number         0  hc_sr04.o ABSOLUTE
    RTE/Device/MKL05Z32xxx4/startup_MKL05Z4.s 0x00000000   Number         0  startup_mkl05z4.o ABSOLUTE
    dc.s                                     0x00000000   Number         0  dc.o ABSOLUTE
    i2c.c                                    0x00000000   Number         0  i2c.o ABSOLUTE
    lcd1602.c                                0x00000000   Number         0  lcd1602.o ABSOLUTE
    main.c                                   0x00000000   Number         0  main.o ABSOLUTE
    pit.c                                    0x00000000   Number         0  pit.o ABSOLUTE
    system_MKL05Z4.c                         0x00000000   Number         0  system_mkl05z4.o ABSOLUTE
    RESET                                    0x00000000   Section      192  startup_mkl05z4.o(RESET)
    !!!main                                  0x000000c0   Section        8  __main.o(!!!main)
    !!!scatter                               0x000000c8   Section       60  __scatter.o(!!!scatter)
    !!handler_copy                           0x00000104   Section       26  __scatter_copy.o(!!handler_copy)
    !!handler_zi                             0x00000120   Section       28  __scatter_zi.o(!!handler_zi)
    .ARM.Collect$$libinit$$00000000          0x0000013c   Section        2  libinit.o(.ARM.Collect$$libinit$$00000000)
    .ARM.Collect$$libinit$$00000002          0x0000013e   Section        0  libinit2.o(.ARM.Collect$$libinit$$00000002)
    .ARM.Collect$$libinit$$00000004          0x0000013e   Section        0  libinit2.o(.ARM.Collect$$libinit$$00000004)
    .ARM.Collect$$libinit$$0000000A          0x0000013e   Section        0  libinit2.o(.ARM.Collect$$libinit$$0000000A)
    .ARM.Collect$$libinit$$0000000C          0x0000013e   Section        0  libinit2.o(.ARM.Collect$$libinit$$0000000C)
    .ARM.Collect$$libinit$$0000000E          0x0000013e   Section        0  libinit2.o(.ARM.Collect$$libinit$$0000000E)
    .ARM.Collect$$libinit$$00000011          0x0000013e   Section        0  libinit2.o(.ARM.Collect$$libinit$$00000011)
    .ARM.Collect$$libinit$$00000013          0x0000013e   Section        0  libinit2.o(.ARM.Collect$$libinit$$00000013)
    .ARM.Collect$$libinit$$00000015          0x0000013e   Section        0  libinit2.o(.ARM.Collect$$libinit$$00000015)
    .ARM.Collect$$libinit$$00000017          0x0000013e   Section        0  libinit2.o(.ARM.Collect$$libinit$$00000017)
    .ARM.Collect$$libinit$$00000019          0x0000013e   Section        0  libinit2.o(.ARM.Collect$$libinit$$00000019)
    .ARM.Collect$$libinit$$0000001B          0x0000013e   Section        0  libinit2.o(.ARM.Collect$$libinit$$0000001B)
    .ARM.Collect$$libinit$$0000001D          0x0000013e   Section        0  libinit2.o(.ARM.Collect$$libinit$$0000001D)
    .ARM.Collect$$libinit$$0000001F          0x0000013e   Section        0  libinit2.o(.ARM.Collect$$libinit$$0000001F)
    .ARM.Collect$$libinit$$00000021          0x0000013e   Section        0  libinit2.o(.ARM.Collect$$libinit$$00000021)
    .ARM.Collect$$libinit$$00000023          0x0000013e   Section        0  libinit2.o(.ARM.Collect$$libinit$$00000023)
    .ARM.Collect$$libinit$$00000025          0x0000013e   Section        0  libinit2.o(.ARM.Collect$$libinit$$00000025)
    .ARM.Collect$$libinit$$0000002C          0x0000013e   Section        0  libinit2.o(.ARM.Collect$$libinit$$0000002C)
    .ARM.Collect$$libinit$$0000002E          0x0000013e   Section        0  libinit2.o(.ARM.Collect$$libinit$$0000002E)
    .ARM.Collect$$libinit$$00000030          0x0000013e   Section        0  libinit2.o(.ARM.Collect$$libinit$$00000030)
    .ARM.Collect$$libinit$$00000032          0x0000013e   Section        0  libinit2.o(.ARM.Collect$$libinit$$00000032)
    .ARM.Collect$$libinit$$00000033          0x0000013e   Section        2  libinit2.o(.ARM.Collect$$libinit$$00000033)
    .ARM.Collect$$libshutdown$$00000000      0x00000140   Section        2  libshutdown.o(.ARM.Collect$$libshutdown$$00000000)
    .ARM.Collect$$libshutdown$$00000002      0x00000142   Section        0  libshutdown2.o(.ARM.Collect$$libshutdown$$00000002)
    .ARM.Collect$$libshutdown$$00000004      0x00000142   Section        0  libshutdown2.o(.ARM.Collect$$libshutdown$$00000004)
    .ARM.Collect$$libshutdown$$00000007      0x00000142   Section        0  libshutdown2.o(.ARM.Collect$$libshutdown$$00000007)
    .ARM.Collect$$libshutdown$$0000000A      0x00000142   Section        0  libshutdown2.o(.ARM.Collect$$libshutdown$$0000000A)
    .ARM.Collect$$libshutdown$$0000000C      0x00000142   Section        0  libshutdown2.o(.ARM.Collect$$libshutdown$$0000000C)
    .ARM.Collect$$libshutdown$$0000000F      0x00000142   Section        0  libshutdown2.o(.ARM.Collect$$libshutdown$$0000000F)
    .ARM.Collect$$libshutdown$$00000010      0x00000142   Section        2  libshutdown2.o(.ARM.Collect$$libshutdown$$00000010)
    .ARM.Collect$$rtentry$$00000000          0x00000144   Section        0  __rtentry.o(.ARM.Collect$$rtentry$$00000000)
    .ARM.Collect$$rtentry$$00000002          0x00000144   Section        0  __rtentry2.o(.ARM.Collect$$rtentry$$00000002)
    .ARM.Collect$$rtentry$$00000004          0x00000144   Section        6  __rtentry4.o(.ARM.Collect$$rtentry$$00000004)
    .ARM.Collect$$rtentry$$00000009          0x0000014a   Section        0  __rtentry2.o(.ARM.Collect$$rtentry$$00000009)
    .ARM.Collect$$rtentry$$0000000A          0x0000014a   Section        4  __rtentry2.o(.ARM.Collect$$rtentry$$0000000A)
    .ARM.Collect$$rtentry$$0000000C          0x0000014e   Section        0  __rtentry2.o(.ARM.Collect$$rtentry$$0000000C)
    .ARM.Collect$$rtentry$$0000000D          0x0000014e   Section        8  __rtentry2.o(.ARM.Collect$$rtentry$$0000000D)
    .ARM.Collect$$rtexit$$00000000           0x00000156   Section        2  rtexit.o(.ARM.Collect$$rtexit$$00000000)
    .ARM.Collect$$rtexit$$00000002           0x00000158   Section        0  rtexit2.o(.ARM.Collect$$rtexit$$00000002)
    .ARM.Collect$$rtexit$$00000003           0x00000158   Section        4  rtexit2.o(.ARM.Collect$$rtexit$$00000003)
    .ARM.Collect$$rtexit$$00000004           0x0000015c   Section        6  rtexit2.o(.ARM.Collect$$rtexit$$00000004)
    .text                                    0x00000164   Section       52  startup_mkl05z4.o(.text)
    .text                                    0x00000198   Section        0  heapauxi.o(.text)
    .text                                    0x0000019e   Section       62  sys_stackheap_outer.o(.text)
    .text                                    0x000001dc   Section        0  exit.o(.text)
    .text                                    0x000001ec   Section        8  libspace.o(.text)
    .text                                    0x000001f4   Section        0  sys_exit.o(.text)
    .text                                    0x00000200   Section        2  use_no_semi.o(.text)
    .text                                    0x00000202   Section        0  indicate_semi.o(.text)
    [Anonymous Symbol]                       0x00000204   Section        0  i2c.o(.text.I2C_Init)
    __arm_cp.0_0                             0x00000260   Number         4  i2c.o(.text.I2C_Init)
    __arm_cp.0_1                             0x00000264   Number         4  i2c.o(.text.I2C_Init)
    __arm_cp.0_2                             0x00000268   Number         4  i2c.o(.text.I2C_Init)
    [Anonymous Symbol]                       0x0000026c   Section        0  i2c.o(.text.I2C_Write)
    __arm_cp.1_0                             0x000002a8   Number         4  i2c.o(.text.I2C_Write)
    [Anonymous Symbol]                       0x000002ac   Section        0  lcd1602.o(.text.LCD1602_ClearAll)
    [Anonymous Symbol]                       0x000002b8   Section        0  lcd1602.o(.text.LCD1602_Init)
    __arm_cp.0_0                             0x00000300   Number         4  lcd1602.o(.text.LCD1602_Init)
    [Anonymous Symbol]                       0x00000304   Section        0  lcd1602.o(.text.LCD1602_Print)
    [Anonymous Symbol]                       0x00000324   Section        0  lcd1602.o(.text.LCD1602_PrintNum)
    [Anonymous Symbol]                       0x00000350   Section        0  lcd1602.o(.text.LCD1602_SetCursor)
    [Anonymous Symbol]                       0x00000368   Section        0  lcd1602.o(.text.LCD1602_Write4)
    __arm_cp.9_0                             0x0000038c   Number         4  lcd1602.o(.text.LCD1602_Write4)
    [Anonymous Symbol]                       0x00000390   Section        0  lcd1602.o(.text.LCD1602_Write8)
    [Anonymous Symbol]                       0x000003ac   Section        0  lcd1602.o(.text.PCF8574_Write)
    __arm_cp.1_0                             0x000003c4   Number         4  lcd1602.o(.text.PCF8574_Write)
    [Anonymous Symbol]                       0x000003c8   Section        0  pit.o(.text.PIT_IRQHandler)
    __arm_cp.5_0                             0x000003dc   Number         4  pit.o(.text.PIT_IRQHandler)
    [Anonymous Symbol]                       0x000003e0   Section        0  hc_sr04.o(.text.TPM0_GetVal)
    __NVIC_ClearPendingIRQ                   0x000003e9   Thumb Code    12  pit.o(.text.__NVIC_ClearPendingIRQ)
    [Anonymous Symbol]                       0x000003e8   Section        0  pit.o(.text.__NVIC_ClearPendingIRQ)
    __NVIC_EnableIRQ                         0x000003f5   Thumb Code    12  pit.o(.text.__NVIC_EnableIRQ)
    [Anonymous Symbol]                       0x000003f4   Section        0  pit.o(.text.__NVIC_EnableIRQ)
    .ARM.__at_0x400                          0x00000400   Section       16  startup_mkl05z4.o(.ARM.__at_0x400)
    [Anonymous Symbol]                       0x00000410   Section        0  pit.o(.text.PIT_Init_Generator)
    __arm_cp.0_0                             0x00000458   Number         4  pit.o(.text.PIT_Init_Generator)
    __arm_cp.0_1                             0x0000045c   Number         4  pit.o(.text.PIT_Init_Generator)
    __arm_cp.0_2                             0x00000460   Number         4  pit.o(.text.PIT_Init_Generator)
    __arm_cp.0_3                             0x00000464   Number         4  pit.o(.text.PIT_Init_Generator)
    __arm_cp.0_4                             0x00000468   Number         4  pit.o(.text.PIT_Init_Generator)
    [Anonymous Symbol]                       0x0000046c   Section        0  system_mkl05z4.o(.text.SystemInit)
    __arm_cp.0_0                             0x000004a8   Number         4  system_mkl05z4.o(.text.SystemInit)
    __arm_cp.0_1                             0x000004ac   Number         4  system_mkl05z4.o(.text.SystemInit)
    __arm_cp.0_2                             0x000004b0   Number         4  system_mkl05z4.o(.text.SystemInit)
    __arm_cp.0_3                             0x000004b4   Number         4  system_mkl05z4.o(.text.SystemInit)
    [Anonymous Symbol]                       0x000004b8   Section        0  hc_sr04.o(.text.TPM0_IRQHandler)
    __arm_cp.5_0                             0x000004d4   Number         4  hc_sr04.o(.text.TPM0_IRQHandler)
    __arm_cp.5_1                             0x000004d8   Number         4  hc_sr04.o(.text.TPM0_IRQHandler)
    __arm_cp.5_2                             0x000004dc   Number         4  hc_sr04.o(.text.TPM0_IRQHandler)
    [Anonymous Symbol]                       0x000004e0   Section        0  hc_sr04.o(.text.TPM0_Init_InputCapture)
    __arm_cp.0_0                             0x00000534   Number         4  hc_sr04.o(.text.TPM0_Init_InputCapture)
    __arm_cp.0_1                             0x00000538   Number         4  hc_sr04.o(.text.TPM0_Init_InputCapture)
    __arm_cp.0_2                             0x0000053c   Number         4  hc_sr04.o(.text.TPM0_Init_InputCapture)
    [Anonymous Symbol]                       0x00000540   Section        0  hc_sr04.o(.text.TRIG_GPIO_Init)
    __arm_cp.6_0                             0x00000564   Number         4  hc_sr04.o(.text.TRIG_GPIO_Init)
    __arm_cp.6_1                             0x00000568   Number         4  hc_sr04.o(.text.TRIG_GPIO_Init)
    __arm_cp.6_2                             0x0000056c   Number         4  hc_sr04.o(.text.TRIG_GPIO_Init)
    [Anonymous Symbol]                       0x00000570   Section        0  hc_sr04.o(.text.TRIG_inpulse)
    __arm_cp.7_0                             0x00000594   Number         4  hc_sr04.o(.text.TRIG_inpulse)
    __NVIC_ClearPendingIRQ                   0x00000599   Thumb Code    16  hc_sr04.o(.text.__NVIC_ClearPendingIRQ)
    [Anonymous Symbol]                       0x00000598   Section        0  hc_sr04.o(.text.__NVIC_ClearPendingIRQ)
    __arm_cp.2_0                             0x000005a4   Number         4  hc_sr04.o(.text.__NVIC_ClearPendingIRQ)
    __NVIC_EnableIRQ                         0x000005a9   Thumb Code    16  hc_sr04.o(.text.__NVIC_EnableIRQ)
    [Anonymous Symbol]                       0x000005a8   Section        0  hc_sr04.o(.text.__NVIC_EnableIRQ)
    __arm_cp.3_0                             0x000005b4   Number         4  hc_sr04.o(.text.__NVIC_EnableIRQ)
    __NVIC_SetPriority                       0x000005b9   Thumb Code    24  pit.o(.text.__NVIC_SetPriority)
    [Anonymous Symbol]                       0x000005b8   Section        0  pit.o(.text.__NVIC_SetPriority)
    __arm_cp.1_0                             0x000005cc   Number         4  pit.o(.text.__NVIC_SetPriority)
    __NVIC_SetPriority                       0x000005d1   Thumb Code    24  hc_sr04.o(.text.__NVIC_SetPriority)
    [Anonymous Symbol]                       0x000005d0   Section        0  hc_sr04.o(.text.__NVIC_SetPriority)
    __arm_cp.1_0                             0x000005e4   Number         4  hc_sr04.o(.text.__NVIC_SetPriority)
    [Anonymous Symbol]                       0x000005e8   Section        0  hc_sr04.o(.text.delay_ms)
    __arm_cp.8_0                             0x00000618   Number         4  hc_sr04.o(.text.delay_ms)
    [Anonymous Symbol]                       0x0000061c   Section        0  i2c.o(.text.i2c_disable)
    [Anonymous Symbol]                       0x00000628   Section        0  i2c.o(.text.i2c_enable)
    [Anonymous Symbol]                       0x00000634   Section        0  i2c.o(.text.i2c_m_start)
    [Anonymous Symbol]                       0x00000640   Section        0  i2c.o(.text.i2c_m_stop)
    [Anonymous Symbol]                       0x0000064c   Section        0  i2c.o(.text.i2c_send)
    __arm_cp.5_0                             0x00000654   Number         4  i2c.o(.text.i2c_send)
    [Anonymous Symbol]                       0x00000658   Section        0  i2c.o(.text.i2c_tran)
    __arm_cp.3_0                             0x00000664   Number         4  i2c.o(.text.i2c_tran)
    [Anonymous Symbol]                       0x00000668   Section        0  i2c.o(.text.i2c_wait)
    __arm_cp.6_0                             0x000006a0   Number         4  i2c.o(.text.i2c_wait)
    __arm_cp.6_1                             0x000006a4   Number         4  i2c.o(.text.i2c_wait)
    __arm_cp.6_2                             0x000006a8   Number         4  i2c.o(.text.i2c_wait)
    [Anonymous Symbol]                       0x000006ac   Section        0  lcd1602.o(.text.itoa)
    [Anonymous Symbol]                       0x00000724   Section        0  main.o(.text.lcd_static)
    [Anonymous Symbol]                       0x00000768   Section        0  main.o(.text.lcd_update)
    [Anonymous Symbol]                       0x00000782   Section        0  main.o(.text.main)
    .text_divfast                            0x000007a8   Section      502  aeabi_sdivfast.o(.text_divfast)
    lcd_backlight                            0x1ffffc00   Data           1  lcd1602.o(.data.lcd_backlight)
    [Anonymous Symbol]                       0x1ffffc00   Section        0  lcd1602.o(.data.lcd_backlight)
    .bss                                     0x1ffffc08   Section       96  libspace.o(.bss)
    error                                    0x1ffffc68   Data           1  i2c.o(.bss.error)
    [Anonymous Symbol]                       0x1ffffc68   Section        0  i2c.o(.bss.error)
    pitEnabled                               0x1ffffc69   Data           1  pit.o(.bss.pitEnabled)
    [Anonymous Symbol]                       0x1ffffc69   Section        0  pit.o(.bss.pitEnabled)
    tpm0Diff                                 0x1ffffc6a   Data           2  hc_sr04.o(.bss.tpm0Diff)
    [Anonymous Symbol]                       0x1ffffc6a   Section        0  hc_sr04.o(.bss.tpm0Diff)
    tpm0New                                  0x1ffffc6c   Data           2  hc_sr04.o(.bss.tpm0New)
    [Anonymous Symbol]                       0x1ffffc6c   Section        0  hc_sr04.o(.bss.tpm0New)
    Heap_Mem                                 0x1ffffc70   Data           0  startup_mkl05z4.o(HEAP)
    Stack_Mem                                0x1ffffc70   Data         256  startup_mkl05z4.o(STACK)
    HEAP                                     0x1ffffc70   Section        0  startup_mkl05z4.o(HEAP)
    STACK                                    0x1ffffc70   Section      256  startup_mkl05z4.o(STACK)
    __initial_sp                             0x1ffffd70   Data           0  startup_mkl05z4.o(STACK)

    Global Symbols

    Symbol Name                              Value     Ov Type        Size  Object(Section)

    BuildAttributes$$THM_ISAv3M$S$PE$A:L22$X:L11$S22$IEEE1$IW$~IW$USESV6$~STKCKD$USESV7$~SHL$OTIME$ROPI$EBA8$UX$STANDARDLIB$REQ8$PRES8$EABIv2 0x00000000   Number         0  anon$$obj.o ABSOLUTE
    __Vectors                                0x00000000   Data           4  startup_mkl05z4.o(RESET)
    __ARM_exceptions_init                     - Undefined Weak Reference
    __alloca_initialize                       - Undefined Weak Reference
    __arm_preinit_                            - Undefined Weak Reference
    __cpp_initialize__aeabi_                  - Undefined Weak Reference
    __cxa_finalize                            - Undefined Weak Reference
    __rt_locale                               - Undefined Weak Reference
    __sigvec_lookup                           - Undefined Weak Reference
    _atexit_init                              - Undefined Weak Reference
    _call_atexit_fns                          - Undefined Weak Reference
    _clock_init                               - Undefined Weak Reference
    _fp_trap_init                             - Undefined Weak Reference
    _fp_trap_shutdown                         - Undefined Weak Reference
    _get_lc_collate                           - Undefined Weak Reference
    _get_lc_ctype                             - Undefined Weak Reference
    _get_lc_monetary                          - Undefined Weak Reference
    _get_lc_numeric                           - Undefined Weak Reference
    _get_lc_time                              - Undefined Weak Reference
    _getenv_init                              - Undefined Weak Reference
    _handle_redirection                       - Undefined Weak Reference
    _init_alloc                               - Undefined Weak Reference
    _init_user_alloc                          - Undefined Weak Reference
    _initio                                   - Undefined Weak Reference
    _rand_init                                - Undefined Weak Reference
    _signal_finish                            - Undefined Weak Reference
    _signal_init                              - Undefined Weak Reference
    _terminate_alloc                          - Undefined Weak Reference
    _terminate_user_alloc                     - Undefined Weak Reference
    _terminateio                              - Undefined Weak Reference
    __Vectors_End                            0x000000c0   Data           0  startup_mkl05z4.o(RESET)
    __Vectors_Size                           0x000000c0   Number         0  startup_mkl05z4.o ABSOLUTE
    __main                                   0x000000c1   Thumb Code     8  __main.o(!!!main)
    __scatterload                            0x000000c9   Thumb Code     0  __scatter.o(!!!scatter)
    __scatterload_rt2                        0x000000c9   Thumb Code    52  __scatter.o(!!!scatter)
    __scatterload_rt2_thumb_only             0x000000c9   Thumb Code     0  __scatter.o(!!!scatter)
    __scatterload_null                       0x000000d9   Thumb Code     0  __scatter.o(!!!scatter)
    __scatterload_copy                       0x00000105   Thumb Code    26  __scatter_copy.o(!!handler_copy)
    __scatterload_zeroinit                   0x00000121   Thumb Code    28  __scatter_zi.o(!!handler_zi)
    __rt_lib_init                            0x0000013d   Thumb Code     0  libinit.o(.ARM.Collect$$libinit$$00000000)
    __rt_lib_init_alloca_1                   0x0000013f   Thumb Code     0  libinit2.o(.ARM.Collect$$libinit$$0000002E)
    __rt_lib_init_argv_1                     0x0000013f   Thumb Code     0  libinit2.o(.ARM.Collect$$libinit$$0000002C)
    __rt_lib_init_atexit_1                   0x0000013f   Thumb Code     0  libinit2.o(.ARM.Collect$$libinit$$0000001B)
    __rt_lib_init_clock_1                    0x0000013f   Thumb Code     0  libinit2.o(.ARM.Collect$$libinit$$00000021)
    __rt_lib_init_cpp_1                      0x0000013f   Thumb Code     0  libinit2.o(.ARM.Collect$$libinit$$00000032)
    __rt_lib_init_exceptions_1               0x0000013f   Thumb Code     0  libinit2.o(.ARM.Collect$$libinit$$00000030)
    __rt_lib_init_fp_1                       0x0000013f   Thumb Code     0  libinit2.o(.ARM.Collect$$libinit$$00000002)
    __rt_lib_init_fp_trap_1                  0x0000013f   Thumb Code     0  libinit2.o(.ARM.Collect$$libinit$$0000001F)
    __rt_lib_init_getenv_1                   0x0000013f   Thumb Code     0  libinit2.o(.ARM.Collect$$libinit$$00000023)
    __rt_lib_init_heap_1                     0x0000013f   Thumb Code     0  libinit2.o(.ARM.Collect$$libinit$$0000000A)
    __rt_lib_init_lc_collate_1               0x0000013f   Thumb Code     0  libinit2.o(.ARM.Collect$$libinit$$00000011)
    __rt_lib_init_lc_ctype_1                 0x0000013f   Thumb Code     0  libinit2.o(.ARM.Collect$$libinit$$00000013)
    __rt_lib_init_lc_monetary_1              0x0000013f   Thumb Code     0  libinit2.o(.ARM.Collect$$libinit$$00000015)
    __rt_lib_init_lc_numeric_1               0x0000013f   Thumb Code     0  libinit2.o(.ARM.Collect$$libinit$$00000017)
    __rt_lib_init_lc_time_1                  0x0000013f   Thumb Code     0  libinit2.o(.ARM.Collect$$libinit$$00000019)
    __rt_lib_init_preinit_1                  0x0000013f   Thumb Code     0  libinit2.o(.ARM.Collect$$libinit$$00000004)
    __rt_lib_init_rand_1                     0x0000013f   Thumb Code     0  libinit2.o(.ARM.Collect$$libinit$$0000000E)
    __rt_lib_init_return                     0x0000013f   Thumb Code     0  libinit2.o(.ARM.Collect$$libinit$$00000033)
    __rt_lib_init_signal_1                   0x0000013f   Thumb Code     0  libinit2.o(.ARM.Collect$$libinit$$0000001D)
    __rt_lib_init_stdio_1                    0x0000013f   Thumb Code     0  libinit2.o(.ARM.Collect$$libinit$$00000025)
    __rt_lib_init_user_alloc_1               0x0000013f   Thumb Code     0  libinit2.o(.ARM.Collect$$libinit$$0000000C)
    __rt_lib_shutdown                        0x00000141   Thumb Code     0  libshutdown.o(.ARM.Collect$$libshutdown$$00000000)
    __rt_lib_shutdown_cpp_1                  0x00000143   Thumb Code     0  libshutdown2.o(.ARM.Collect$$libshutdown$$00000002)
    __rt_lib_shutdown_fp_trap_1              0x00000143   Thumb Code     0  libshutdown2.o(.ARM.Collect$$libshutdown$$00000007)
    __rt_lib_shutdown_heap_1                 0x00000143   Thumb Code     0  libshutdown2.o(.ARM.Collect$$libshutdown$$0000000F)
    __rt_lib_shutdown_return                 0x00000143   Thumb Code     0  libshutdown2.o(.ARM.Collect$$libshutdown$$00000010)
    __rt_lib_shutdown_signal_1               0x00000143   Thumb Code     0  libshutdown2.o(.ARM.Collect$$libshutdown$$0000000A)
    __rt_lib_shutdown_stdio_1                0x00000143   Thumb Code     0  libshutdown2.o(.ARM.Collect$$libshutdown$$00000004)
    __rt_lib_shutdown_user_alloc_1           0x00000143   Thumb Code     0  libshutdown2.o(.ARM.Collect$$libshutdown$$0000000C)
    __rt_entry                               0x00000145   Thumb Code     0  __rtentry.o(.ARM.Collect$$rtentry$$00000000)
    __rt_entry_presh_1                       0x00000145   Thumb Code     0  __rtentry2.o(.ARM.Collect$$rtentry$$00000002)
    __rt_entry_sh                            0x00000145   Thumb Code     0  __rtentry4.o(.ARM.Collect$$rtentry$$00000004)
    __rt_entry_li                            0x0000014b   Thumb Code     0  __rtentry2.o(.ARM.Collect$$rtentry$$0000000A)
    __rt_entry_postsh_1                      0x0000014b   Thumb Code     0  __rtentry2.o(.ARM.Collect$$rtentry$$00000009)
    __rt_entry_main                          0x0000014f   Thumb Code     0  __rtentry2.o(.ARM.Collect$$rtentry$$0000000D)
    __rt_entry_postli_1                      0x0000014f   Thumb Code     0  __rtentry2.o(.ARM.Collect$$rtentry$$0000000C)
    __rt_exit                                0x00000157   Thumb Code     0  rtexit.o(.ARM.Collect$$rtexit$$00000000)
    __rt_exit_ls                             0x00000159   Thumb Code     0  rtexit2.o(.ARM.Collect$$rtexit$$00000003)
    __rt_exit_prels_1                        0x00000159   Thumb Code     0  rtexit2.o(.ARM.Collect$$rtexit$$00000002)
    __rt_exit_exit                           0x0000015d   Thumb Code     0  rtexit2.o(.ARM.Collect$$rtexit$$00000004)
    Reset_Handler                            0x00000165   Thumb Code     8  startup_mkl05z4.o(.text)
    NMI_Handler                              0x0000016d   Thumb Code     2  startup_mkl05z4.o(.text)
    HardFault_Handler                        0x0000016f   Thumb Code     2  startup_mkl05z4.o(.text)
    SVC_Handler                              0x00000171   Thumb Code     2  startup_mkl05z4.o(.text)
    PendSV_Handler                           0x00000173   Thumb Code     2  startup_mkl05z4.o(.text)
    SysTick_Handler                          0x00000175   Thumb Code     2  startup_mkl05z4.o(.text)
    ADC0_IRQHandler                          0x00000177   Thumb Code     0  startup_mkl05z4.o(.text)
    CMP0_IRQHandler                          0x00000177   Thumb Code     0  startup_mkl05z4.o(.text)
    DAC0_IRQHandler                          0x00000177   Thumb Code     0  startup_mkl05z4.o(.text)
    DMA0_IRQHandler                          0x00000177   Thumb Code     0  startup_mkl05z4.o(.text)
    DMA1_IRQHandler                          0x00000177   Thumb Code     0  startup_mkl05z4.o(.text)
    DMA2_IRQHandler                          0x00000177   Thumb Code     0  startup_mkl05z4.o(.text)
    DMA3_IRQHandler                          0x00000177   Thumb Code     0  startup_mkl05z4.o(.text)
    DefaultISR                               0x00000177   Thumb Code     0  startup_mkl05z4.o(.text)
    FTFA_IRQHandler                          0x00000177   Thumb Code     0  startup_mkl05z4.o(.text)
    I2C0_IRQHandler                          0x00000177   Thumb Code     0  startup_mkl05z4.o(.text)
    LLW_IRQHandler                           0x00000177   Thumb Code     0  startup_mkl05z4.o(.text)
    LPTimer_IRQHandler                       0x00000177   Thumb Code     0  startup_mkl05z4.o(.text)
    LVD_LVW_IRQHandler                       0x00000177   Thumb Code     0  startup_mkl05z4.o(.text)
    MCG_IRQHandler                           0x00000177   Thumb Code     0  startup_mkl05z4.o(.text)
    PORTA_IRQHandler                         0x00000177   Thumb Code     0  startup_mkl05z4.o(.text)
    PORTB_IRQHandler                         0x00000177   Thumb Code     0  startup_mkl05z4.o(.text)
    RTC_IRQHandler                           0x00000177   Thumb Code     0  startup_mkl05z4.o(.text)
    RTC_Seconds_IRQHandler                   0x00000177   Thumb Code     0  startup_mkl05z4.o(.text)
    Reserved20_IRQHandler                    0x00000177   Thumb Code     0  startup_mkl05z4.o(.text)
    Reserved25_IRQHandler                    0x00000177   Thumb Code     0  startup_mkl05z4.o(.text)
    Reserved27_IRQHandler                    0x00000177   Thumb Code     0  startup_mkl05z4.o(.text)
    Reserved29_IRQHandler                    0x00000177   Thumb Code     0  startup_mkl05z4.o(.text)
    Reserved30_IRQHandler                    0x00000177   Thumb Code     0  startup_mkl05z4.o(.text)
    Reserved35_IRQHandler                    0x00000177   Thumb Code     0  startup_mkl05z4.o(.text)
    Reserved39_IRQHandler                    0x00000177   Thumb Code     0  startup_mkl05z4.o(.text)
    Reserved40_IRQHandler                    0x00000177   Thumb Code     0  startup_mkl05z4.o(.text)
    Reserved45_IRQHandler                    0x00000177   Thumb Code     0  startup_mkl05z4.o(.text)
    SPI0_IRQHandler                          0x00000177   Thumb Code     0  startup_mkl05z4.o(.text)
    TPM1_IRQHandler                          0x00000177   Thumb Code     0  startup_mkl05z4.o(.text)
    TSI0_IRQHandler                          0x00000177   Thumb Code     0  startup_mkl05z4.o(.text)
    UART0_IRQHandler                         0x00000177   Thumb Code     0  startup_mkl05z4.o(.text)
    __user_initial_stackheap                 0x00000179   Thumb Code     0  startup_mkl05z4.o(.text)
    __use_two_region_memory                  0x00000199   Thumb Code     2  heapauxi.o(.text)
    __rt_heap_escrow$2region                 0x0000019b   Thumb Code     2  heapauxi.o(.text)
    __rt_heap_expand$2region                 0x0000019d   Thumb Code     2  heapauxi.o(.text)
    __user_setup_stackheap                   0x0000019f   Thumb Code    62  sys_stackheap_outer.o(.text)
    exit                                     0x000001dd   Thumb Code    16  exit.o(.text)
    __user_libspace                          0x000001ed   Thumb Code     8  libspace.o(.text)
    __user_perproc_libspace                  0x000001ed   Thumb Code     0  libspace.o(.text)
    __user_perthread_libspace                0x000001ed   Thumb Code     0  libspace.o(.text)
    _sys_exit                                0x000001f5   Thumb Code     8  sys_exit.o(.text)
    __I$use$semihosting                      0x00000201   Thumb Code     0  use_no_semi.o(.text)
    __use_no_semihosting_swi                 0x00000201   Thumb Code     2  use_no_semi.o(.text)
    __semihosting_library_function           0x00000203   Thumb Code     0  indicate_semi.o(.text)
    I2C_Init                                 0x00000205   Thumb Code   104  i2c.o(.text.I2C_Init)
    I2C_Write                                0x0000026d   Thumb Code    64  i2c.o(.text.I2C_Write)
    LCD1602_ClearAll                         0x000002ad   Thumb Code    12  lcd1602.o(.text.LCD1602_ClearAll)
    LCD1602_Init                             0x000002b9   Thumb Code    76  lcd1602.o(.text.LCD1602_Init)
    LCD1602_Print                            0x00000305   Thumb Code    32  lcd1602.o(.text.LCD1602_Print)
    LCD1602_PrintNum                         0x00000325   Thumb Code    44  lcd1602.o(.text.LCD1602_PrintNum)
    LCD1602_SetCursor                        0x00000351   Thumb Code    24  lcd1602.o(.text.LCD1602_SetCursor)
    LCD1602_Write4                           0x00000369   Thumb Code    40  lcd1602.o(.text.LCD1602_Write4)
    LCD1602_Write8                           0x00000391   Thumb Code    26  lcd1602.o(.text.LCD1602_Write8)
    PCF8574_Write                            0x000003ad   Thumb Code    28  lcd1602.o(.text.PCF8574_Write)
    PIT_IRQHandler                           0x000003c9   Thumb Code    24  pit.o(.text.PIT_IRQHandler)
    TPM0_GetVal                              0x000003e1   Thumb Code     8  hc_sr04.o(.text.TPM0_GetVal)
    PIT_Init_Generator                       0x00000411   Thumb Code    92  pit.o(.text.PIT_Init_Generator)
    SystemInit                               0x0000046d   Thumb Code    76  system_mkl05z4.o(.text.SystemInit)
    TPM0_IRQHandler                          0x000004b9   Thumb Code    40  hc_sr04.o(.text.TPM0_IRQHandler)
    TPM0_Init_InputCapture                   0x000004e1   Thumb Code    96  hc_sr04.o(.text.TPM0_Init_InputCapture)
    TRIG_GPIO_Init                           0x00000541   Thumb Code    48  hc_sr04.o(.text.TRIG_GPIO_Init)
    TRIG_inpulse                             0x00000571   Thumb Code    40  hc_sr04.o(.text.TRIG_inpulse)
    delay_ms                                 0x000005e9   Thumb Code    52  hc_sr04.o(.text.delay_ms)
    i2c_disable                              0x0000061d   Thumb Code    12  i2c.o(.text.i2c_disable)
    i2c_enable                               0x00000629   Thumb Code    12  i2c.o(.text.i2c_enable)
    i2c_m_start                              0x00000635   Thumb Code    12  i2c.o(.text.i2c_m_start)
    i2c_m_stop                               0x00000641   Thumb Code    12  i2c.o(.text.i2c_m_stop)
    i2c_send                                 0x0000064d   Thumb Code    12  i2c.o(.text.i2c_send)
    i2c_tran                                 0x00000659   Thumb Code    16  i2c.o(.text.i2c_tran)
    i2c_wait                                 0x00000669   Thumb Code    68  i2c.o(.text.i2c_wait)
    itoa                                     0x000006ad   Thumb Code   118  lcd1602.o(.text.itoa)
    lcd_static                               0x00000725   Thumb Code    68  main.o(.text.lcd_static)
    lcd_update                               0x00000769   Thumb Code    26  main.o(.text.lcd_update)
    main                                     0x00000783   Thumb Code    38  main.o(.text.main)
    __aeabi_uidiv                            0x000007a9   Thumb Code    68  aeabi_sdivfast.o(.text_divfast)
    __aeabi_idiv                             0x000007ed   Thumb Code   434  aeabi_sdivfast.o(.text_divfast)
    Region$$Table$$Base                      0x000009a0   Number         0  anon$$obj.o(Region$$Table)
    Region$$Table$$Limit                     0x000009c0   Number         0  anon$$obj.o(Region$$Table)
    __libspace_start                         0x1ffffc08   Data          96  libspace.o(.bss)
    __temporary_stack_top$libspace           0x1ffffc68   Data           0  libspace.o(.bss)



==============================================================================

Memory Map of the image

  Image Entry point : 0x000000c1

  Load Region LR_IROM1 (Base: 0x00000000, Size: 0x000009c8, Max: 0x00008000, ABSOLUTE)

    Execution Region ER_IROM1 (Exec base: 0x00000000, Load base: 0x00000000, Size: 0x000009c0, Max: 0x00008000, ABSOLUTE)

    Exec Addr    Load Addr    Size         Type   Attr      Idx    E Section Name        Object

    0x00000000   0x00000000   0x000000c0   Data   RO          124    RESET               startup_mkl05z4.o
    0x000000c0   0x000000c0   0x00000008   Code   RO          159  * !!!main             c_p.l(__main.o)
    0x000000c8   0x000000c8   0x0000003c   Code   RO          334    !!!scatter          c_p.l(__scatter.o)
    0x00000104   0x00000104   0x0000001a   Code   RO          336    !!handler_copy      c_p.l(__scatter_copy.o)
    0x0000011e   0x0000011e   0x00000002   PAD
    0x00000120   0x00000120   0x0000001c   Code   RO          338    !!handler_zi        c_p.l(__scatter_zi.o)
    0x0000013c   0x0000013c   0x00000002   Code   RO          197    .ARM.Collect$$libinit$$00000000  c_p.l(libinit.o)
    0x0000013e   0x0000013e   0x00000000   Code   RO          211    .ARM.Collect$$libinit$$00000002  c_p.l(libinit2.o)
    0x0000013e   0x0000013e   0x00000000   Code   RO          213    .ARM.Collect$$libinit$$00000004  c_p.l(libinit2.o)
    0x0000013e   0x0000013e   0x00000000   Code   RO          216    .ARM.Collect$$libinit$$0000000A  c_p.l(libinit2.o)
    0x0000013e   0x0000013e   0x00000000   Code   RO          218    .ARM.Collect$$libinit$$0000000C  c_p.l(libinit2.o)
    0x0000013e   0x0000013e   0x00000000   Code   RO          220    .ARM.Collect$$libinit$$0000000E  c_p.l(libinit2.o)
    0x0000013e   0x0000013e   0x00000000   Code   RO          223    .ARM.Collect$$libinit$$00000011  c_p.l(libinit2.o)
    0x0000013e   0x0000013e   0x00000000   Code   RO          225    .ARM.Collect$$libinit$$00000013  c_p.l(libinit2.o)
    0x0000013e   0x0000013e   0x00000000   Code   RO          227    .ARM.Collect$$libinit$$00000015  c_p.l(libinit2.o)
    0x0000013e   0x0000013e   0x00000000   Code   RO          229    .ARM.Collect$$libinit$$00000017  c_p.l(libinit2.o)
    0x0000013e   0x0000013e   0x00000000   Code   RO          231    .ARM.Collect$$libinit$$00000019  c_p.l(libinit2.o)
    0x0000013e   0x0000013e   0x00000000   Code   RO          233    .ARM.Collect$$libinit$$0000001B  c_p.l(libinit2.o)
    0x0000013e   0x0000013e   0x00000000   Code   RO          235    .ARM.Collect$$libinit$$0000001D  c_p.l(libinit2.o)
    0x0000013e   0x0000013e   0x00000000   Code   RO          237    .ARM.Collect$$libinit$$0000001F  c_p.l(libinit2.o)
    0x0000013e   0x0000013e   0x00000000   Code   RO          239    .ARM.Collect$$libinit$$00000021  c_p.l(libinit2.o)
    0x0000013e   0x0000013e   0x00000000   Code   RO          241    .ARM.Collect$$libinit$$00000023  c_p.l(libinit2.o)
    0x0000013e   0x0000013e   0x00000000   Code   RO          243    .ARM.Collect$$libinit$$00000025  c_p.l(libinit2.o)
    0x0000013e   0x0000013e   0x00000000   Code   RO          247    .ARM.Collect$$libinit$$0000002C  c_p.l(libinit2.o)
    0x0000013e   0x0000013e   0x00000000   Code   RO          249    .ARM.Collect$$libinit$$0000002E  c_p.l(libinit2.o)
    0x0000013e   0x0000013e   0x00000000   Code   RO          251    .ARM.Collect$$libinit$$00000030  c_p.l(libinit2.o)
    0x0000013e   0x0000013e   0x00000000   Code   RO          253    .ARM.Collect$$libinit$$00000032  c_p.l(libinit2.o)
    0x0000013e   0x0000013e   0x00000002   Code   RO          254    .ARM.Collect$$libinit$$00000033  c_p.l(libinit2.o)
    0x00000140   0x00000140   0x00000002   Code   RO          289    .ARM.Collect$$libshutdown$$00000000  c_p.l(libshutdown.o)
    0x00000142   0x00000142   0x00000000   Code   RO          317    .ARM.Collect$$libshutdown$$00000002  c_p.l(libshutdown2.o)
    0x00000142   0x00000142   0x00000000   Code   RO          319    .ARM.Collect$$libshutdown$$00000004  c_p.l(libshutdown2.o)
    0x00000142   0x00000142   0x00000000   Code   RO          322    .ARM.Collect$$libshutdown$$00000007  c_p.l(libshutdown2.o)
    0x00000142   0x00000142   0x00000000   Code   RO          325    .ARM.Collect$$libshutdown$$0000000A  c_p.l(libshutdown2.o)
    0x00000142   0x00000142   0x00000000   Code   RO          327    .ARM.Collect$$libshutdown$$0000000C  c_p.l(libshutdown2.o)
    0x00000142   0x00000142   0x00000000   Code   RO          330    .ARM.Collect$$libshutdown$$0000000F  c_p.l(libshutdown2.o)
    0x00000142   0x00000142   0x00000002   Code   RO          331    .ARM.Collect$$libshutdown$$00000010  c_p.l(libshutdown2.o)
    0x00000144   0x00000144   0x00000000   Code   RO          161    .ARM.Collect$$rtentry$$00000000  c_p.l(__rtentry.o)
    0x00000144   0x00000144   0x00000000   Code   RO          167    .ARM.Collect$$rtentry$$00000002  c_p.l(__rtentry2.o)
    0x00000144   0x00000144   0x00000006   Code   RO          179    .ARM.Collect$$rtentry$$00000004  c_p.l(__rtentry4.o)
    0x0000014a   0x0000014a   0x00000000   Code   RO          169    .ARM.Collect$$rtentry$$00000009  c_p.l(__rtentry2.o)
    0x0000014a   0x0000014a   0x00000004   Code   RO          170    .ARM.Collect$$rtentry$$0000000A  c_p.l(__rtentry2.o)
    0x0000014e   0x0000014e   0x00000000   Code   RO          172    .ARM.Collect$$rtentry$$0000000C  c_p.l(__rtentry2.o)
    0x0000014e   0x0000014e   0x00000008   Code   RO          173    .ARM.Collect$$rtentry$$0000000D  c_p.l(__rtentry2.o)
    0x00000156   0x00000156   0x00000002   Code   RO          202    .ARM.Collect$$rtexit$$00000000  c_p.l(rtexit.o)
    0x00000158   0x00000158   0x00000000   Code   RO          260    .ARM.Collect$$rtexit$$00000002  c_p.l(rtexit2.o)
    0x00000158   0x00000158   0x00000004   Code   RO          261    .ARM.Collect$$rtexit$$00000003  c_p.l(rtexit2.o)
    0x0000015c   0x0000015c   0x00000006   Code   RO          262    .ARM.Collect$$rtexit$$00000004  c_p.l(rtexit2.o)
    0x00000162   0x00000162   0x00000002   PAD
    0x00000164   0x00000164   0x00000034   Code   RO          126    .text               startup_mkl05z4.o
    0x00000198   0x00000198   0x00000006   Code   RO          157    .text               c_p.l(heapauxi.o)
    0x0000019e   0x0000019e   0x0000003e   Code   RO          183    .text               c_p.l(sys_stackheap_outer.o)
    0x000001dc   0x000001dc   0x00000010   Code   RO          186    .text               c_p.l(exit.o)
    0x000001ec   0x000001ec   0x00000008   Code   RO          198    .text               c_p.l(libspace.o)
    0x000001f4   0x000001f4   0x0000000c   Code   RO          255    .text               c_p.l(sys_exit.o)
    0x00000200   0x00000200   0x00000002   Code   RO          278    .text               c_p.l(use_no_semi.o)
    0x00000202   0x00000202   0x00000000   Code   RO          280    .text               c_p.l(indicate_semi.o)
    0x00000202   0x00000202   0x00000002   PAD
    0x00000204   0x00000204   0x00000068   Code   RO            2    .text.I2C_Init      i2c.o
    0x0000026c   0x0000026c   0x00000040   Code   RO            4    .text.I2C_Write     i2c.o
    0x000002ac   0x000002ac   0x0000000c   Code   RO           39    .text.LCD1602_ClearAll  lcd1602.o
    0x000002b8   0x000002b8   0x0000004c   Code   RO           31    .text.LCD1602_Init  lcd1602.o
    0x00000304   0x00000304   0x00000020   Code   RO           41    .text.LCD1602_Print  lcd1602.o
    0x00000324   0x00000324   0x0000002c   Code   RO           43    .text.LCD1602_PrintNum  lcd1602.o
    0x00000350   0x00000350   0x00000018   Code   RO           37    .text.LCD1602_SetCursor  lcd1602.o
    0x00000368   0x00000368   0x00000028   Code   RO           49    .text.LCD1602_Write4  lcd1602.o
    0x00000390   0x00000390   0x0000001a   Code   RO           35    .text.LCD1602_Write8  lcd1602.o
    0x000003aa   0x000003aa   0x00000002   PAD
    0x000003ac   0x000003ac   0x0000001c   Code   RO           33    .text.PCF8574_Write  lcd1602.o
    0x000003c8   0x000003c8   0x00000018   Code   RO           84    .text.PIT_IRQHandler  pit.o
    0x000003e0   0x000003e0   0x00000008   Code   RO          103    .text.TPM0_GetVal   hc_sr04.o
    0x000003e8   0x000003e8   0x0000000c   Code   RO           78    .text.__NVIC_ClearPendingIRQ  pit.o
    0x000003f4   0x000003f4   0x0000000c   Code   RO           80    .text.__NVIC_EnableIRQ  pit.o
    0x00000400   0x00000400   0x00000010   Code   RO          125    .ARM.__at_0x400     startup_mkl05z4.o
    0x00000410   0x00000410   0x0000005c   Code   RO           74    .text.PIT_Init_Generator  pit.o
    0x0000046c   0x0000046c   0x0000004c   Code   RO          135    .text.SystemInit    system_mkl05z4.o
    0x000004b8   0x000004b8   0x00000028   Code   RO          105    .text.TPM0_IRQHandler  hc_sr04.o
    0x000004e0   0x000004e0   0x00000060   Code   RO           95    .text.TPM0_Init_InputCapture  hc_sr04.o
    0x00000540   0x00000540   0x00000030   Code   RO          107    .text.TRIG_GPIO_Init  hc_sr04.o
    0x00000570   0x00000570   0x00000028   Code   RO          109    .text.TRIG_inpulse  hc_sr04.o
    0x00000598   0x00000598   0x00000010   Code   RO           99    .text.__NVIC_ClearPendingIRQ  hc_sr04.o
    0x000005a8   0x000005a8   0x00000010   Code   RO          101    .text.__NVIC_EnableIRQ  hc_sr04.o
    0x000005b8   0x000005b8   0x00000018   Code   RO           76    .text.__NVIC_SetPriority  pit.o
    0x000005d0   0x000005d0   0x00000018   Code   RO           97    .text.__NVIC_SetPriority  hc_sr04.o
    0x000005e8   0x000005e8   0x00000034   Code   RO          111    .text.delay_ms      hc_sr04.o
    0x0000061c   0x0000061c   0x0000000c   Code   RO           18    .text.i2c_disable   i2c.o
    0x00000628   0x00000628   0x0000000c   Code   RO            6    .text.i2c_enable    i2c.o
    0x00000634   0x00000634   0x0000000c   Code   RO           10    .text.i2c_m_start   i2c.o
    0x00000640   0x00000640   0x0000000c   Code   RO           16    .text.i2c_m_stop    i2c.o
    0x0000064c   0x0000064c   0x0000000c   Code   RO           12    .text.i2c_send      i2c.o
    0x00000658   0x00000658   0x00000010   Code   RO            8    .text.i2c_tran      i2c.o
    0x00000668   0x00000668   0x00000044   Code   RO           14    .text.i2c_wait      i2c.o
    0x000006ac   0x000006ac   0x00000076   Code   RO           45    .text.itoa          lcd1602.o
    0x00000722   0x00000722   0x00000002   PAD
    0x00000724   0x00000724   0x00000044   Code   RO           62    .text.lcd_static    main.o
    0x00000768   0x00000768   0x0000001a   Code   RO           64    .text.lcd_update    main.o
    0x00000782   0x00000782   0x00000026   Code   RO           60    .text.main          main.o
    0x000007a8   0x000007a8   0x000001f6   Code   RO          150    .text_divfast       c_p.l(aeabi_sdivfast.o)
    0x0000099e   0x0000099e   0x00000002   PAD
    0x000009a0   0x000009a0   0x00000020   Data   RO          333    Region$$Table       anon$$obj.o


    Execution Region RW_IRAM1 (Exec base: 0x1ffffc00, Load base: 0x000009c0, Size: 0x00000170, Max: 0x00001000, ABSOLUTE)

    Exec Addr    Load Addr    Size         Type   Attr      Idx    E Section Name        Object

    0x1ffffc00   0x000009c0   0x00000001   Data   RW           51    .data.lcd_backlight  lcd1602.o
    0x1ffffc01   0x000009c1   0x00000007   PAD
    0x1ffffc08        -       0x00000060   Zero   RW          199    .bss                c_p.l(libspace.o)
    0x1ffffc68        -       0x00000001   Zero   RW           22    .bss.error          i2c.o
    0x1ffffc69        -       0x00000001   Zero   RW           86    .bss.pitEnabled     pit.o
    0x1ffffc6a        -       0x00000002   Zero   RW          113    .bss.tpm0Diff       hc_sr04.o
    0x1ffffc6c        -       0x00000002   Zero   RW          114    .bss.tpm0New        hc_sr04.o
    0x1ffffc6e   0x000009c1   0x00000002   PAD
    0x1ffffc70        -       0x00000000   Zero   RW          123    HEAP                startup_mkl05z4.o
    0x1ffffc70        -       0x00000100   Zero   RW          122    STACK               startup_mkl05z4.o


==============================================================================

Image component sizes


      Code (inc. data)   RO Data    RW Data    ZI Data      Debug   Object Name

       340         56          0          0          4       4573   hc_sr04.o
       312         36          0          0          1       2988   i2c.o
       400         20          0          1          0       2890   lcd1602.o
       132         24          0          0          0        553   main.o
       164         28          0          0          1       3804   pit.o
        68         38        192          0        256        812   startup_mkl05z4.o
        76         16          0          0          0       2309   system_mkl05z4.o

    ----------------------------------------------------------------------
      1496        218        224          4        268      17929   Object Totals
         0          0         32          0          0          0   (incl. Generated)
         4          0          0          3          6          0   (incl. Padding)

    ----------------------------------------------------------------------

      Code (inc. data)   RO Data    RW Data    ZI Data      Debug   Library Member Name

         8          0          0          0          0         68   __main.o
         0          0          0          0          0          0   __rtentry.o
        12          0          0          0          0          0   __rtentry2.o
         6          0          0          0          0          0   __rtentry4.o
        60          8          0          0          0          0   __scatter.o
        26          0          0          0          0          0   __scatter_copy.o
        28          0          0          0          0          0   __scatter_zi.o
       502          0          0          0          0         92   aeabi_sdivfast.o
        16          0          0          0          0         68   exit.o
         6          0          0          0          0        136   heapauxi.o
         0          0          0          0          0          0   indicate_semi.o
         2          0          0          0          0          0   libinit.o
         2          0          0          0          0          0   libinit2.o
         2          0          0          0          0          0   libshutdown.o
         2          0          0          0          0          0   libshutdown2.o
         8          4          0          0         96         68   libspace.o
         2          0          0          0          0          0   rtexit.o
        10          0          0          0          0          0   rtexit2.o
        12          4          0          0          0         60   sys_exit.o
        62          0          0          0          0         80   sys_stackheap_outer.o
         2          0          0          0          0         68   use_no_semi.o

    ----------------------------------------------------------------------
       776         16          0          0         96        640   Library Totals
         8          0          0          0          0          0   (incl. Padding)

    ----------------------------------------------------------------------

      Code (inc. data)   RO Data    RW Data    ZI Data      Debug   Library Name

       768         16          0          0         96        640   c_p.l

    ----------------------------------------------------------------------
       776         16          0          0         96        640   Library Totals

    ----------------------------------------------------------------------

==============================================================================


      Code (inc. data)   RO Data    RW Data    ZI Data      Debug   

      2272        234        224          4        364      18345   Grand Totals
      2272        234        224          4        364      18345   ELF Image Totals
      2272        234        224          4          0          0   ROM Totals

==============================================================================

    Total RO  Size (Code + RO Data)                 2496 (   2.44kB)
    Total RW  Size (RW Data + ZI Data)               368 (   0.36kB)
    Total ROM Size (Code + RO Data + RW Data)       2500 (   2.44kB)

==============================================================================

