Component: ARM Compiler 6.14.1 Tool: armlink [5db06d00]

==============================================================================

Section Cross References

    i2c.o(.ARM.exidx.text.I2C_Init) refers to i2c.o(.text.I2C_Init) for [Anonymous Symbol]
    i2c.o(.text.I2C_Write) refers to i2c.o(.text.i2c_enable) for i2c_enable
    i2c.o(.text.I2C_Write) refers to i2c.o(.text.i2c_tran) for i2c_tran
    i2c.o(.text.I2C_Write) refers to i2c.o(.text.i2c_m_start) for i2c_m_start
    i2c.o(.text.I2C_Write) refers to i2c.o(.text.i2c_send) for i2c_send
    i2c.o(.text.I2C_Write) refers to i2c.o(.text.i2c_wait) for i2c_wait
    i2c.o(.text.I2C_Write) refers to i2c.o(.text.i2c_m_stop) for i2c_m_stop
    i2c.o(.text.I2C_Write) refers to i2c.o(.text.i2c_disable) for i2c_disable
    i2c.o(.text.I2C_Write) refers to i2c.o(.bss.error) for [Anonymous Symbol]
    i2c.o(.ARM.exidx.text.I2C_Write) refers to i2c.o(.text.I2C_Write) for [Anonymous Symbol]
    i2c.o(.ARM.exidx.text.i2c_enable) refers to i2c.o(.text.i2c_enable) for [Anonymous Symbol]
    i2c.o(.ARM.exidx.text.i2c_tran) refers to i2c.o(.text.i2c_tran) for [Anonymous Symbol]
    i2c.o(.ARM.exidx.text.i2c_m_start) refers to i2c.o(.text.i2c_m_start) for [Anonymous Symbol]
    i2c.o(.ARM.exidx.text.i2c_send) refers to i2c.o(.text.i2c_send) for [Anonymous Symbol]
    i2c.o(.text.i2c_wait) refers to i2c.o(.bss.error) for [Anonymous Symbol]
    i2c.o(.ARM.exidx.text.i2c_wait) refers to i2c.o(.text.i2c_wait) for [Anonymous Symbol]
    i2c.o(.ARM.exidx.text.i2c_m_stop) refers to i2c.o(.text.i2c_m_stop) for [Anonymous Symbol]
    i2c.o(.ARM.exidx.text.i2c_disable) refers to i2c.o(.text.i2c_disable) for [Anonymous Symbol]
    i2c.o(.ARM.exidx.text.i2c_m_rstart) refers to i2c.o(.text.i2c_m_rstart) for [Anonymous Symbol]
    lcd1602.o(.text.LCD1602_Init) refers to i2c.o(.text.I2C_Init) for I2C_Init
    lcd1602.o(.text.LCD1602_Init) refers to lcd1602.o(.text.PCF8574_Write) for PCF8574_Write
    lcd1602.o(.text.LCD1602_Init) refers to lcd1602.o(.text.LCD1602_Write8) for LCD1602_Write8
    lcd1602.o(.ARM.exidx.text.LCD1602_Init) refers to lcd1602.o(.text.LCD1602_Init) for [Anonymous Symbol]
    lcd1602.o(.text.PCF8574_Write) refers to i2c.o(.text.I2C_Write) for I2C_Write
    lcd1602.o(.text.PCF8574_Write) refers to lcd1602.o(.data.lcd_backlight) for [Anonymous Symbol]
    lcd1602.o(.ARM.exidx.text.PCF8574_Write) refers to lcd1602.o(.text.PCF8574_Write) for [Anonymous Symbol]
    lcd1602.o(.text.LCD1602_Write8) refers to lcd1602.o(.text.LCD1602_Write4) for LCD1602_Write4
    lcd1602.o(.ARM.exidx.text.LCD1602_Write8) refers to lcd1602.o(.text.LCD1602_Write8) for [Anonymous Symbol]
    lcd1602.o(.text.LCD1602_SetCursor) refers to lcd1602.o(.text.LCD1602_Write8) for LCD1602_Write8
    lcd1602.o(.ARM.exidx.text.LCD1602_SetCursor) refers to lcd1602.o(.text.LCD1602_SetCursor) for [Anonymous Symbol]
    lcd1602.o(.text.LCD1602_ClearAll) refers to lcd1602.o(.text.LCD1602_Write8) for LCD1602_Write8
    lcd1602.o(.ARM.exidx.text.LCD1602_ClearAll) refers to lcd1602.o(.text.LCD1602_ClearAll) for [Anonymous Symbol]
    lcd1602.o(.text.LCD1602_Print) refers to lcd1602.o(.text.LCD1602_Write8) for LCD1602_Write8
    lcd1602.o(.ARM.exidx.text.LCD1602_Print) refers to lcd1602.o(.text.LCD1602_Print) for [Anonymous Symbol]
    lcd1602.o(.text.LCD1602_PrintNum) refers to lcd1602.o(.text.itoa) for itoa
    lcd1602.o(.text.LCD1602_PrintNum) refers to lcd1602.o(.text.LCD1602_Print) for LCD1602_Print
    lcd1602.o(.ARM.exidx.text.LCD1602_PrintNum) refers to lcd1602.o(.text.LCD1602_PrintNum) for [Anonymous Symbol]
    lcd1602.o(.text.itoa) refers to aeabi_sdivfast.o(.text_divfast) for __aeabi_idiv
    lcd1602.o(.ARM.exidx.text.itoa) refers to lcd1602.o(.text.itoa) for [Anonymous Symbol]
    lcd1602.o(.text.LCD1602_Backlight) refers to lcd1602.o(.text.PCF8574_Write) for PCF8574_Write
    lcd1602.o(.text.LCD1602_Backlight) refers to lcd1602.o(.data.lcd_backlight) for [Anonymous Symbol]
    lcd1602.o(.ARM.exidx.text.LCD1602_Backlight) refers to lcd1602.o(.text.LCD1602_Backlight) for [Anonymous Symbol]
    lcd1602.o(.text.LCD1602_Write4) refers to lcd1602.o(.text.PCF8574_Write) for PCF8574_Write
    lcd1602.o(.ARM.exidx.text.LCD1602_Write4) refers to lcd1602.o(.text.LCD1602_Write4) for [Anonymous Symbol]
    main.o(.text.main) refers to pit.o(.text.PIT_Init_Generator) for PIT_Init_Generator
    main.o(.text.main) refers to hc_sr04.o(.text.TPM1_Init_InputCapture) for TPM1_Init_InputCapture
    main.o(.text.main) refers to hc_sr04.o(.text.TRIG_GPIO_Init) for TRIG_GPIO_Init
    main.o(.text.main) refers to speaker.o(.text.TPM0_Init_PCM) for TPM0_Init_PCM
    main.o(.text.main) refers to nokia5110.o(.text.InitSPI) for InitSPI
    main.o(.text.main) refers to nokia5110.o(.text.lcd_reset) for lcd_reset
    main.o(.text.main) refers to nokia5110.o(.text.lcd_cmd) for lcd_cmd
    main.o(.text.main) refers to nokia5110.o(.text.lcd_data) for lcd_data
    main.o(.text.main) refers to hc_sr04.o(.text.TRIG_inpulse) for TRIG_inpulse
    main.o(.text.main) refers to hc_sr04.o(.text.TPM1_GetVal) for TPM1_GetVal
    main.o(.text.main) refers to aeabi_sdivfast.o(.text_divfast) for __aeabi_idiv
    main.o(.text.main) refers to speaker.o(.text.change_wave_period) for change_wave_period
    main.o(.text.main) refers to hc_sr04.o(.text.delay_ms) for delay_ms
    main.o(.text.main) refers to main.o(.rodata.logo_mini_mono) for logo_mini_mono
    main.o(.ARM.exidx.text.main) refers to main.o(.text.main) for [Anonymous Symbol]
    main.o(.text.lcd_static) refers to lcd1602.o(.text.LCD1602_ClearAll) for LCD1602_ClearAll
    main.o(.text.lcd_static) refers to lcd1602.o(.text.LCD1602_SetCursor) for LCD1602_SetCursor
    main.o(.text.lcd_static) refers to lcd1602.o(.text.LCD1602_Print) for LCD1602_Print
    main.o(.text.lcd_static) refers to main.o(.text.lcd_update) for lcd_update
    main.o(.ARM.exidx.text.lcd_static) refers to main.o(.text.lcd_static) for [Anonymous Symbol]
    main.o(.text.lcd_update) refers to lcd1602.o(.text.LCD1602_SetCursor) for LCD1602_SetCursor
    main.o(.text.lcd_update) refers to hc_sr04.o(.text.TPM1_GetVal) for TPM1_GetVal
    main.o(.text.lcd_update) refers to aeabi_sdivfast.o(.text_divfast) for __aeabi_idiv
    main.o(.text.lcd_update) refers to lcd1602.o(.text.LCD1602_PrintNum) for LCD1602_PrintNum
    main.o(.ARM.exidx.text.lcd_update) refers to main.o(.text.lcd_update) for [Anonymous Symbol]
    pit.o(.text.PIT_Init_Generator) refers to pit.o(.text.__NVIC_SetPriority) for __NVIC_SetPriority
    pit.o(.text.PIT_Init_Generator) refers to pit.o(.text.__NVIC_ClearPendingIRQ) for __NVIC_ClearPendingIRQ
    pit.o(.text.PIT_Init_Generator) refers to pit.o(.text.__NVIC_EnableIRQ) for __NVIC_EnableIRQ
    pit.o(.text.PIT_Init_Generator) refers to pit.o(.bss.pitEnabled) for [Anonymous Symbol]
    pit.o(.ARM.exidx.text.PIT_Init_Generator) refers to pit.o(.text.PIT_Init_Generator) for [Anonymous Symbol]
    pit.o(.ARM.exidx.text.__NVIC_SetPriority) refers to pit.o(.text.__NVIC_SetPriority) for [Anonymous Symbol]
    pit.o(.ARM.exidx.text.__NVIC_ClearPendingIRQ) refers to pit.o(.text.__NVIC_ClearPendingIRQ) for [Anonymous Symbol]
    pit.o(.ARM.exidx.text.__NVIC_EnableIRQ) refers to pit.o(.text.__NVIC_EnableIRQ) for [Anonymous Symbol]
    pit.o(.text.PIT_SetTSV) refers to pit.o(.bss.pitEnabled) for [Anonymous Symbol]
    pit.o(.ARM.exidx.text.PIT_SetTSV) refers to pit.o(.text.PIT_SetTSV) for [Anonymous Symbol]
    pit.o(.ARM.exidx.text.PIT_IRQHandler) refers to pit.o(.text.PIT_IRQHandler) for [Anonymous Symbol]
    hc_sr04.o(.text.TPM1_Init_InputCapture) refers to hc_sr04.o(.text.__NVIC_SetPriority) for __NVIC_SetPriority
    hc_sr04.o(.text.TPM1_Init_InputCapture) refers to hc_sr04.o(.text.__NVIC_ClearPendingIRQ) for __NVIC_ClearPendingIRQ
    hc_sr04.o(.text.TPM1_Init_InputCapture) refers to hc_sr04.o(.text.__NVIC_EnableIRQ) for __NVIC_EnableIRQ
    hc_sr04.o(.ARM.exidx.text.TPM1_Init_InputCapture) refers to hc_sr04.o(.text.TPM1_Init_InputCapture) for [Anonymous Symbol]
    hc_sr04.o(.ARM.exidx.text.__NVIC_SetPriority) refers to hc_sr04.o(.text.__NVIC_SetPriority) for [Anonymous Symbol]
    hc_sr04.o(.ARM.exidx.text.__NVIC_ClearPendingIRQ) refers to hc_sr04.o(.text.__NVIC_ClearPendingIRQ) for [Anonymous Symbol]
    hc_sr04.o(.ARM.exidx.text.__NVIC_EnableIRQ) refers to hc_sr04.o(.text.__NVIC_EnableIRQ) for [Anonymous Symbol]
    hc_sr04.o(.text.TPM1_GetVal) refers to hc_sr04.o(.bss.tpm0Diff) for [Anonymous Symbol]
    hc_sr04.o(.ARM.exidx.text.TPM1_GetVal) refers to hc_sr04.o(.text.TPM1_GetVal) for [Anonymous Symbol]
    hc_sr04.o(.text.TPM1_IRQHandler) refers to hc_sr04.o(.bss.tpm0New) for [Anonymous Symbol]
    hc_sr04.o(.text.TPM1_IRQHandler) refers to hc_sr04.o(.bss.tpm0Diff) for [Anonymous Symbol]
    hc_sr04.o(.ARM.exidx.text.TPM1_IRQHandler) refers to hc_sr04.o(.text.TPM1_IRQHandler) for [Anonymous Symbol]
    hc_sr04.o(.ARM.exidx.text.TRIG_GPIO_Init) refers to hc_sr04.o(.text.TRIG_GPIO_Init) for [Anonymous Symbol]
    hc_sr04.o(.text.TRIG_inpulse) refers to hc_sr04.o(.text.delay_ms) for delay_ms
    hc_sr04.o(.ARM.exidx.text.TRIG_inpulse) refers to hc_sr04.o(.text.TRIG_inpulse) for [Anonymous Symbol]
    hc_sr04.o(.ARM.exidx.text.delay_ms) refers to hc_sr04.o(.text.delay_ms) for [Anonymous Symbol]
    nokia5110.o(.ARM.exidx.text.InitSPI) refers to nokia5110.o(.text.InitSPI) for [Anonymous Symbol]
    nokia5110.o(.text.lcd_reset) refers to hc_sr04.o(.text.delay_ms) for delay_ms
    nokia5110.o(.ARM.exidx.text.lcd_reset) refers to nokia5110.o(.text.lcd_reset) for [Anonymous Symbol]
    nokia5110.o(.ARM.exidx.text.spi_send) refers to nokia5110.o(.text.spi_send) for [Anonymous Symbol]
    nokia5110.o(.text.lcd_cmd) refers to nokia5110.o(.text.spi_send) for spi_send
    nokia5110.o(.ARM.exidx.text.lcd_cmd) refers to nokia5110.o(.text.lcd_cmd) for [Anonymous Symbol]
    nokia5110.o(.text.lcd_data) refers to nokia5110.o(.text.spi_send) for spi_send
    nokia5110.o(.ARM.exidx.text.lcd_data) refers to nokia5110.o(.text.lcd_data) for [Anonymous Symbol]
    speaker.o(.text.TPM0_Init_PCM) refers to speaker.o(.text.__NVIC_SetPriority) for __NVIC_SetPriority
    speaker.o(.text.TPM0_Init_PCM) refers to speaker.o(.text.__NVIC_ClearPendingIRQ) for __NVIC_ClearPendingIRQ
    speaker.o(.text.TPM0_Init_PCM) refers to speaker.o(.text.__NVIC_EnableIRQ) for __NVIC_EnableIRQ
    speaker.o(.ARM.exidx.text.TPM0_Init_PCM) refers to speaker.o(.text.TPM0_Init_PCM) for [Anonymous Symbol]
    speaker.o(.ARM.exidx.text.__NVIC_SetPriority) refers to speaker.o(.text.__NVIC_SetPriority) for [Anonymous Symbol]
    speaker.o(.ARM.exidx.text.__NVIC_ClearPendingIRQ) refers to speaker.o(.text.__NVIC_ClearPendingIRQ) for [Anonymous Symbol]
    speaker.o(.ARM.exidx.text.__NVIC_EnableIRQ) refers to speaker.o(.text.__NVIC_EnableIRQ) for [Anonymous Symbol]
    speaker.o(.text.TPM0_PCM_Play) refers to speaker.o(.bss.sampleCNT) for [Anonymous Symbol]
    speaker.o(.ARM.exidx.text.TPM0_PCM_Play) refers to speaker.o(.text.TPM0_PCM_Play) for [Anonymous Symbol]
    speaker.o(.text.change_wave_period) refers to speaker.o(.bss.wave_period) for [Anonymous Symbol]
    speaker.o(.ARM.exidx.text.change_wave_period) refers to speaker.o(.text.change_wave_period) for [Anonymous Symbol]
    speaker.o(.text.TPM0_IRQHandler) refers to speaker.o(.bss.upSampleCNT) for [Anonymous Symbol]
    speaker.o(.text.TPM0_IRQHandler) refers to speaker.o(.bss.sampleCNT) for [Anonymous Symbol]
    speaker.o(.text.TPM0_IRQHandler) refers to speaker.o(.rodata.music) for [Anonymous Symbol]
    speaker.o(.text.TPM0_IRQHandler) refers to speaker.o(.bss.wait_counter) for [Anonymous Symbol]
    speaker.o(.text.TPM0_IRQHandler) refers to speaker.o(.bss.wave_period) for [Anonymous Symbol]
    speaker.o(.ARM.exidx.text.TPM0_IRQHandler) refers to speaker.o(.text.TPM0_IRQHandler) for [Anonymous Symbol]
    startup_mkl05z4.o(STACK) refers (Special) to heapauxi.o(.text) for __use_two_region_memory
    startup_mkl05z4.o(HEAP) refers (Special) to heapauxi.o(.text) for __use_two_region_memory
    startup_mkl05z4.o(RESET) refers (Special) to heapauxi.o(.text) for __use_two_region_memory
    startup_mkl05z4.o(RESET) refers to startup_mkl05z4.o(STACK) for __initial_sp
    startup_mkl05z4.o(RESET) refers to startup_mkl05z4.o(.text) for Reset_Handler
    startup_mkl05z4.o(RESET) refers to speaker.o(.text.TPM0_IRQHandler) for TPM0_IRQHandler
    startup_mkl05z4.o(RESET) refers to hc_sr04.o(.text.TPM1_IRQHandler) for TPM1_IRQHandler
    startup_mkl05z4.o(RESET) refers to pit.o(.text.PIT_IRQHandler) for PIT_IRQHandler
    startup_mkl05z4.o(.ARM.__at_0x400) refers (Special) to heapauxi.o(.text) for __use_two_region_memory
    startup_mkl05z4.o(.text) refers (Special) to heapauxi.o(.text) for __use_two_region_memory
    startup_mkl05z4.o(.text) refers to system_mkl05z4.o(.text.SystemInit) for SystemInit
    startup_mkl05z4.o(.text) refers to __main.o(!!!main) for __main
    startup_mkl05z4.o(.text) refers to startup_mkl05z4.o(HEAP) for Heap_Mem
    startup_mkl05z4.o(.text) refers to startup_mkl05z4.o(STACK) for Stack_Mem
    system_mkl05z4.o(.ARM.exidx.text.SystemInit) refers to system_mkl05z4.o(.text.SystemInit) for [Anonymous Symbol]
    system_mkl05z4.o(.text.SystemCoreClockUpdate) refers to aeabi_sdivfast.o(.text_divfast) for __aeabi_uidiv
    system_mkl05z4.o(.text.SystemCoreClockUpdate) refers to system_mkl05z4.o(.data.SystemCoreClock) for SystemCoreClock
    system_mkl05z4.o(.ARM.exidx.text.SystemCoreClockUpdate) refers to system_mkl05z4.o(.text.SystemCoreClockUpdate) for [Anonymous Symbol]
    __main.o(!!!main) refers to __rtentry.o(.ARM.Collect$$rtentry$$00000000) for __rt_entry
    __rtentry.o(.ARM.Collect$$rtentry$$00000000) refers (Special) to __rtentry2.o(.ARM.Collect$$rtentry$$0000000A) for __rt_entry_li
    __rtentry.o(.ARM.Collect$$rtentry$$00000000) refers (Special) to __rtentry2.o(.ARM.Collect$$rtentry$$0000000D) for __rt_entry_main
    __rtentry.o(.ARM.Collect$$rtentry$$00000000) refers (Special) to __rtentry2.o(.ARM.Collect$$rtentry$$0000000C) for __rt_entry_postli_1
    __rtentry.o(.ARM.Collect$$rtentry$$00000000) refers (Special) to __rtentry2.o(.ARM.Collect$$rtentry$$00000009) for __rt_entry_postsh_1
    __rtentry.o(.ARM.Collect$$rtentry$$00000000) refers (Special) to __rtentry2.o(.ARM.Collect$$rtentry$$00000002) for __rt_entry_presh_1
    __rtentry.o(.ARM.Collect$$rtentry$$00000000) refers (Special) to __rtentry4.o(.ARM.Collect$$rtentry$$00000004) for __rt_entry_sh
    aeabi_idiv0_sigfpe.o(.text) refers to rt_div0.o(.text) for __rt_div0
    __rtentry2.o(.ARM.Collect$$rtentry$$00000008) refers to boardinit2.o(.text) for _platform_post_stackheap_init
    __rtentry2.o(.ARM.Collect$$rtentry$$0000000A) refers to libinit.o(.ARM.Collect$$libinit$$00000000) for __rt_lib_init
    __rtentry2.o(.ARM.Collect$$rtentry$$0000000B) refers to boardinit3.o(.text) for _platform_post_lib_init
    __rtentry2.o(.ARM.Collect$$rtentry$$0000000D) refers to main.o(.text.main) for main
    __rtentry2.o(.ARM.Collect$$rtentry$$0000000D) refers to exit.o(.text) for exit
    __rtentry2.o(.ARM.exidx) refers to __rtentry2.o(.ARM.Collect$$rtentry$$00000001) for .ARM.Collect$$rtentry$$00000001
    __rtentry2.o(.ARM.exidx) refers to __rtentry2.o(.ARM.Collect$$rtentry$$00000008) for .ARM.Collect$$rtentry$$00000008
    __rtentry2.o(.ARM.exidx) refers to __rtentry2.o(.ARM.Collect$$rtentry$$0000000A) for .ARM.Collect$$rtentry$$0000000A
    __rtentry2.o(.ARM.exidx) refers to __rtentry2.o(.ARM.Collect$$rtentry$$0000000B) for .ARM.Collect$$rtentry$$0000000B
    __rtentry2.o(.ARM.exidx) refers to __rtentry2.o(.ARM.Collect$$rtentry$$0000000D) for .ARM.Collect$$rtentry$$0000000D
    __rtentry4.o(.ARM.Collect$$rtentry$$00000004) refers to sys_stackheap_outer.o(.text) for __user_setup_stackheap
    __rtentry4.o(.ARM.exidx) refers to __rtentry4.o(.ARM.Collect$$rtentry$$00000004) for .ARM.Collect$$rtentry$$00000004
    rt_div0.o(.text) refers to defsig_fpe_outer.o(.text) for __rt_SIGFPE
    sys_stackheap_outer.o(.text) refers to libspace.o(.text) for __user_perproc_libspace
    sys_stackheap_outer.o(.text) refers to startup_mkl05z4.o(.text) for __user_initial_stackheap
    sys_stackheap_outer.o(__vectab_stack_and_reset_area) refers to tempstk.o(.text) for __temporary_stack_top
    sys_stackheap_outer.o(__vectab_stack_and_reset_area) refers to __main.o(!!!main) for __main
    exit.o(.text) refers to rtexit.o(.ARM.Collect$$rtexit$$00000000) for __rt_exit
    defsig_fpe_outer.o(.text) refers to defsig_fpe_inner.o(.text) for __rt_SIGFPE_inner
    defsig_fpe_outer.o(.text) refers to defsig_exit.o(.text) for __sig_exit
    defsig_fpe_formal.o(.text) refers to rt_raise.o(.text) for __rt_raise
    libinit.o(.ARM.Collect$$libinit$$00000000) refers (Special) to libinit2.o(.ARM.Collect$$libinit$$0000002E) for __rt_lib_init_alloca_1
    libinit.o(.ARM.Collect$$libinit$$00000000) refers (Special) to libinit2.o(.ARM.Collect$$libinit$$0000002C) for __rt_lib_init_argv_1
    libinit.o(.ARM.Collect$$libinit$$00000000) refers (Special) to libinit2.o(.ARM.Collect$$libinit$$0000001B) for __rt_lib_init_atexit_1
    libinit.o(.ARM.Collect$$libinit$$00000000) refers (Special) to libinit2.o(.ARM.Collect$$libinit$$00000021) for __rt_lib_init_clock_1
    libinit.o(.ARM.Collect$$libinit$$00000000) refers (Special) to libinit2.o(.ARM.Collect$$libinit$$00000032) for __rt_lib_init_cpp_1
    libinit.o(.ARM.Collect$$libinit$$00000000) refers (Special) to libinit2.o(.ARM.Collect$$libinit$$00000030) for __rt_lib_init_exceptions_1
    libinit.o(.ARM.Collect$$libinit$$00000000) refers (Special) to libinit2.o(.ARM.Collect$$libinit$$00000002) for __rt_lib_init_fp_1
    libinit.o(.ARM.Collect$$libinit$$00000000) refers (Special) to libinit2.o(.ARM.Collect$$libinit$$0000001F) for __rt_lib_init_fp_trap_1
    libinit.o(.ARM.Collect$$libinit$$00000000) refers (Special) to libinit2.o(.ARM.Collect$$libinit$$00000023) for __rt_lib_init_getenv_1
    libinit.o(.ARM.Collect$$libinit$$00000000) refers (Special) to libinit2.o(.ARM.Collect$$libinit$$0000000A) for __rt_lib_init_heap_1
    libinit.o(.ARM.Collect$$libinit$$00000000) refers (Special) to libinit2.o(.ARM.Collect$$libinit$$00000011) for __rt_lib_init_lc_collate_1
    libinit.o(.ARM.Collect$$libinit$$00000000) refers (Special) to libinit2.o(.ARM.Collect$$libinit$$00000013) for __rt_lib_init_lc_ctype_1
    libinit.o(.ARM.Collect$$libinit$$00000000) refers (Special) to libinit2.o(.ARM.Collect$$libinit$$00000015) for __rt_lib_init_lc_monetary_1
    libinit.o(.ARM.Collect$$libinit$$00000000) refers (Special) to libinit2.o(.ARM.Collect$$libinit$$00000017) for __rt_lib_init_lc_numeric_1
    libinit.o(.ARM.Collect$$libinit$$00000000) refers (Special) to libinit2.o(.ARM.Collect$$libinit$$00000019) for __rt_lib_init_lc_time_1
    libinit.o(.ARM.Collect$$libinit$$00000000) refers (Special) to libinit2.o(.ARM.Collect$$libinit$$00000004) for __rt_lib_init_preinit_1
    libinit.o(.ARM.Collect$$libinit$$00000000) refers (Special) to libinit2.o(.ARM.Collect$$libinit$$0000000E) for __rt_lib_init_rand_1
    libinit.o(.ARM.Collect$$libinit$$00000000) refers (Special) to libinit2.o(.ARM.Collect$$libinit$$00000033) for __rt_lib_init_return
    libinit.o(.ARM.Collect$$libinit$$00000000) refers (Special) to libinit2.o(.ARM.Collect$$libinit$$0000001D) for __rt_lib_init_signal_1
    libinit.o(.ARM.Collect$$libinit$$00000000) refers (Special) to libinit2.o(.ARM.Collect$$libinit$$00000025) for __rt_lib_init_stdio_1
    libinit.o(.ARM.Collect$$libinit$$00000000) refers (Special) to libinit2.o(.ARM.Collect$$libinit$$0000000C) for __rt_lib_init_user_alloc_1
    libspace.o(.text) refers to libspace.o(.bss) for __libspace_start
    rtexit.o(.ARM.Collect$$rtexit$$00000000) refers (Special) to rtexit2.o(.ARM.Collect$$rtexit$$00000004) for __rt_exit_exit
    rtexit.o(.ARM.Collect$$rtexit$$00000000) refers (Special) to rtexit2.o(.ARM.Collect$$rtexit$$00000003) for __rt_exit_ls
    rtexit.o(.ARM.Collect$$rtexit$$00000000) refers (Special) to rtexit2.o(.ARM.Collect$$rtexit$$00000002) for __rt_exit_prels_1
    rtexit.o(.ARM.exidx) refers (Special) to rtexit2.o(.ARM.Collect$$rtexit$$00000004) for __rt_exit_exit
    rtexit.o(.ARM.exidx) refers (Special) to rtexit2.o(.ARM.Collect$$rtexit$$00000003) for __rt_exit_ls
    rtexit.o(.ARM.exidx) refers (Special) to rtexit2.o(.ARM.Collect$$rtexit$$00000002) for __rt_exit_prels_1
    rtexit.o(.ARM.exidx) refers to rtexit.o(.ARM.Collect$$rtexit$$00000000) for .ARM.Collect$$rtexit$$00000000
    rt_raise.o(.text) refers to __raise.o(.text) for __raise
    rt_raise.o(.text) refers to sys_exit.o(.text) for _sys_exit
    defsig_exit.o(.text) refers to sys_exit.o(.text) for _sys_exit
    defsig_fpe_inner.o(.text) refers to defsig_general.o(.text) for __default_signal_display
    libinit2.o(.ARM.Collect$$libinit$$00000010) refers to libinit2.o(.ARM.Collect$$libinit$$0000000F) for .ARM.Collect$$libinit$$0000000F
    libinit2.o(.ARM.Collect$$libinit$$00000012) refers to libinit2.o(.ARM.Collect$$libinit$$0000000F) for .ARM.Collect$$libinit$$0000000F
    libinit2.o(.ARM.Collect$$libinit$$00000014) refers to libinit2.o(.ARM.Collect$$libinit$$0000000F) for .ARM.Collect$$libinit$$0000000F
    libinit2.o(.ARM.Collect$$libinit$$00000016) refers to libinit2.o(.ARM.Collect$$libinit$$0000000F) for .ARM.Collect$$libinit$$0000000F
    libinit2.o(.ARM.Collect$$libinit$$00000018) refers to libinit2.o(.ARM.Collect$$libinit$$0000000F) for .ARM.Collect$$libinit$$0000000F
    libinit2.o(.ARM.Collect$$libinit$$00000026) refers to argv_veneer.o(.text) for __ARM_argv_veneer
    libinit2.o(.ARM.Collect$$libinit$$00000027) refers to argv_veneer.o(.text) for __ARM_argv_veneer
    sys_exit.o(.text) refers (Special) to use_no_semi.o(.text) for __I$use$semihosting
    sys_exit.o(.text) refers (Special) to indicate_semi.o(.text) for __semihosting_library_function
    sys_exit_hlt.o(.text) refers (Special) to use_no_semi.o(.text) for __I$use$semihosting
    sys_exit_hlt.o(.text) refers (Special) to indicate_semi.o(.text) for __semihosting_library_function
    rtexit2.o(.ARM.Collect$$rtexit$$00000003) refers to libshutdown.o(.ARM.Collect$$libshutdown$$00000000) for __rt_lib_shutdown
    rtexit2.o(.ARM.Collect$$rtexit$$00000004) refers to sys_exit.o(.text) for _sys_exit
    rtexit2.o(.ARM.exidx) refers to rtexit2.o(.ARM.Collect$$rtexit$$00000001) for .ARM.Collect$$rtexit$$00000001
    rtexit2.o(.ARM.exidx) refers to rtexit2.o(.ARM.Collect$$rtexit$$00000003) for .ARM.Collect$$rtexit$$00000003
    rtexit2.o(.ARM.exidx) refers to rtexit2.o(.ARM.Collect$$rtexit$$00000004) for .ARM.Collect$$rtexit$$00000004
    __raise.o(.text) refers to defsig.o(CL$$defsig) for __default_signal_handler
    defsig_general.o(.text) refers to sys_wrch.o(.text) for _ttywrch
    sys_wrch.o(.text) refers (Special) to use_no_semi.o(.text) for __I$use$semihosting
    sys_wrch.o(.text) refers (Special) to indicate_semi.o(.text) for __semihosting_library_function
    sys_wrch_hlt.o(.text) refers (Special) to use_no_semi.o(.text) for __I$use$semihosting
    sys_wrch_hlt.o(.text) refers (Special) to indicate_semi.o(.text) for __semihosting_library_function
    defsig.o(CL$$defsig) refers to defsig_fpe_inner.o(.text) for __rt_SIGFPE_inner
    defsig.o(CL$$defsig) refers to defsig_rtmem_inner.o(.text) for __rt_SIGRTMEM_inner
    _get_argv_nomalloc.o(.text) refers (Special) to hrguard.o(.text) for __heap_region$guard
    _get_argv_nomalloc.o(.text) refers to defsig_rtmem_outer.o(.text) for __rt_SIGRTMEM
    _get_argv_nomalloc.o(.text) refers to sys_command.o(.text) for _sys_command_string
    libshutdown.o(.ARM.Collect$$libshutdown$$00000000) refers (Special) to libshutdown2.o(.ARM.Collect$$libshutdown$$00000002) for __rt_lib_shutdown_cpp_1
    libshutdown.o(.ARM.Collect$$libshutdown$$00000000) refers (Special) to libshutdown2.o(.ARM.Collect$$libshutdown$$00000007) for __rt_lib_shutdown_fp_trap_1
    libshutdown.o(.ARM.Collect$$libshutdown$$00000000) refers (Special) to libshutdown2.o(.ARM.Collect$$libshutdown$$0000000F) for __rt_lib_shutdown_heap_1
    libshutdown.o(.ARM.Collect$$libshutdown$$00000000) refers (Special) to libshutdown2.o(.ARM.Collect$$libshutdown$$00000010) for __rt_lib_shutdown_return
    libshutdown.o(.ARM.Collect$$libshutdown$$00000000) refers (Special) to libshutdown2.o(.ARM.Collect$$libshutdown$$0000000A) for __rt_lib_shutdown_signal_1
    libshutdown.o(.ARM.Collect$$libshutdown$$00000000) refers (Special) to libshutdown2.o(.ARM.Collect$$libshutdown$$00000004) for __rt_lib_shutdown_stdio_1
    libshutdown.o(.ARM.Collect$$libshutdown$$00000000) refers (Special) to libshutdown2.o(.ARM.Collect$$libshutdown$$0000000C) for __rt_lib_shutdown_user_alloc_1
    sys_command.o(.text) refers (Special) to use_no_semi.o(.text) for __I$use$semihosting
    sys_command.o(.text) refers (Special) to indicate_semi.o(.text) for __semihosting_library_function
    sys_command_hlt.o(.text) refers (Special) to use_no_semi.o(.text) for __I$use$semihosting
    sys_command_hlt.o(.text) refers (Special) to indicate_semi.o(.text) for __semihosting_library_function
    defsig_abrt_inner.o(.text) refers to defsig_general.o(.text) for __default_signal_display
    defsig_rtred_inner.o(.text) refers to defsig_general.o(.text) for __default_signal_display
    defsig_rtmem_inner.o(.text) refers to defsig_general.o(.text) for __default_signal_display
    defsig_rtmem_outer.o(.text) refers to defsig_rtmem_inner.o(.text) for __rt_SIGRTMEM_inner
    defsig_rtmem_outer.o(.text) refers to defsig_exit.o(.text) for __sig_exit
    defsig_rtmem_formal.o(.text) refers to rt_raise.o(.text) for __rt_raise
    defsig_stak_inner.o(.text) refers to defsig_general.o(.text) for __default_signal_display
    defsig_pvfn_inner.o(.text) refers to defsig_general.o(.text) for __default_signal_display
    defsig_cppl_inner.o(.text) refers to defsig_general.o(.text) for __default_signal_display
    defsig_segv_inner.o(.text) refers to defsig_general.o(.text) for __default_signal_display
    defsig_other.o(.text) refers to defsig_general.o(.text) for __default_signal_display


==============================================================================

Removing Unused input sections from the image.

    Removing i2c.o(.text), (0 bytes).
    Removing i2c.o(.text.I2C_Init), (104 bytes).
    Removing i2c.o(.ARM.exidx.text.I2C_Init), (8 bytes).
    Removing i2c.o(.text.I2C_Write), (64 bytes).
    Removing i2c.o(.ARM.exidx.text.I2C_Write), (8 bytes).
    Removing i2c.o(.text.i2c_enable), (16 bytes).
    Removing i2c.o(.ARM.exidx.text.i2c_enable), (8 bytes).
    Removing i2c.o(.text.i2c_tran), (16 bytes).
    Removing i2c.o(.ARM.exidx.text.i2c_tran), (8 bytes).
    Removing i2c.o(.text.i2c_m_start), (16 bytes).
    Removing i2c.o(.ARM.exidx.text.i2c_m_start), (8 bytes).
    Removing i2c.o(.text.i2c_send), (12 bytes).
    Removing i2c.o(.ARM.exidx.text.i2c_send), (8 bytes).
    Removing i2c.o(.text.i2c_wait), (68 bytes).
    Removing i2c.o(.ARM.exidx.text.i2c_wait), (8 bytes).
    Removing i2c.o(.text.i2c_m_stop), (16 bytes).
    Removing i2c.o(.ARM.exidx.text.i2c_m_stop), (8 bytes).
    Removing i2c.o(.text.i2c_disable), (16 bytes).
    Removing i2c.o(.ARM.exidx.text.i2c_disable), (8 bytes).
    Removing i2c.o(.text.i2c_m_rstart), (16 bytes).
    Removing i2c.o(.ARM.exidx.text.i2c_m_rstart), (8 bytes).
    Removing i2c.o(.bss.error), (1 bytes).
    Removing lcd1602.o(.text), (0 bytes).
    Removing lcd1602.o(.text.LCD1602_Init), (76 bytes).
    Removing lcd1602.o(.ARM.exidx.text.LCD1602_Init), (8 bytes).
    Removing lcd1602.o(.text.PCF8574_Write), (28 bytes).
    Removing lcd1602.o(.ARM.exidx.text.PCF8574_Write), (8 bytes).
    Removing lcd1602.o(.text.LCD1602_Write8), (26 bytes).
    Removing lcd1602.o(.ARM.exidx.text.LCD1602_Write8), (8 bytes).
    Removing lcd1602.o(.text.LCD1602_SetCursor), (24 bytes).
    Removing lcd1602.o(.ARM.exidx.text.LCD1602_SetCursor), (8 bytes).
    Removing lcd1602.o(.text.LCD1602_ClearAll), (12 bytes).
    Removing lcd1602.o(.ARM.exidx.text.LCD1602_ClearAll), (8 bytes).
    Removing lcd1602.o(.text.LCD1602_Print), (32 bytes).
    Removing lcd1602.o(.ARM.exidx.text.LCD1602_Print), (8 bytes).
    Removing lcd1602.o(.text.LCD1602_PrintNum), (44 bytes).
    Removing lcd1602.o(.ARM.exidx.text.LCD1602_PrintNum), (8 bytes).
    Removing lcd1602.o(.text.itoa), (118 bytes).
    Removing lcd1602.o(.ARM.exidx.text.itoa), (8 bytes).
    Removing lcd1602.o(.text.LCD1602_Backlight), (20 bytes).
    Removing lcd1602.o(.ARM.exidx.text.LCD1602_Backlight), (8 bytes).
    Removing lcd1602.o(.text.LCD1602_Write4), (40 bytes).
    Removing lcd1602.o(.ARM.exidx.text.LCD1602_Write4), (8 bytes).
    Removing lcd1602.o(.data.lcd_backlight), (1 bytes).
    Removing main.o(.text), (0 bytes).
    Removing main.o(.ARM.exidx.text.main), (8 bytes).
    Removing main.o(.text.lcd_static), (68 bytes).
    Removing main.o(.ARM.exidx.text.lcd_static), (8 bytes).
    Removing main.o(.text.lcd_update), (26 bytes).
    Removing main.o(.ARM.exidx.text.lcd_update), (8 bytes).
    Removing main.o(.ARM.use_no_argv), (4 bytes).
    Removing pit.o(.text), (0 bytes).
    Removing pit.o(.ARM.exidx.text.PIT_Init_Generator), (8 bytes).
    Removing pit.o(.ARM.exidx.text.__NVIC_SetPriority), (8 bytes).
    Removing pit.o(.ARM.exidx.text.__NVIC_ClearPendingIRQ), (8 bytes).
    Removing pit.o(.ARM.exidx.text.__NVIC_EnableIRQ), (8 bytes).
    Removing pit.o(.text.PIT_SetTSV), (32 bytes).
    Removing pit.o(.ARM.exidx.text.PIT_SetTSV), (8 bytes).
    Removing pit.o(.ARM.exidx.text.PIT_IRQHandler), (8 bytes).
    Removing hc_sr04.o(.text), (0 bytes).
    Removing hc_sr04.o(.ARM.exidx.text.TPM1_Init_InputCapture), (8 bytes).
    Removing hc_sr04.o(.ARM.exidx.text.__NVIC_SetPriority), (8 bytes).
    Removing hc_sr04.o(.ARM.exidx.text.__NVIC_ClearPendingIRQ), (8 bytes).
    Removing hc_sr04.o(.ARM.exidx.text.__NVIC_EnableIRQ), (8 bytes).
    Removing hc_sr04.o(.ARM.exidx.text.TPM1_GetVal), (8 bytes).
    Removing hc_sr04.o(.ARM.exidx.text.TPM1_IRQHandler), (8 bytes).
    Removing hc_sr04.o(.ARM.exidx.text.TRIG_GPIO_Init), (8 bytes).
    Removing hc_sr04.o(.ARM.exidx.text.TRIG_inpulse), (8 bytes).
    Removing hc_sr04.o(.ARM.exidx.text.delay_ms), (8 bytes).
    Removing nokia5110.o(.text), (0 bytes).
    Removing nokia5110.o(.ARM.exidx.text.InitSPI), (8 bytes).
    Removing nokia5110.o(.ARM.exidx.text.lcd_reset), (8 bytes).
    Removing nokia5110.o(.ARM.exidx.text.spi_send), (8 bytes).
    Removing nokia5110.o(.ARM.exidx.text.lcd_cmd), (8 bytes).
    Removing nokia5110.o(.ARM.exidx.text.lcd_data), (8 bytes).
    Removing speaker.o(.text), (0 bytes).
    Removing speaker.o(.ARM.exidx.text.TPM0_Init_PCM), (8 bytes).
    Removing speaker.o(.ARM.exidx.text.__NVIC_SetPriority), (8 bytes).
    Removing speaker.o(.ARM.exidx.text.__NVIC_ClearPendingIRQ), (8 bytes).
    Removing speaker.o(.ARM.exidx.text.__NVIC_EnableIRQ), (8 bytes).
    Removing speaker.o(.text.TPM0_PCM_Play), (12 bytes).
    Removing speaker.o(.ARM.exidx.text.TPM0_PCM_Play), (8 bytes).
    Removing speaker.o(.ARM.exidx.text.change_wave_period), (8 bytes).
    Removing speaker.o(.ARM.exidx.text.TPM0_IRQHandler), (8 bytes).
    Removing system_mkl05z4.o(.text), (0 bytes).
    Removing system_mkl05z4.o(.ARM.exidx.text.SystemInit), (8 bytes).
    Removing system_mkl05z4.o(.text.SystemCoreClockUpdate), (184 bytes).
    Removing system_mkl05z4.o(.ARM.exidx.text.SystemCoreClockUpdate), (8 bytes).
    Removing system_mkl05z4.o(.data.SystemCoreClock), (4 bytes).

89 unused section(s) (total 1512 bytes) removed from the image.

==============================================================================

Image Symbol Table

    Local Symbols

    Symbol Name                              Value     Ov Type        Size  Object(Section)

    ../clib/angel/boardlib.s                 0x00000000   Number         0  boardinit1.o ABSOLUTE
    ../clib/angel/boardlib.s                 0x00000000   Number         0  boardinit2.o ABSOLUTE
    ../clib/angel/boardlib.s                 0x00000000   Number         0  boardinit3.o ABSOLUTE
    ../clib/angel/boardlib.s                 0x00000000   Number         0  boardshut.o ABSOLUTE
    ../clib/angel/handlers.s                 0x00000000   Number         0  __scatter_zi.o ABSOLUTE
    ../clib/angel/kernel.s                   0x00000000   Number         0  __rtentry.o ABSOLUTE
    ../clib/angel/kernel.s                   0x00000000   Number         0  __rtentry2.o ABSOLUTE
    ../clib/angel/kernel.s                   0x00000000   Number         0  __rtentry4.o ABSOLUTE
    ../clib/angel/kernel.s                   0x00000000   Number         0  rtexit.o ABSOLUTE
    ../clib/angel/kernel.s                   0x00000000   Number         0  rtexit2.o ABSOLUTE
    ../clib/angel/rt.s                       0x00000000   Number         0  aeabi_idiv0.o ABSOLUTE
    ../clib/angel/rt.s                       0x00000000   Number         0  aeabi_idiv0_sigfpe.o ABSOLUTE
    ../clib/angel/rt.s                       0x00000000   Number         0  rt_div0.o ABSOLUTE
    ../clib/angel/rt.s                       0x00000000   Number         0  rt_raise.o ABSOLUTE
    ../clib/angel/scatterp.s                 0x00000000   Number         0  __scatter.o ABSOLUTE
    ../clib/angel/startup.s                  0x00000000   Number         0  __main.o ABSOLUTE
    ../clib/angel/sys.s                      0x00000000   Number         0  sys_stackheap_outer.o ABSOLUTE
    ../clib/angel/sys.s                      0x00000000   Number         0  libspace.o ABSOLUTE
    ../clib/angel/sys.s                      0x00000000   Number         0  tempstk.o ABSOLUTE
    ../clib/angel/sys.s                      0x00000000   Number         0  use_no_semi.o ABSOLUTE
    ../clib/angel/sys.s                      0x00000000   Number         0  indicate_semi.o ABSOLUTE
    ../clib/angel/sysapp.c                   0x00000000   Number         0  sys_exit.o ABSOLUTE
    ../clib/angel/sysapp.c                   0x00000000   Number         0  sys_exit_hlt.o ABSOLUTE
    ../clib/angel/sysapp.c                   0x00000000   Number         0  sys_wrch.o ABSOLUTE
    ../clib/angel/sysapp.c                   0x00000000   Number         0  sys_wrch_hlt.o ABSOLUTE
    ../clib/angel/sysapp.c                   0x00000000   Number         0  sys_command.o ABSOLUTE
    ../clib/angel/sysapp.c                   0x00000000   Number         0  sys_command_hlt.o ABSOLUTE
    ../clib/armsys.c                         0x00000000   Number         0  argv_veneer.o ABSOLUTE
    ../clib/armsys.c                         0x00000000   Number         0  _get_argv_nomalloc.o ABSOLUTE
    ../clib/armsys.c                         0x00000000   Number         0  no_argv.o ABSOLUTE
    ../clib/division.s                       0x00000000   Number         0  aeabi_sdivfast.o ABSOLUTE
    ../clib/division.s                       0x00000000   Number         0  aeabi_sdivfast_div0.o ABSOLUTE
    ../clib/heapalloc.c                      0x00000000   Number         0  hrguard.o ABSOLUTE
    ../clib/heapaux.c                        0x00000000   Number         0  heapauxi.o ABSOLUTE
    ../clib/libinit.s                        0x00000000   Number         0  libinit.o ABSOLUTE
    ../clib/libinit.s                        0x00000000   Number         0  libinit2.o ABSOLUTE
    ../clib/libinit.s                        0x00000000   Number         0  libshutdown.o ABSOLUTE
    ../clib/libinit.s                        0x00000000   Number         0  libshutdown2.o ABSOLUTE
    ../clib/signal.c                         0x00000000   Number         0  defsig_fpe_outer.o ABSOLUTE
    ../clib/signal.c                         0x00000000   Number         0  defsig_fpe_formal.o ABSOLUTE
    ../clib/signal.c                         0x00000000   Number         0  defsig_exit.o ABSOLUTE
    ../clib/signal.c                         0x00000000   Number         0  defsig_fpe_inner.o ABSOLUTE
    ../clib/signal.c                         0x00000000   Number         0  __raise.o ABSOLUTE
    ../clib/signal.c                         0x00000000   Number         0  defsig_general.o ABSOLUTE
    ../clib/signal.c                         0x00000000   Number         0  defsig_abrt_inner.o ABSOLUTE
    ../clib/signal.c                         0x00000000   Number         0  defsig_rtred_inner.o ABSOLUTE
    ../clib/signal.c                         0x00000000   Number         0  defsig_rtmem_inner.o ABSOLUTE
    ../clib/signal.c                         0x00000000   Number         0  defsig_rtmem_outer.o ABSOLUTE
    ../clib/signal.c                         0x00000000   Number         0  defsig_rtmem_formal.o ABSOLUTE
    ../clib/signal.c                         0x00000000   Number         0  defsig_stak_inner.o ABSOLUTE
    ../clib/signal.c                         0x00000000   Number         0  defsig_pvfn_inner.o ABSOLUTE
    ../clib/signal.c                         0x00000000   Number         0  defsig_cppl_inner.o ABSOLUTE
    ../clib/signal.c                         0x00000000   Number         0  defsig_segv_inner.o ABSOLUTE
    ../clib/signal.c                         0x00000000   Number         0  defsig_other.o ABSOLUTE
    ../clib/signal.s                         0x00000000   Number         0  defsig.o ABSOLUTE
    ../clib/stdlib.c                         0x00000000   Number         0  exit.o ABSOLUTE
    ../fplib/cfplib/fpinit.c                 0x00000000   Number         0  fpinit.o ABSOLUTE
    HC_SR04.c                                0x00000000   Number         0  hc_sr04.o ABSOLUTE
    Nokia5110.c                              0x00000000   Number         0  nokia5110.o ABSOLUTE
    RTE/Device/MKL05Z32xxx4/startup_MKL05Z4.s 0x00000000   Number         0  startup_mkl05z4.o ABSOLUTE
    dc.s                                     0x00000000   Number         0  dc.o ABSOLUTE
    i2c.c                                    0x00000000   Number         0  i2c.o ABSOLUTE
    lcd1602.c                                0x00000000   Number         0  lcd1602.o ABSOLUTE
    main.c                                   0x00000000   Number         0  main.o ABSOLUTE
    pit.c                                    0x00000000   Number         0  pit.o ABSOLUTE
    speaker.c                                0x00000000   Number         0  speaker.o ABSOLUTE
    system_MKL05Z4.c                         0x00000000   Number         0  system_mkl05z4.o ABSOLUTE
    RESET                                    0x00000000   Section      192  startup_mkl05z4.o(RESET)
    !!!main                                  0x000000c0   Section        8  __main.o(!!!main)
    !!!scatter                               0x000000c8   Section       60  __scatter.o(!!!scatter)
    !!handler_zi                             0x00000104   Section       28  __scatter_zi.o(!!handler_zi)
    .ARM.Collect$$libinit$$00000000          0x00000120   Section        2  libinit.o(.ARM.Collect$$libinit$$00000000)
    .ARM.Collect$$libinit$$00000002          0x00000122   Section        0  libinit2.o(.ARM.Collect$$libinit$$00000002)
    .ARM.Collect$$libinit$$00000004          0x00000122   Section        0  libinit2.o(.ARM.Collect$$libinit$$00000004)
    .ARM.Collect$$libinit$$0000000A          0x00000122   Section        0  libinit2.o(.ARM.Collect$$libinit$$0000000A)
    .ARM.Collect$$libinit$$0000000C          0x00000122   Section        0  libinit2.o(.ARM.Collect$$libinit$$0000000C)
    .ARM.Collect$$libinit$$0000000E          0x00000122   Section        0  libinit2.o(.ARM.Collect$$libinit$$0000000E)
    .ARM.Collect$$libinit$$00000011          0x00000122   Section        0  libinit2.o(.ARM.Collect$$libinit$$00000011)
    .ARM.Collect$$libinit$$00000013          0x00000122   Section        0  libinit2.o(.ARM.Collect$$libinit$$00000013)
    .ARM.Collect$$libinit$$00000015          0x00000122   Section        0  libinit2.o(.ARM.Collect$$libinit$$00000015)
    .ARM.Collect$$libinit$$00000017          0x00000122   Section        0  libinit2.o(.ARM.Collect$$libinit$$00000017)
    .ARM.Collect$$libinit$$00000019          0x00000122   Section        0  libinit2.o(.ARM.Collect$$libinit$$00000019)
    .ARM.Collect$$libinit$$0000001B          0x00000122   Section        0  libinit2.o(.ARM.Collect$$libinit$$0000001B)
    .ARM.Collect$$libinit$$0000001D          0x00000122   Section        0  libinit2.o(.ARM.Collect$$libinit$$0000001D)
    .ARM.Collect$$libinit$$0000001F          0x00000122   Section        0  libinit2.o(.ARM.Collect$$libinit$$0000001F)
    .ARM.Collect$$libinit$$00000021          0x00000122   Section        0  libinit2.o(.ARM.Collect$$libinit$$00000021)
    .ARM.Collect$$libinit$$00000023          0x00000122   Section        0  libinit2.o(.ARM.Collect$$libinit$$00000023)
    .ARM.Collect$$libinit$$00000025          0x00000122   Section        0  libinit2.o(.ARM.Collect$$libinit$$00000025)
    .ARM.Collect$$libinit$$0000002C          0x00000122   Section        0  libinit2.o(.ARM.Collect$$libinit$$0000002C)
    .ARM.Collect$$libinit$$0000002E          0x00000122   Section        0  libinit2.o(.ARM.Collect$$libinit$$0000002E)
    .ARM.Collect$$libinit$$00000030          0x00000122   Section        0  libinit2.o(.ARM.Collect$$libinit$$00000030)
    .ARM.Collect$$libinit$$00000032          0x00000122   Section        0  libinit2.o(.ARM.Collect$$libinit$$00000032)
    .ARM.Collect$$libinit$$00000033          0x00000122   Section        2  libinit2.o(.ARM.Collect$$libinit$$00000033)
    .ARM.Collect$$libshutdown$$00000000      0x00000124   Section        2  libshutdown.o(.ARM.Collect$$libshutdown$$00000000)
    .ARM.Collect$$libshutdown$$00000002      0x00000126   Section        0  libshutdown2.o(.ARM.Collect$$libshutdown$$00000002)
    .ARM.Collect$$libshutdown$$00000004      0x00000126   Section        0  libshutdown2.o(.ARM.Collect$$libshutdown$$00000004)
    .ARM.Collect$$libshutdown$$00000007      0x00000126   Section        0  libshutdown2.o(.ARM.Collect$$libshutdown$$00000007)
    .ARM.Collect$$libshutdown$$0000000A      0x00000126   Section        0  libshutdown2.o(.ARM.Collect$$libshutdown$$0000000A)
    .ARM.Collect$$libshutdown$$0000000C      0x00000126   Section        0  libshutdown2.o(.ARM.Collect$$libshutdown$$0000000C)
    .ARM.Collect$$libshutdown$$0000000F      0x00000126   Section        0  libshutdown2.o(.ARM.Collect$$libshutdown$$0000000F)
    .ARM.Collect$$libshutdown$$00000010      0x00000126   Section        2  libshutdown2.o(.ARM.Collect$$libshutdown$$00000010)
    .ARM.Collect$$rtentry$$00000000          0x00000128   Section        0  __rtentry.o(.ARM.Collect$$rtentry$$00000000)
    .ARM.Collect$$rtentry$$00000002          0x00000128   Section        0  __rtentry2.o(.ARM.Collect$$rtentry$$00000002)
    .ARM.Collect$$rtentry$$00000004          0x00000128   Section        6  __rtentry4.o(.ARM.Collect$$rtentry$$00000004)
    .ARM.Collect$$rtentry$$00000009          0x0000012e   Section        0  __rtentry2.o(.ARM.Collect$$rtentry$$00000009)
    .ARM.Collect$$rtentry$$0000000A          0x0000012e   Section        4  __rtentry2.o(.ARM.Collect$$rtentry$$0000000A)
    .ARM.Collect$$rtentry$$0000000C          0x00000132   Section        0  __rtentry2.o(.ARM.Collect$$rtentry$$0000000C)
    .ARM.Collect$$rtentry$$0000000D          0x00000132   Section        8  __rtentry2.o(.ARM.Collect$$rtentry$$0000000D)
    .ARM.Collect$$rtexit$$00000000           0x0000013a   Section        2  rtexit.o(.ARM.Collect$$rtexit$$00000000)
    .ARM.Collect$$rtexit$$00000002           0x0000013c   Section        0  rtexit2.o(.ARM.Collect$$rtexit$$00000002)
    .ARM.Collect$$rtexit$$00000003           0x0000013c   Section        4  rtexit2.o(.ARM.Collect$$rtexit$$00000003)
    .ARM.Collect$$rtexit$$00000004           0x00000140   Section        6  rtexit2.o(.ARM.Collect$$rtexit$$00000004)
    .text                                    0x00000148   Section       52  startup_mkl05z4.o(.text)
    .text                                    0x0000017c   Section        0  heapauxi.o(.text)
    .text                                    0x00000182   Section       62  sys_stackheap_outer.o(.text)
    .text                                    0x000001c0   Section        0  exit.o(.text)
    .text                                    0x000001d0   Section        8  libspace.o(.text)
    .text                                    0x000001d8   Section        0  sys_exit.o(.text)
    .text                                    0x000001e4   Section        2  use_no_semi.o(.text)
    .text                                    0x000001e6   Section        0  indicate_semi.o(.text)
    [Anonymous Symbol]                       0x000001e8   Section        0  nokia5110.o(.text.InitSPI)
    __arm_cp.0_1                             0x00000260   Number         4  nokia5110.o(.text.InitSPI)
    __arm_cp.0_2                             0x00000264   Number         4  nokia5110.o(.text.InitSPI)
    __arm_cp.0_3                             0x00000268   Number         4  nokia5110.o(.text.InitSPI)
    [Anonymous Symbol]                       0x0000026c   Section        0  pit.o(.text.PIT_IRQHandler)
    __arm_cp.5_0                             0x00000280   Number         4  pit.o(.text.PIT_IRQHandler)
    [Anonymous Symbol]                       0x00000284   Section        0  pit.o(.text.PIT_Init_Generator)
    __arm_cp.0_0                             0x000002cc   Number         4  pit.o(.text.PIT_Init_Generator)
    __arm_cp.0_1                             0x000002d0   Number         4  pit.o(.text.PIT_Init_Generator)
    __arm_cp.0_2                             0x000002d4   Number         4  pit.o(.text.PIT_Init_Generator)
    __arm_cp.0_3                             0x000002d8   Number         4  pit.o(.text.PIT_Init_Generator)
    __arm_cp.0_4                             0x000002dc   Number         4  pit.o(.text.PIT_Init_Generator)
    [Anonymous Symbol]                       0x000002e0   Section        0  system_mkl05z4.o(.text.SystemInit)
    __arm_cp.0_0                             0x0000031c   Number         4  system_mkl05z4.o(.text.SystemInit)
    __arm_cp.0_1                             0x00000320   Number         4  system_mkl05z4.o(.text.SystemInit)
    __arm_cp.0_2                             0x00000324   Number         4  system_mkl05z4.o(.text.SystemInit)
    __arm_cp.0_3                             0x00000328   Number         4  system_mkl05z4.o(.text.SystemInit)
    [Anonymous Symbol]                       0x0000032c   Section        0  speaker.o(.text.TPM0_IRQHandler)
    __arm_cp.6_0                             0x00000390   Number         4  speaker.o(.text.TPM0_IRQHandler)
    __arm_cp.6_1                             0x00000394   Number         4  speaker.o(.text.TPM0_IRQHandler)
    __arm_cp.6_2                             0x00000398   Number         4  speaker.o(.text.TPM0_IRQHandler)
    __arm_cp.6_3                             0x0000039c   Number         4  speaker.o(.text.TPM0_IRQHandler)
    __arm_cp.6_4                             0x000003a0   Number         4  speaker.o(.text.TPM0_IRQHandler)
    __arm_cp.6_5                             0x000003a4   Number         4  speaker.o(.text.TPM0_IRQHandler)
    [Anonymous Symbol]                       0x000003a8   Section        0  hc_sr04.o(.text.TPM1_GetVal)
    [Anonymous Symbol]                       0x000003b0   Section        0  hc_sr04.o(.text.TPM1_IRQHandler)
    __arm_cp.5_0                             0x000003cc   Number         4  hc_sr04.o(.text.TPM1_IRQHandler)
    __arm_cp.5_1                             0x000003d0   Number         4  hc_sr04.o(.text.TPM1_IRQHandler)
    __arm_cp.5_2                             0x000003d4   Number         4  hc_sr04.o(.text.TPM1_IRQHandler)
    __NVIC_ClearPendingIRQ                   0x000003d9   Thumb Code    12  pit.o(.text.__NVIC_ClearPendingIRQ)
    [Anonymous Symbol]                       0x000003d8   Section        0  pit.o(.text.__NVIC_ClearPendingIRQ)
    __NVIC_ClearPendingIRQ                   0x000003e5   Thumb Code    12  hc_sr04.o(.text.__NVIC_ClearPendingIRQ)
    [Anonymous Symbol]                       0x000003e4   Section        0  hc_sr04.o(.text.__NVIC_ClearPendingIRQ)
    __NVIC_ClearPendingIRQ                   0x000003f1   Thumb Code    16  speaker.o(.text.__NVIC_ClearPendingIRQ)
    [Anonymous Symbol]                       0x000003f0   Section        0  speaker.o(.text.__NVIC_ClearPendingIRQ)
    __arm_cp.2_0                             0x000003fc   Number         4  speaker.o(.text.__NVIC_ClearPendingIRQ)
    .ARM.__at_0x400                          0x00000400   Section       16  startup_mkl05z4.o(.ARM.__at_0x400)
    [Anonymous Symbol]                       0x00000410   Section        0  speaker.o(.text.TPM0_Init_PCM)
    __arm_cp.0_1                             0x00000484   Number         4  speaker.o(.text.TPM0_Init_PCM)
    __arm_cp.0_2                             0x00000488   Number         4  speaker.o(.text.TPM0_Init_PCM)
    [Anonymous Symbol]                       0x0000048c   Section        0  hc_sr04.o(.text.TPM1_Init_InputCapture)
    __arm_cp.0_0                             0x000004e0   Number         4  hc_sr04.o(.text.TPM1_Init_InputCapture)
    __arm_cp.0_1                             0x000004e4   Number         4  hc_sr04.o(.text.TPM1_Init_InputCapture)
    __arm_cp.0_2                             0x000004e8   Number         4  hc_sr04.o(.text.TPM1_Init_InputCapture)
    [Anonymous Symbol]                       0x000004ec   Section        0  hc_sr04.o(.text.TRIG_GPIO_Init)
    __arm_cp.6_0                             0x00000510   Number         4  hc_sr04.o(.text.TRIG_GPIO_Init)
    __arm_cp.6_1                             0x00000514   Number         4  hc_sr04.o(.text.TRIG_GPIO_Init)
    __arm_cp.6_2                             0x00000518   Number         4  hc_sr04.o(.text.TRIG_GPIO_Init)
    [Anonymous Symbol]                       0x0000051c   Section        0  hc_sr04.o(.text.TRIG_inpulse)
    __arm_cp.7_0                             0x00000540   Number         4  hc_sr04.o(.text.TRIG_inpulse)
    __NVIC_EnableIRQ                         0x00000545   Thumb Code    12  pit.o(.text.__NVIC_EnableIRQ)
    [Anonymous Symbol]                       0x00000544   Section        0  pit.o(.text.__NVIC_EnableIRQ)
    __NVIC_EnableIRQ                         0x00000551   Thumb Code    12  hc_sr04.o(.text.__NVIC_EnableIRQ)
    [Anonymous Symbol]                       0x00000550   Section        0  hc_sr04.o(.text.__NVIC_EnableIRQ)
    __NVIC_EnableIRQ                         0x0000055d   Thumb Code    16  speaker.o(.text.__NVIC_EnableIRQ)
    [Anonymous Symbol]                       0x0000055c   Section        0  speaker.o(.text.__NVIC_EnableIRQ)
    __arm_cp.3_0                             0x00000568   Number         4  speaker.o(.text.__NVIC_EnableIRQ)
    __NVIC_SetPriority                       0x0000056d   Thumb Code    24  pit.o(.text.__NVIC_SetPriority)
    [Anonymous Symbol]                       0x0000056c   Section        0  pit.o(.text.__NVIC_SetPriority)
    __arm_cp.1_0                             0x00000580   Number         4  pit.o(.text.__NVIC_SetPriority)
    __NVIC_SetPriority                       0x00000585   Thumb Code    20  hc_sr04.o(.text.__NVIC_SetPriority)
    [Anonymous Symbol]                       0x00000584   Section        0  hc_sr04.o(.text.__NVIC_SetPriority)
    __NVIC_SetPriority                       0x00000599   Thumb Code    24  speaker.o(.text.__NVIC_SetPriority)
    [Anonymous Symbol]                       0x00000598   Section        0  speaker.o(.text.__NVIC_SetPriority)
    __arm_cp.1_0                             0x000005ac   Number         4  speaker.o(.text.__NVIC_SetPriority)
    [Anonymous Symbol]                       0x000005b0   Section        0  speaker.o(.text.change_wave_period)
    __arm_cp.5_0                             0x000005bc   Number         4  speaker.o(.text.change_wave_period)
    [Anonymous Symbol]                       0x000005c0   Section        0  hc_sr04.o(.text.delay_ms)
    __arm_cp.8_0                             0x000005f0   Number         4  hc_sr04.o(.text.delay_ms)
    [Anonymous Symbol]                       0x000005f4   Section        0  nokia5110.o(.text.lcd_cmd)
    __arm_cp.3_0                             0x00000618   Number         4  nokia5110.o(.text.lcd_cmd)
    [Anonymous Symbol]                       0x0000061c   Section        0  nokia5110.o(.text.lcd_data)
    [Anonymous Symbol]                       0x00000650   Section        0  nokia5110.o(.text.lcd_reset)
    __arm_cp.1_0                             0x0000066c   Number         4  nokia5110.o(.text.lcd_reset)
    [Anonymous Symbol]                       0x00000670   Section        0  main.o(.text.main)
    __arm_cp.0_0                             0x000006dc   Number         4  main.o(.text.main)
    [Anonymous Symbol]                       0x000006e0   Section        0  nokia5110.o(.text.spi_send)
    __arm_cp.2_0                             0x000006f8   Number         4  nokia5110.o(.text.spi_send)
    .text_divfast                            0x000006fc   Section      502  aeabi_sdivfast.o(.text_divfast)
    music                                    0x00000aec   Data        6004  speaker.o(.rodata.music)
    [Anonymous Symbol]                       0x00000aec   Section        0  speaker.o(.rodata.music)
    .bss                                     0x1ffffc00   Section       96  libspace.o(.bss)
    pitEnabled                               0x1ffffc60   Data           1  pit.o(.bss.pitEnabled)
    [Anonymous Symbol]                       0x1ffffc60   Section        0  pit.o(.bss.pitEnabled)
    sampleCNT                                0x1ffffc62   Data           2  speaker.o(.bss.sampleCNT)
    [Anonymous Symbol]                       0x1ffffc62   Section        0  speaker.o(.bss.sampleCNT)
    tpm0Diff                                 0x1ffffc64   Data           2  hc_sr04.o(.bss.tpm0Diff)
    [Anonymous Symbol]                       0x1ffffc64   Section        0  hc_sr04.o(.bss.tpm0Diff)
    tpm0New                                  0x1ffffc66   Data           2  hc_sr04.o(.bss.tpm0New)
    [Anonymous Symbol]                       0x1ffffc66   Section        0  hc_sr04.o(.bss.tpm0New)
    upSampleCNT                              0x1ffffc68   Data           2  speaker.o(.bss.upSampleCNT)
    [Anonymous Symbol]                       0x1ffffc68   Section        0  speaker.o(.bss.upSampleCNT)
    wait_counter                             0x1ffffc6c   Data           4  speaker.o(.bss.wait_counter)
    [Anonymous Symbol]                       0x1ffffc6c   Section        0  speaker.o(.bss.wait_counter)
    wave_period                              0x1ffffc70   Data           4  speaker.o(.bss.wave_period)
    [Anonymous Symbol]                       0x1ffffc70   Section        0  speaker.o(.bss.wave_period)
    Heap_Mem                                 0x1ffffc78   Data           0  startup_mkl05z4.o(HEAP)
    Stack_Mem                                0x1ffffc78   Data         256  startup_mkl05z4.o(STACK)
    HEAP                                     0x1ffffc78   Section        0  startup_mkl05z4.o(HEAP)
    STACK                                    0x1ffffc78   Section      256  startup_mkl05z4.o(STACK)
    __initial_sp                             0x1ffffd78   Data           0  startup_mkl05z4.o(STACK)

    Global Symbols

    Symbol Name                              Value     Ov Type        Size  Object(Section)

    BuildAttributes$$THM_ISAv3M$S$PE$A:L22$X:L11$S22$IEEE1$IW$~IW$USESV6$~STKCKD$USESV7$~SHL$OTIME$ROPI$EBA8$UX$STANDARDLIB$REQ8$PRES8$EABIv2 0x00000000   Number         0  anon$$obj.o ABSOLUTE
    __Vectors                                0x00000000   Data           4  startup_mkl05z4.o(RESET)
    __ARM_exceptions_init                     - Undefined Weak Reference
    __alloca_initialize                       - Undefined Weak Reference
    __arm_preinit_                            - Undefined Weak Reference
    __cpp_initialize__aeabi_                  - Undefined Weak Reference
    __cxa_finalize                            - Undefined Weak Reference
    __rt_locale                               - Undefined Weak Reference
    __sigvec_lookup                           - Undefined Weak Reference
    _atexit_init                              - Undefined Weak Reference
    _call_atexit_fns                          - Undefined Weak Reference
    _clock_init                               - Undefined Weak Reference
    _fp_trap_init                             - Undefined Weak Reference
    _fp_trap_shutdown                         - Undefined Weak Reference
    _get_lc_collate                           - Undefined Weak Reference
    _get_lc_ctype                             - Undefined Weak Reference
    _get_lc_monetary                          - Undefined Weak Reference
    _get_lc_numeric                           - Undefined Weak Reference
    _get_lc_time                              - Undefined Weak Reference
    _getenv_init                              - Undefined Weak Reference
    _handle_redirection                       - Undefined Weak Reference
    _init_alloc                               - Undefined Weak Reference
    _init_user_alloc                          - Undefined Weak Reference
    _initio                                   - Undefined Weak Reference
    _rand_init                                - Undefined Weak Reference
    _signal_finish                            - Undefined Weak Reference
    _signal_init                              - Undefined Weak Reference
    _terminate_alloc                          - Undefined Weak Reference
    _terminate_user_alloc                     - Undefined Weak Reference
    _terminateio                              - Undefined Weak Reference
    __Vectors_End                            0x000000c0   Data           0  startup_mkl05z4.o(RESET)
    __Vectors_Size                           0x000000c0   Number         0  startup_mkl05z4.o ABSOLUTE
    __main                                   0x000000c1   Thumb Code     8  __main.o(!!!main)
    __scatterload                            0x000000c9   Thumb Code     0  __scatter.o(!!!scatter)
    __scatterload_rt2                        0x000000c9   Thumb Code    52  __scatter.o(!!!scatter)
    __scatterload_rt2_thumb_only             0x000000c9   Thumb Code     0  __scatter.o(!!!scatter)
    __scatterload_null                       0x000000d9   Thumb Code     0  __scatter.o(!!!scatter)
    __scatterload_zeroinit                   0x00000105   Thumb Code    28  __scatter_zi.o(!!handler_zi)
    __rt_lib_init                            0x00000121   Thumb Code     0  libinit.o(.ARM.Collect$$libinit$$00000000)
    __rt_lib_init_alloca_1                   0x00000123   Thumb Code     0  libinit2.o(.ARM.Collect$$libinit$$0000002E)
    __rt_lib_init_argv_1                     0x00000123   Thumb Code     0  libinit2.o(.ARM.Collect$$libinit$$0000002C)
    __rt_lib_init_atexit_1                   0x00000123   Thumb Code     0  libinit2.o(.ARM.Collect$$libinit$$0000001B)
    __rt_lib_init_clock_1                    0x00000123   Thumb Code     0  libinit2.o(.ARM.Collect$$libinit$$00000021)
    __rt_lib_init_cpp_1                      0x00000123   Thumb Code     0  libinit2.o(.ARM.Collect$$libinit$$00000032)
    __rt_lib_init_exceptions_1               0x00000123   Thumb Code     0  libinit2.o(.ARM.Collect$$libinit$$00000030)
    __rt_lib_init_fp_1                       0x00000123   Thumb Code     0  libinit2.o(.ARM.Collect$$libinit$$00000002)
    __rt_lib_init_fp_trap_1                  0x00000123   Thumb Code     0  libinit2.o(.ARM.Collect$$libinit$$0000001F)
    __rt_lib_init_getenv_1                   0x00000123   Thumb Code     0  libinit2.o(.ARM.Collect$$libinit$$00000023)
    __rt_lib_init_heap_1                     0x00000123   Thumb Code     0  libinit2.o(.ARM.Collect$$libinit$$0000000A)
    __rt_lib_init_lc_collate_1               0x00000123   Thumb Code     0  libinit2.o(.ARM.Collect$$libinit$$00000011)
    __rt_lib_init_lc_ctype_1                 0x00000123   Thumb Code     0  libinit2.o(.ARM.Collect$$libinit$$00000013)
    __rt_lib_init_lc_monetary_1              0x00000123   Thumb Code     0  libinit2.o(.ARM.Collect$$libinit$$00000015)
    __rt_lib_init_lc_numeric_1               0x00000123   Thumb Code     0  libinit2.o(.ARM.Collect$$libinit$$00000017)
    __rt_lib_init_lc_time_1                  0x00000123   Thumb Code     0  libinit2.o(.ARM.Collect$$libinit$$00000019)
    __rt_lib_init_preinit_1                  0x00000123   Thumb Code     0  libinit2.o(.ARM.Collect$$libinit$$00000004)
    __rt_lib_init_rand_1                     0x00000123   Thumb Code     0  libinit2.o(.ARM.Collect$$libinit$$0000000E)
    __rt_lib_init_return                     0x00000123   Thumb Code     0  libinit2.o(.ARM.Collect$$libinit$$00000033)
    __rt_lib_init_signal_1                   0x00000123   Thumb Code     0  libinit2.o(.ARM.Collect$$libinit$$0000001D)
    __rt_lib_init_stdio_1                    0x00000123   Thumb Code     0  libinit2.o(.ARM.Collect$$libinit$$00000025)
    __rt_lib_init_user_alloc_1               0x00000123   Thumb Code     0  libinit2.o(.ARM.Collect$$libinit$$0000000C)
    __rt_lib_shutdown                        0x00000125   Thumb Code     0  libshutdown.o(.ARM.Collect$$libshutdown$$00000000)
    __rt_lib_shutdown_cpp_1                  0x00000127   Thumb Code     0  libshutdown2.o(.ARM.Collect$$libshutdown$$00000002)
    __rt_lib_shutdown_fp_trap_1              0x00000127   Thumb Code     0  libshutdown2.o(.ARM.Collect$$libshutdown$$00000007)
    __rt_lib_shutdown_heap_1                 0x00000127   Thumb Code     0  libshutdown2.o(.ARM.Collect$$libshutdown$$0000000F)
    __rt_lib_shutdown_return                 0x00000127   Thumb Code     0  libshutdown2.o(.ARM.Collect$$libshutdown$$00000010)
    __rt_lib_shutdown_signal_1               0x00000127   Thumb Code     0  libshutdown2.o(.ARM.Collect$$libshutdown$$0000000A)
    __rt_lib_shutdown_stdio_1                0x00000127   Thumb Code     0  libshutdown2.o(.ARM.Collect$$libshutdown$$00000004)
    __rt_lib_shutdown_user_alloc_1           0x00000127   Thumb Code     0  libshutdown2.o(.ARM.Collect$$libshutdown$$0000000C)
    __rt_entry                               0x00000129   Thumb Code     0  __rtentry.o(.ARM.Collect$$rtentry$$00000000)
    __rt_entry_presh_1                       0x00000129   Thumb Code     0  __rtentry2.o(.ARM.Collect$$rtentry$$00000002)
    __rt_entry_sh                            0x00000129   Thumb Code     0  __rtentry4.o(.ARM.Collect$$rtentry$$00000004)
    __rt_entry_li                            0x0000012f   Thumb Code     0  __rtentry2.o(.ARM.Collect$$rtentry$$0000000A)
    __rt_entry_postsh_1                      0x0000012f   Thumb Code     0  __rtentry2.o(.ARM.Collect$$rtentry$$00000009)
    __rt_entry_main                          0x00000133   Thumb Code     0  __rtentry2.o(.ARM.Collect$$rtentry$$0000000D)
    __rt_entry_postli_1                      0x00000133   Thumb Code     0  __rtentry2.o(.ARM.Collect$$rtentry$$0000000C)
    __rt_exit                                0x0000013b   Thumb Code     0  rtexit.o(.ARM.Collect$$rtexit$$00000000)
    __rt_exit_ls                             0x0000013d   Thumb Code     0  rtexit2.o(.ARM.Collect$$rtexit$$00000003)
    __rt_exit_prels_1                        0x0000013d   Thumb Code     0  rtexit2.o(.ARM.Collect$$rtexit$$00000002)
    __rt_exit_exit                           0x00000141   Thumb Code     0  rtexit2.o(.ARM.Collect$$rtexit$$00000004)
    Reset_Handler                            0x00000149   Thumb Code     8  startup_mkl05z4.o(.text)
    NMI_Handler                              0x00000151   Thumb Code     2  startup_mkl05z4.o(.text)
    HardFault_Handler                        0x00000153   Thumb Code     2  startup_mkl05z4.o(.text)
    SVC_Handler                              0x00000155   Thumb Code     2  startup_mkl05z4.o(.text)
    PendSV_Handler                           0x00000157   Thumb Code     2  startup_mkl05z4.o(.text)
    SysTick_Handler                          0x00000159   Thumb Code     2  startup_mkl05z4.o(.text)
    ADC0_IRQHandler                          0x0000015b   Thumb Code     0  startup_mkl05z4.o(.text)
    CMP0_IRQHandler                          0x0000015b   Thumb Code     0  startup_mkl05z4.o(.text)
    DAC0_IRQHandler                          0x0000015b   Thumb Code     0  startup_mkl05z4.o(.text)
    DMA0_IRQHandler                          0x0000015b   Thumb Code     0  startup_mkl05z4.o(.text)
    DMA1_IRQHandler                          0x0000015b   Thumb Code     0  startup_mkl05z4.o(.text)
    DMA2_IRQHandler                          0x0000015b   Thumb Code     0  startup_mkl05z4.o(.text)
    DMA3_IRQHandler                          0x0000015b   Thumb Code     0  startup_mkl05z4.o(.text)
    DefaultISR                               0x0000015b   Thumb Code     0  startup_mkl05z4.o(.text)
    FTFA_IRQHandler                          0x0000015b   Thumb Code     0  startup_mkl05z4.o(.text)
    I2C0_IRQHandler                          0x0000015b   Thumb Code     0  startup_mkl05z4.o(.text)
    LLW_IRQHandler                           0x0000015b   Thumb Code     0  startup_mkl05z4.o(.text)
    LPTimer_IRQHandler                       0x0000015b   Thumb Code     0  startup_mkl05z4.o(.text)
    LVD_LVW_IRQHandler                       0x0000015b   Thumb Code     0  startup_mkl05z4.o(.text)
    MCG_IRQHandler                           0x0000015b   Thumb Code     0  startup_mkl05z4.o(.text)
    PORTA_IRQHandler                         0x0000015b   Thumb Code     0  startup_mkl05z4.o(.text)
    PORTB_IRQHandler                         0x0000015b   Thumb Code     0  startup_mkl05z4.o(.text)
    RTC_IRQHandler                           0x0000015b   Thumb Code     0  startup_mkl05z4.o(.text)
    RTC_Seconds_IRQHandler                   0x0000015b   Thumb Code     0  startup_mkl05z4.o(.text)
    Reserved20_IRQHandler                    0x0000015b   Thumb Code     0  startup_mkl05z4.o(.text)
    Reserved25_IRQHandler                    0x0000015b   Thumb Code     0  startup_mkl05z4.o(.text)
    Reserved27_IRQHandler                    0x0000015b   Thumb Code     0  startup_mkl05z4.o(.text)
    Reserved29_IRQHandler                    0x0000015b   Thumb Code     0  startup_mkl05z4.o(.text)
    Reserved30_IRQHandler                    0x0000015b   Thumb Code     0  startup_mkl05z4.o(.text)
    Reserved35_IRQHandler                    0x0000015b   Thumb Code     0  startup_mkl05z4.o(.text)
    Reserved39_IRQHandler                    0x0000015b   Thumb Code     0  startup_mkl05z4.o(.text)
    Reserved40_IRQHandler                    0x0000015b   Thumb Code     0  startup_mkl05z4.o(.text)
    Reserved45_IRQHandler                    0x0000015b   Thumb Code     0  startup_mkl05z4.o(.text)
    SPI0_IRQHandler                          0x0000015b   Thumb Code     0  startup_mkl05z4.o(.text)
    TSI0_IRQHandler                          0x0000015b   Thumb Code     0  startup_mkl05z4.o(.text)
    UART0_IRQHandler                         0x0000015b   Thumb Code     0  startup_mkl05z4.o(.text)
    __user_initial_stackheap                 0x0000015d   Thumb Code     0  startup_mkl05z4.o(.text)
    __use_two_region_memory                  0x0000017d   Thumb Code     2  heapauxi.o(.text)
    __rt_heap_escrow$2region                 0x0000017f   Thumb Code     2  heapauxi.o(.text)
    __rt_heap_expand$2region                 0x00000181   Thumb Code     2  heapauxi.o(.text)
    __user_setup_stackheap                   0x00000183   Thumb Code    62  sys_stackheap_outer.o(.text)
    exit                                     0x000001c1   Thumb Code    16  exit.o(.text)
    __user_libspace                          0x000001d1   Thumb Code     8  libspace.o(.text)
    __user_perproc_libspace                  0x000001d1   Thumb Code     0  libspace.o(.text)
    __user_perthread_libspace                0x000001d1   Thumb Code     0  libspace.o(.text)
    _sys_exit                                0x000001d9   Thumb Code     8  sys_exit.o(.text)
    __I$use$semihosting                      0x000001e5   Thumb Code     0  use_no_semi.o(.text)
    __use_no_semihosting_swi                 0x000001e5   Thumb Code     2  use_no_semi.o(.text)
    __semihosting_library_function           0x000001e7   Thumb Code     0  indicate_semi.o(.text)
    InitSPI                                  0x000001e9   Thumb Code   132  nokia5110.o(.text.InitSPI)
    PIT_IRQHandler                           0x0000026d   Thumb Code    24  pit.o(.text.PIT_IRQHandler)
    PIT_Init_Generator                       0x00000285   Thumb Code    92  pit.o(.text.PIT_Init_Generator)
    SystemInit                               0x000002e1   Thumb Code    76  system_mkl05z4.o(.text.SystemInit)
    TPM0_IRQHandler                          0x0000032d   Thumb Code   124  speaker.o(.text.TPM0_IRQHandler)
    TPM1_GetVal                              0x000003a9   Thumb Code     8  hc_sr04.o(.text.TPM1_GetVal)
    TPM1_IRQHandler                          0x000003b1   Thumb Code    40  hc_sr04.o(.text.TPM1_IRQHandler)
    TPM0_Init_PCM                            0x00000411   Thumb Code   124  speaker.o(.text.TPM0_Init_PCM)
    TPM1_Init_InputCapture                   0x0000048d   Thumb Code    96  hc_sr04.o(.text.TPM1_Init_InputCapture)
    TRIG_GPIO_Init                           0x000004ed   Thumb Code    48  hc_sr04.o(.text.TRIG_GPIO_Init)
    TRIG_inpulse                             0x0000051d   Thumb Code    40  hc_sr04.o(.text.TRIG_inpulse)
    change_wave_period                       0x000005b1   Thumb Code    16  speaker.o(.text.change_wave_period)
    delay_ms                                 0x000005c1   Thumb Code    52  hc_sr04.o(.text.delay_ms)
    lcd_cmd                                  0x000005f5   Thumb Code    40  nokia5110.o(.text.lcd_cmd)
    lcd_data                                 0x0000061d   Thumb Code    52  nokia5110.o(.text.lcd_data)
    lcd_reset                                0x00000651   Thumb Code    32  nokia5110.o(.text.lcd_reset)
    main                                     0x00000671   Thumb Code   112  main.o(.text.main)
    spi_send                                 0x000006e1   Thumb Code    28  nokia5110.o(.text.spi_send)
    __aeabi_uidiv                            0x000006fd   Thumb Code    68  aeabi_sdivfast.o(.text_divfast)
    __aeabi_idiv                             0x00000741   Thumb Code   434  aeabi_sdivfast.o(.text_divfast)
    logo_mini_mono                           0x000008f2   Data         504  main.o(.rodata.logo_mini_mono)
    Region$$Table$$Base                      0x00002260   Number         0  anon$$obj.o(Region$$Table)
    Region$$Table$$Limit                     0x00002270   Number         0  anon$$obj.o(Region$$Table)
    __libspace_start                         0x1ffffc00   Data          96  libspace.o(.bss)
    __temporary_stack_top$libspace           0x1ffffc60   Data           0  libspace.o(.bss)



==============================================================================

Memory Map of the image

  Image Entry point : 0x000000c1

  Load Region LR_IROM1 (Base: 0x00000000, Size: 0x00002270, Max: 0x00008000, ABSOLUTE)

    Execution Region ER_IROM1 (Exec base: 0x00000000, Load base: 0x00000000, Size: 0x00002270, Max: 0x00008000, ABSOLUTE)

    Exec Addr    Load Addr    Size         Type   Attr      Idx    E Section Name        Object

    0x00000000   0x00000000   0x000000c0   Data   RO          170    RESET               startup_mkl05z4.o
    0x000000c0   0x000000c0   0x00000008   Code   RO          205  * !!!main             c_p.l(__main.o)
    0x000000c8   0x000000c8   0x0000003c   Code   RO          380    !!!scatter          c_p.l(__scatter.o)
    0x00000104   0x00000104   0x0000001c   Code   RO          382    !!handler_zi        c_p.l(__scatter_zi.o)
    0x00000120   0x00000120   0x00000002   Code   RO          243    .ARM.Collect$$libinit$$00000000  c_p.l(libinit.o)
    0x00000122   0x00000122   0x00000000   Code   RO          257    .ARM.Collect$$libinit$$00000002  c_p.l(libinit2.o)
    0x00000122   0x00000122   0x00000000   Code   RO          259    .ARM.Collect$$libinit$$00000004  c_p.l(libinit2.o)
    0x00000122   0x00000122   0x00000000   Code   RO          262    .ARM.Collect$$libinit$$0000000A  c_p.l(libinit2.o)
    0x00000122   0x00000122   0x00000000   Code   RO          264    .ARM.Collect$$libinit$$0000000C  c_p.l(libinit2.o)
    0x00000122   0x00000122   0x00000000   Code   RO          266    .ARM.Collect$$libinit$$0000000E  c_p.l(libinit2.o)
    0x00000122   0x00000122   0x00000000   Code   RO          269    .ARM.Collect$$libinit$$00000011  c_p.l(libinit2.o)
    0x00000122   0x00000122   0x00000000   Code   RO          271    .ARM.Collect$$libinit$$00000013  c_p.l(libinit2.o)
    0x00000122   0x00000122   0x00000000   Code   RO          273    .ARM.Collect$$libinit$$00000015  c_p.l(libinit2.o)
    0x00000122   0x00000122   0x00000000   Code   RO          275    .ARM.Collect$$libinit$$00000017  c_p.l(libinit2.o)
    0x00000122   0x00000122   0x00000000   Code   RO          277    .ARM.Collect$$libinit$$00000019  c_p.l(libinit2.o)
    0x00000122   0x00000122   0x00000000   Code   RO          279    .ARM.Collect$$libinit$$0000001B  c_p.l(libinit2.o)
    0x00000122   0x00000122   0x00000000   Code   RO          281    .ARM.Collect$$libinit$$0000001D  c_p.l(libinit2.o)
    0x00000122   0x00000122   0x00000000   Code   RO          283    .ARM.Collect$$libinit$$0000001F  c_p.l(libinit2.o)
    0x00000122   0x00000122   0x00000000   Code   RO          285    .ARM.Collect$$libinit$$00000021  c_p.l(libinit2.o)
    0x00000122   0x00000122   0x00000000   Code   RO          287    .ARM.Collect$$libinit$$00000023  c_p.l(libinit2.o)
    0x00000122   0x00000122   0x00000000   Code   RO          289    .ARM.Collect$$libinit$$00000025  c_p.l(libinit2.o)
    0x00000122   0x00000122   0x00000000   Code   RO          293    .ARM.Collect$$libinit$$0000002C  c_p.l(libinit2.o)
    0x00000122   0x00000122   0x00000000   Code   RO          295    .ARM.Collect$$libinit$$0000002E  c_p.l(libinit2.o)
    0x00000122   0x00000122   0x00000000   Code   RO          297    .ARM.Collect$$libinit$$00000030  c_p.l(libinit2.o)
    0x00000122   0x00000122   0x00000000   Code   RO          299    .ARM.Collect$$libinit$$00000032  c_p.l(libinit2.o)
    0x00000122   0x00000122   0x00000002   Code   RO          300    .ARM.Collect$$libinit$$00000033  c_p.l(libinit2.o)
    0x00000124   0x00000124   0x00000002   Code   RO          335    .ARM.Collect$$libshutdown$$00000000  c_p.l(libshutdown.o)
    0x00000126   0x00000126   0x00000000   Code   RO          363    .ARM.Collect$$libshutdown$$00000002  c_p.l(libshutdown2.o)
    0x00000126   0x00000126   0x00000000   Code   RO          365    .ARM.Collect$$libshutdown$$00000004  c_p.l(libshutdown2.o)
    0x00000126   0x00000126   0x00000000   Code   RO          368    .ARM.Collect$$libshutdown$$00000007  c_p.l(libshutdown2.o)
    0x00000126   0x00000126   0x00000000   Code   RO          371    .ARM.Collect$$libshutdown$$0000000A  c_p.l(libshutdown2.o)
    0x00000126   0x00000126   0x00000000   Code   RO          373    .ARM.Collect$$libshutdown$$0000000C  c_p.l(libshutdown2.o)
    0x00000126   0x00000126   0x00000000   Code   RO          376    .ARM.Collect$$libshutdown$$0000000F  c_p.l(libshutdown2.o)
    0x00000126   0x00000126   0x00000002   Code   RO          377    .ARM.Collect$$libshutdown$$00000010  c_p.l(libshutdown2.o)
    0x00000128   0x00000128   0x00000000   Code   RO          207    .ARM.Collect$$rtentry$$00000000  c_p.l(__rtentry.o)
    0x00000128   0x00000128   0x00000000   Code   RO          213    .ARM.Collect$$rtentry$$00000002  c_p.l(__rtentry2.o)
    0x00000128   0x00000128   0x00000006   Code   RO          225    .ARM.Collect$$rtentry$$00000004  c_p.l(__rtentry4.o)
    0x0000012e   0x0000012e   0x00000000   Code   RO          215    .ARM.Collect$$rtentry$$00000009  c_p.l(__rtentry2.o)
    0x0000012e   0x0000012e   0x00000004   Code   RO          216    .ARM.Collect$$rtentry$$0000000A  c_p.l(__rtentry2.o)
    0x00000132   0x00000132   0x00000000   Code   RO          218    .ARM.Collect$$rtentry$$0000000C  c_p.l(__rtentry2.o)
    0x00000132   0x00000132   0x00000008   Code   RO          219    .ARM.Collect$$rtentry$$0000000D  c_p.l(__rtentry2.o)
    0x0000013a   0x0000013a   0x00000002   Code   RO          248    .ARM.Collect$$rtexit$$00000000  c_p.l(rtexit.o)
    0x0000013c   0x0000013c   0x00000000   Code   RO          306    .ARM.Collect$$rtexit$$00000002  c_p.l(rtexit2.o)
    0x0000013c   0x0000013c   0x00000004   Code   RO          307    .ARM.Collect$$rtexit$$00000003  c_p.l(rtexit2.o)
    0x00000140   0x00000140   0x00000006   Code   RO          308    .ARM.Collect$$rtexit$$00000004  c_p.l(rtexit2.o)
    0x00000146   0x00000146   0x00000002   PAD
    0x00000148   0x00000148   0x00000034   Code   RO          172    .text               startup_mkl05z4.o
    0x0000017c   0x0000017c   0x00000006   Code   RO          203    .text               c_p.l(heapauxi.o)
    0x00000182   0x00000182   0x0000003e   Code   RO          229    .text               c_p.l(sys_stackheap_outer.o)
    0x000001c0   0x000001c0   0x00000010   Code   RO          232    .text               c_p.l(exit.o)
    0x000001d0   0x000001d0   0x00000008   Code   RO          244    .text               c_p.l(libspace.o)
    0x000001d8   0x000001d8   0x0000000c   Code   RO          301    .text               c_p.l(sys_exit.o)
    0x000001e4   0x000001e4   0x00000002   Code   RO          324    .text               c_p.l(use_no_semi.o)
    0x000001e6   0x000001e6   0x00000000   Code   RO          326    .text               c_p.l(indicate_semi.o)
    0x000001e6   0x000001e6   0x00000002   PAD
    0x000001e8   0x000001e8   0x00000084   Code   RO          124    .text.InitSPI       nokia5110.o
    0x0000026c   0x0000026c   0x00000018   Code   RO           85    .text.PIT_IRQHandler  pit.o
    0x00000284   0x00000284   0x0000005c   Code   RO           75    .text.PIT_Init_Generator  pit.o
    0x000002e0   0x000002e0   0x0000004c   Code   RO          181    .text.SystemInit    system_mkl05z4.o
    0x0000032c   0x0000032c   0x0000007c   Code   RO          154    .text.TPM0_IRQHandler  speaker.o
    0x000003a8   0x000003a8   0x00000008   Code   RO          104    .text.TPM1_GetVal   hc_sr04.o
    0x000003b0   0x000003b0   0x00000028   Code   RO          106    .text.TPM1_IRQHandler  hc_sr04.o
    0x000003d8   0x000003d8   0x0000000c   Code   RO           79    .text.__NVIC_ClearPendingIRQ  pit.o
    0x000003e4   0x000003e4   0x0000000c   Code   RO          100    .text.__NVIC_ClearPendingIRQ  hc_sr04.o
    0x000003f0   0x000003f0   0x00000010   Code   RO          146    .text.__NVIC_ClearPendingIRQ  speaker.o
    0x00000400   0x00000400   0x00000010   Code   RO          171    .ARM.__at_0x400     startup_mkl05z4.o
    0x00000410   0x00000410   0x0000007c   Code   RO          142    .text.TPM0_Init_PCM  speaker.o
    0x0000048c   0x0000048c   0x00000060   Code   RO           96    .text.TPM1_Init_InputCapture  hc_sr04.o
    0x000004ec   0x000004ec   0x00000030   Code   RO          108    .text.TRIG_GPIO_Init  hc_sr04.o
    0x0000051c   0x0000051c   0x00000028   Code   RO          110    .text.TRIG_inpulse  hc_sr04.o
    0x00000544   0x00000544   0x0000000c   Code   RO           81    .text.__NVIC_EnableIRQ  pit.o
    0x00000550   0x00000550   0x0000000c   Code   RO          102    .text.__NVIC_EnableIRQ  hc_sr04.o
    0x0000055c   0x0000055c   0x00000010   Code   RO          148    .text.__NVIC_EnableIRQ  speaker.o
    0x0000056c   0x0000056c   0x00000018   Code   RO           77    .text.__NVIC_SetPriority  pit.o
    0x00000584   0x00000584   0x00000014   Code   RO           98    .text.__NVIC_SetPriority  hc_sr04.o
    0x00000598   0x00000598   0x00000018   Code   RO          144    .text.__NVIC_SetPriority  speaker.o
    0x000005b0   0x000005b0   0x00000010   Code   RO          152    .text.change_wave_period  speaker.o
    0x000005c0   0x000005c0   0x00000034   Code   RO          112    .text.delay_ms      hc_sr04.o
    0x000005f4   0x000005f4   0x00000028   Code   RO          130    .text.lcd_cmd       nokia5110.o
    0x0000061c   0x0000061c   0x00000034   Code   RO          132    .text.lcd_data      nokia5110.o
    0x00000650   0x00000650   0x00000020   Code   RO          126    .text.lcd_reset     nokia5110.o
    0x00000670   0x00000670   0x00000070   Code   RO           60    .text.main          main.o
    0x000006e0   0x000006e0   0x0000001c   Code   RO          128    .text.spi_send      nokia5110.o
    0x000006fc   0x000006fc   0x000001f6   Code   RO          196    .text_divfast       c_p.l(aeabi_sdivfast.o)
    0x000008f2   0x000008f2   0x000001f8   Data   RO           66    .rodata.logo_mini_mono  main.o
    0x00000aea   0x00000aea   0x00000002   PAD
    0x00000aec   0x00000aec   0x00001774   Data   RO          160    .rodata.music       speaker.o
    0x00002260   0x00002260   0x00000010   Data   RO          379    Region$$Table       anon$$obj.o


    Execution Region RW_IRAM1 (Exec base: 0x1ffffc00, Load base: 0x00002270, Size: 0x00000178, Max: 0x00001000, ABSOLUTE)

    Exec Addr    Load Addr    Size         Type   Attr      Idx    E Section Name        Object

    0x1ffffc00        -       0x00000060   Zero   RW          245    .bss                c_p.l(libspace.o)
    0x1ffffc60        -       0x00000001   Zero   RW           87    .bss.pitEnabled     pit.o
    0x1ffffc61   0x00002270   0x00000001   PAD
    0x1ffffc62        -       0x00000002   Zero   RW          156    .bss.sampleCNT      speaker.o
    0x1ffffc64        -       0x00000002   Zero   RW          114    .bss.tpm0Diff       hc_sr04.o
    0x1ffffc66        -       0x00000002   Zero   RW          115    .bss.tpm0New        hc_sr04.o
    0x1ffffc68        -       0x00000002   Zero   RW          158    .bss.upSampleCNT    speaker.o
    0x1ffffc6a   0x00002270   0x00000002   PAD
    0x1ffffc6c        -       0x00000004   Zero   RW          159    .bss.wait_counter   speaker.o
    0x1ffffc70        -       0x00000004   Zero   RW          157    .bss.wave_period    speaker.o
    0x1ffffc74   0x00002270   0x00000004   PAD
    0x1ffffc78        -       0x00000000   Zero   RW          169    HEAP                startup_mkl05z4.o
    0x1ffffc78        -       0x00000100   Zero   RW          168    STACK               startup_mkl05z4.o


==============================================================================

Image component sizes


      Code (inc. data)   RO Data    RW Data    ZI Data      Debug   Object Name

       328         44          0          0          4       4599   hc_sr04.o
       112          4        504          0          0        760   main.o
       284         24          0          0          0       2727   nokia5110.o
       164         28          0          0          1       3830   pit.o
       320         48       6004          0         12       4382   speaker.o
        68         38        192          0        256        812   startup_mkl05z4.o
        76         16          0          0          0       2309   system_mkl05z4.o

    ----------------------------------------------------------------------
      1352        202       6718          0        280      19419   Object Totals
         0          0         16          0          0          0   (incl. Generated)
         0          0          2          0          7          0   (incl. Padding)

    ----------------------------------------------------------------------

      Code (inc. data)   RO Data    RW Data    ZI Data      Debug   Library Member Name

         8          0          0          0          0         68   __main.o
         0          0          0          0          0          0   __rtentry.o
        12          0          0          0          0          0   __rtentry2.o
         6          0          0          0          0          0   __rtentry4.o
        60          8          0          0          0          0   __scatter.o
        28          0          0          0          0          0   __scatter_zi.o
       502          0          0          0          0         92   aeabi_sdivfast.o
        16          0          0          0          0         68   exit.o
         6          0          0          0          0        136   heapauxi.o
         0          0          0          0          0          0   indicate_semi.o
         2          0          0          0          0          0   libinit.o
         2          0          0          0          0          0   libinit2.o
         2          0          0          0          0          0   libshutdown.o
         2          0          0          0          0          0   libshutdown2.o
         8          4          0          0         96         68   libspace.o
         2          0          0          0          0          0   rtexit.o
        10          0          0          0          0          0   rtexit2.o
        12          4          0          0          0         60   sys_exit.o
        62          0          0          0          0         80   sys_stackheap_outer.o
         2          0          0          0          0         68   use_no_semi.o

    ----------------------------------------------------------------------
       746         16          0          0         96        640   Library Totals
         4          0          0          0          0          0   (incl. Padding)

    ----------------------------------------------------------------------

      Code (inc. data)   RO Data    RW Data    ZI Data      Debug   Library Name

       742         16          0          0         96        640   c_p.l

    ----------------------------------------------------------------------
       746         16          0          0         96        640   Library Totals

    ----------------------------------------------------------------------

==============================================================================


      Code (inc. data)   RO Data    RW Data    ZI Data      Debug   

      2098        218       6718          0        376      19767   Grand Totals
      2098        218       6718          0        376      19767   ELF Image Totals
      2098        218       6718          0          0          0   ROM Totals

==============================================================================

    Total RO  Size (Code + RO Data)                 8816 (   8.61kB)
    Total RW  Size (RW Data + ZI Data)               376 (   0.37kB)
    Total ROM Size (Code + RO Data + RW Data)       8816 (   8.61kB)

==============================================================================

